// Jest Snapshot v1, https://goo.gl/fbAQLP

exports[`ResourceCenter Should render resource center properly 1`] = `
<div>
  <div
    class="resourceCenter"
  >
    <div
      class="Layout--vertical StyledProps--main allregions StyledProps--flex StyledProps--flex-alignItems-baseline"
    >
      <p
        class="StyledProps--font StyledProps--main StyledProps--color StyledProps--color-white StyledProps--padding-bottom-medium"
      >
        resourceCenter.title
      </p>
      <img
        height="106"
        src="test-file-stub"
      />
    </div>
    <div
      class="Layout--vertical StyledProps--main allregions middleregion"
    >
      <div
        class="Layout--horizontal StyledProps--main myticket StyledProps--padding-bottom-medium StyledProps--flex StyledProps--flex-justifyContent-space-between"
      >
        <div
          class="Layout--vertical StyledProps--main"
        >
          <p
            class="StyledProps--font StyledProps--main StyledProps--font-weight-semi-bold StyledProps--font-size-medium StyledProps--padding-bottom-xsmall StyledProps--color StyledProps--color-primary3"
          >
            resourceCenter.ticketmenu.tickets
          </p>
          <p
            class="StyledProps--font StyledProps--main text StyledProps--font-variation-body2 StyledProps--padding-bottom-xsmall StyledProps--color StyledProps--color-white"
          >
            resourceCenter.ticketmenu.ticketsDesc
          </p>
        </div>
        <span
          class="bp3-icon bp3-icon-chevron-right StyledProps--main"
          icon="chevron-right"
          style="width: 6px; height: 12px;"
        >
          <svg
            data-icon="chevron-right"
            height="16"
            viewBox="0 0 16 16"
            width="16"
          >
            <desc>
              chevron-right
            </desc>
            <path
              d="M10.71 7.29l-4-4a1.003 1.003 0 00-1.42 1.42L8.59 8 5.3 11.29c-.19.18-.3.43-.3.71a1.003 1.003 0 001.71.71l4-4c.18-.18.29-.43.29-.71 0-.28-.11-.53-.29-.71z"
              fill-rule="evenodd"
            />
          </svg>
        </span>
      </div>
      <div
        class="Layout--horizontal StyledProps--main StyledProps--padding-top-medium StyledProps--flex StyledProps--flex-justifyContent-space-between"
      >
        <div
          class="Layout--vertical StyledProps--main"
        >
          <p
            class="StyledProps--font StyledProps--main StyledProps--font-weight-semi-bold StyledProps--font-size-medium StyledProps--padding-bottom-xsmall StyledProps--color StyledProps--color-primary3"
          >
            resourceCenter.ticketmenu.submit
          </p>
          <p
            class="StyledProps--font StyledProps--main text StyledProps--font-variation-body2 StyledProps--padding-bottom-xsmall StyledProps--color StyledProps--color-white"
          >
            resourceCenter.ticketmenu.submitDesc
          </p>
        </div>
        <span
          class="bp3-icon bp3-icon-chevron-right StyledProps--main"
          icon="chevron-right"
          style="width: 6px; height: 12px;"
        >
          <svg
            data-icon="chevron-right"
            height="16"
            viewBox="0 0 16 16"
            width="16"
          >
            <desc>
              chevron-right
            </desc>
            <path
              d="M10.71 7.29l-4-4a1.003 1.003 0 00-1.42 1.42L8.59 8 5.3 11.29c-.19.18-.3.43-.3.71a1.003 1.003 0 001.71.71l4-4c.18-.18.29-.43.29-.71 0-.28-.11-.53-.29-.71z"
              fill-rule="evenodd"
            />
          </svg>
        </span>
      </div>
    </div>
    <div
      class="Layout--vertical StyledProps--main allregions"
    >
      <p
        class="StyledProps--font StyledProps--main text StyledProps--font-weight-semi-bold StyledProps--padding-bottom-medium StyledProps--color StyledProps--color-white"
      >
        resourceCenter.bottomlayout.desc
      </p>
      <div
        class="Layout--horizontal StyledProps--main StyledProps--flex StyledProps--flex-justifyContent-space-around"
      >
        <a
          href="resourceCenter.bottomlayout.search.link"
          rel="noreferrer"
          target="_blank"
        >
          <div
            class="Layout--vertical Layout--layout-spacing-small StyledProps--main bottombutton StyledProps--flex StyledProps--flex-align-center-center StyledProps--padding-small"
          >
            <span
              class="bp3-icon bp3-icon-resourceCenter.bottomlayout.search.icon StyledProps--main"
              icon="resourceCenter.bottomlayout.search.icon"
            >
              <svg
                data-icon="resourceCenter.bottomlayout.search.icon"
                height="24"
                viewBox="0 0 20 20"
                width="24"
              >
                <desc>
                  resourceCenter.bottomlayout.search.icon
                </desc>
              </svg>
            </span>
            <p
              class="StyledProps--font StyledProps--main text StyledProps--font-variation-body2 StyledProps--padding-bottom-xsmall StyledProps--color StyledProps--color-primary3"
            >
              search
            </p>
          </div>
        </a>
        <a
          href="resourceCenter.bottomlayout.docs.link"
          rel="noreferrer"
          target="_blank"
        >
          <div
            class="Layout--vertical Layout--layout-spacing-small StyledProps--main bottombutton StyledProps--flex StyledProps--flex-align-center-center StyledProps--padding-small"
          >
            <span
              class="bp3-icon bp3-icon-resourceCenter.bottomlayout.docs.icon StyledProps--main"
              icon="resourceCenter.bottomlayout.docs.icon"
            >
              <svg
                data-icon="resourceCenter.bottomlayout.docs.icon"
                height="24"
                viewBox="0 0 20 20"
                width="24"
              >
                <desc>
                  resourceCenter.bottomlayout.docs.icon
                </desc>
              </svg>
            </span>
            <p
              class="StyledProps--font StyledProps--main text StyledProps--font-variation-body2 StyledProps--padding-bottom-xsmall StyledProps--color StyledProps--color-primary3"
            >
              resourceCenter.bottomlayout.docs.text
            </p>
          </div>
        </a>
        <a
          href="resourceCenter.bottomlayout.community.link"
          rel="noreferrer"
          target="_blank"
        >
          <div
            class="Layout--vertical Layout--layout-spacing-small StyledProps--main bottombutton StyledProps--flex StyledProps--flex-align-center-center StyledProps--padding-small"
          >
            <span
              class="bp3-icon bp3-icon-resourceCenter.bottomlayout.community.icon StyledProps--main"
              icon="resourceCenter.bottomlayout.community.icon"
            >
              <svg
                data-icon="resourceCenter.bottomlayout.community.icon"
                height="24"
                viewBox="0 0 20 20"
                width="24"
              >
                <desc>
                  resourceCenter.bottomlayout.community.icon
                </desc>
              </svg>
            </span>
            <p
              class="StyledProps--font StyledProps--main text StyledProps--font-variation-body2 StyledProps--padding-bottom-xsmall StyledProps--color StyledProps--color-primary3"
            >
              authSettings.cdCommunityPlan.communityTitle
            </p>
          </div>
        </a>
        <a
          href="resourceCenter.bottomlayout.sitestatus.link"
          rel="noreferrer"
          target="_blank"
        >
          <div
            class="Layout--vertical Layout--layout-spacing-small StyledProps--main bottombutton StyledProps--flex StyledProps--flex-align-center-center StyledProps--padding-small"
          >
            <span
              class="bp3-icon bp3-icon-resourceCenter.bottomlayout.sitestatus.icon StyledProps--main"
              icon="resourceCenter.bottomlayout.sitestatus.icon"
            >
              <svg
                data-icon="resourceCenter.bottomlayout.sitestatus.icon"
                height="24"
                viewBox="0 0 20 20"
                width="24"
              >
                <desc>
                  resourceCenter.bottomlayout.sitestatus.icon
                </desc>
              </svg>
            </span>
            <p
              class="StyledProps--font StyledProps--main text StyledProps--font-variation-body2 StyledProps--padding-bottom-xsmall StyledProps--color StyledProps--color-primary3"
            >
              resourceCenter.bottomlayout.sitestatus.text
            </p>
          </div>
        </a>
      </div>
    </div>
  </div>
</div>
`;
