// Jest Snapshot v1, https://goo.gl/fbAQLP

exports[`MultiTypeSelectorButton it should display the EXPRESSION icon in the button when set as type 1`] = `
<svg
  height="16"
  viewBox="0 0 16 16"
  width="16"
  xmlns="http://www.w3.org/2000/svg"
>
  <path
    clip-rule="evenodd"
    d="M4.875 2.588C5.305 2.218 5.889 2 6.647 2a.5.5 0 1 1 0 1c-.556 0-.898.155-1.12.346-.228.197-.374.472-.462.784a3.18 3.18 0 0 0-.106.86h1.449a.5.5 0 0 1 0 1H4.992v5.505a.5.5 0 0 1-1 0V5.99h-.936a.5.5 0 0 1 0-1h.903a4.173 4.173 0 0 1 .143-1.13c.123-.435.35-.907.773-1.27Zm.111 2.823c0 .001 0 .001 0 0m0 0ZM12.045 10.43c-.242.268-.455.59-.553.786-.17.341-.472.705-.766.994-.285.281-.635.565-.932.684a.5.5 0 1 1-.371-.929c.102-.04.335-.204.6-.467.258-.253.475-.528.575-.729.142-.283.407-.68.704-1.009.15-.165.32-.33.5-.456.168-.118.406-.248.68-.248a.5.5 0 0 1 .013 1c-.004.002-.042.012-.118.066-.097.068-.211.174-.332.307Z"
    fill="#CurrentColor"
    fill-rule="evenodd"
  />
  <path
    clip-rule="evenodd"
    d="M10.045 10.43c.242.268.455.59.553.786.17.341.473.705.766.994.285.281.635.565.932.684a.5.5 0 1 0 .372-.929c-.103-.04-.335-.204-.602-.467-.257-.253-.473-.528-.574-.729a5.003 5.003 0 0 0-.704-1.009c-.149-.165-.32-.33-.5-.456-.168-.118-.406-.248-.68-.248a.5.5 0 0 0-.012 1c.003.002.041.012.118.066a2.1 2.1 0 0 1 .33.307Z"
    fill="#CurrentColor"
    fill-rule="evenodd"
  />
  <path
    clip-rule="evenodd"
    d="M8.367 7.805a.5.5 0 0 1 .186.682c-.854 1.494-.652 3.467.013 4.797a.5.5 0 1 1-.895.447c-.771-1.543-1.049-3.881.013-5.74a.5.5 0 0 1 .683-.186Zm5.273 0a.5.5 0 0 1 .683.186c1.062 1.859.784 4.197.013 5.74a.5.5 0 1 1-.895-.447c.665-1.33.867-3.303.013-4.797a.5.5 0 0 1 .186-.682Z"
    fill="currentColor"
    fill-rule="evenodd"
  />
</svg>
`;

exports[`MultiTypeSelectorButton it should display the FIXED icon in the button when set as type 1`] = `
<svg
  height="12"
  viewBox="0 0 9 9"
  width="12"
  xmlns="http://www.w3.org/2000/svg"
>
  <path
    d="m5.61 7.55c.62-.7.3-1.42.18-2.35a.32.32 0 0 1 .1-.29l1.43-1.42a.76.76 0 0 1 .28-.15c.39-.1 1 0 1.28-.29a.34.34 0 0 0 0-.51l-2.42-2.42a.33.33 0 0 0 -.52 0c-.28.29-.2.9-.28 1.3a.53.53 0 0 1 -.13.23l-1.44 1.47a.29.29 0 0 1 -.28.09c-.89-.11-1.6-.49-2.27.11-.29.26-.29.43 0 .7l1.31 1.34.15.16-.15.15-2.7 2.69a.36.36 0 0 0 0 .54.36.36 0 0 0 .54-.05l2.63-2.68.17-.17.17.16c.45.46.9.91 1.36 1.36.21.21.42.22.59.03z"
    fill="currentColor"
  />
</svg>
`;

exports[`MultiTypeSelectorButton it should display the RUNTIME icon in the button when set as type 1`] = `
<svg
  height="12"
  viewBox="0 0 10 7.97"
  width="12"
  xmlns="http://www.w3.org/2000/svg"
>
  <path
    d="m8.14 4-.14-.28a2.53 2.53 0 0 1 -.12-.3l-.16-.35c-.11-.25-.22-.38-.32-.38s-.28.15-.37.44c-.03-.03-.03-.06-.03-.13a.73.73 0 0 1 .24-.46.66.66 0 0 1 .42-.26c.25 0 .5.35.76 1.05l.07.17.07-.12c.47-.73.86-1.1 1.18-1.1a.71.71 0 0 1 .29.07l-.4.42h-.11c-.24 0-.52.28-.86.83l-.09.16.07.2c.29.79.53 1.18.71 1.18s.31-.12.4-.36q.09.06.09.12t-.27.39a.74.74 0 0 1 -.45.23c-.25 0-.51-.36-.77-1.07l-.12-.25-.1.17c-.44.76-.87 1.14-1.28 1.14a.65.65 0 0 1 -.39-.12l.38-.39a.32.32 0 0 0 .23.1c.25 0 .53-.25.83-.74l.17-.28zm-4-.32-2.44-3.09h2.47s.83-.07 1.18.41a3.28 3.28 0 0 1 .42 1.14h.31l-.14-2.14h-5.94v.31l3.06 3.74-3.06 3.57v.38h6.08l.38-2.36-.31-.07a2.43 2.43 0 0 1 -.52 1c-.42.48-2 .41-2 .41h-2.24z"
    fill="current-color"
  />
</svg>
`;
