// Jest Snapshot v1, https://goo.gl/fbAQLP

exports[`Base Path should render 1`] = `
<div>
  <div>
    <div
      class="bp3-form-group basePathDropdown"
    >
      <div
        class="bp3-form-content"
      >
        <div
          class="bp3-popover-wrapper Select--main bp3-fill"
        >
          <div
            class="bp3-popover-target"
          >
            <div
              class="bp3-input-group"
            >
              <input
                autocomplete="off"
                class="bp3-input"
                name="basePath"
                placeholder="- cv.monitoringSources.appD.basePathPlaceholder -"
                style="padding-right: 0px;"
                type="text"
                value="overall performane"
              />
              <span
                class="bp3-input-action"
              >
                <span
                  class="bp3-icon StyledProps--main StyledProps--padding-top-small StyledProps--padding-right-xsmall StyledProps--padding-bottom-small"
                  data-icon="main-delete"
                >
                  <svg
                    enable-background="new 0 0 14 14"
                    height="14"
                    viewBox="0 0 14 14"
                    width="14"
                    xmlns="http://www.w3.org/2000/svg"
                  >
                    <path
                      d="m10.5 4.2c0-.4-.3-.7-.7-.7-.2 0-.4.1-.5.2l-2.3 2.3-2.3-2.3c-.1-.1-.3-.2-.5-.2-.4 0-.7.3-.7.7 0 .2.1.4.2.5l2.3 2.3-2.3 2.3c-.1.1-.2.3-.2.5 0 .4.3.7.7.7.2 0 .4-.1.5-.2l2.3-2.3 2.3 2.3c.1.1.3.2.5.2.4 0 .7-.3.7-.7 0-.2-.1-.4-.2-.5l-2.3-2.3 2.3-2.3c.1-.1.2-.3.2-.5zm-3.5-4.2c-3.9 0-7 3.1-7 7s3.1 7 7 7 7-3.1 7-7-3.1-7-7-7zm0 12.6c-3.1 0-5.6-2.5-5.6-5.6s2.5-5.6 5.6-5.6 5.6 2.5 5.6 5.6-2.5 5.6-5.6 5.6z"
                      fill="#4d5969"
                    />
                  </svg>
                </span>
                <span
                  class="bp3-icon bp3-icon-chevron-down StyledProps--main StyledProps--padding-small"
                  icon="chevron-down"
                >
                  <svg
                    data-icon="chevron-down"
                    height="14"
                    viewBox="0 0 16 16"
                    width="14"
                  >
                    <desc>
                      chevron-down
                    </desc>
                    <path
                      d="M12 5c-.28 0-.53.11-.71.29L8 8.59l-3.29-3.3a1.003 1.003 0 00-1.42 1.42l4 4c.18.18.43.29.71.29s.53-.11.71-.29l4-4A1.003 1.003 0 0012 5z"
                      fill-rule="evenodd"
                    />
                  </svg>
                </span>
              </span>
            </div>
          </div>
        </div>
      </div>
    </div>
    <div
      class="bp3-form-group basePathDropdown"
    >
      <div
        class="bp3-form-content"
      >
        <div
          class="bp3-popover-wrapper Select--main bp3-fill"
        >
          <div
            class="bp3-popover-target"
          >
            <div
              class="bp3-input-group"
            >
              <input
                autocomplete="off"
                class="bp3-input"
                name="basePath"
                placeholder="- cv.monitoringSources.appD.basePathPlaceholder -"
                style="padding-right: 0px;"
                type="text"
                value="cvng"
              />
              <span
                class="bp3-input-action"
              >
                <span
                  class="bp3-icon StyledProps--main StyledProps--padding-top-small StyledProps--padding-right-xsmall StyledProps--padding-bottom-small"
                  data-icon="main-delete"
                >
                  <svg
                    enable-background="new 0 0 14 14"
                    height="14"
                    viewBox="0 0 14 14"
                    width="14"
                    xmlns="http://www.w3.org/2000/svg"
                  >
                    <path
                      d="m10.5 4.2c0-.4-.3-.7-.7-.7-.2 0-.4.1-.5.2l-2.3 2.3-2.3-2.3c-.1-.1-.3-.2-.5-.2-.4 0-.7.3-.7.7 0 .2.1.4.2.5l2.3 2.3-2.3 2.3c-.1.1-.2.3-.2.5 0 .4.3.7.7.7.2 0 .4-.1.5-.2l2.3-2.3 2.3 2.3c.1.1.3.2.5.2.4 0 .7-.3.7-.7 0-.2-.1-.4-.2-.5l-2.3-2.3 2.3-2.3c.1-.1.2-.3.2-.5zm-3.5-4.2c-3.9 0-7 3.1-7 7s3.1 7 7 7 7-3.1 7-7-3.1-7-7-7zm0 12.6c-3.1 0-5.6-2.5-5.6-5.6s2.5-5.6 5.6-5.6 5.6 2.5 5.6 5.6-2.5 5.6-5.6 5.6z"
                      fill="#4d5969"
                    />
                  </svg>
                </span>
                <span
                  class="bp3-icon bp3-icon-chevron-down StyledProps--main StyledProps--padding-small"
                  icon="chevron-down"
                >
                  <svg
                    data-icon="chevron-down"
                    height="14"
                    viewBox="0 0 16 16"
                    width="14"
                  >
                    <desc>
                      chevron-down
                    </desc>
                    <path
                      d="M12 5c-.28 0-.53.11-.71.29L8 8.59l-3.29-3.3a1.003 1.003 0 00-1.42 1.42l4 4c.18.18.43.29.71.29s.53-.11.71-.29l4-4A1.003 1.003 0 0012 5z"
                      fill-rule="evenodd"
                    />
                  </svg>
                </span>
              </span>
            </div>
          </div>
        </div>
      </div>
    </div>
  </div>
</div>
`;
