// Jest Snapshot v1, https://goo.gl/fbAQLP

exports[`StageAdvancedInputSetForm tests viewType DeploymentForm initial render 1`] = `
<div>
  <div
    class="OverlaySpinner--overlaySpinner"
  >
    <form
      action="#"
    >
      <div
        class="accordionSummary"
        id="Stage.undefined.Advanced"
      >
        <div
          class="inputheader"
        >
          advancedTitle
        </div>
        <div
          class="nestedAccordions formGroup md"
        >
          <div
            class="StyledProps--font StyledProps--main StyledProps--margin-bottom-medium"
          >
            <div
              class="Layout--vertical StyledProps--main StyledProps--flex StyledProps--flex-alignItems-flex-start"
            >
              <p
                class="StyledProps--font StyledProps--main conditionalExecutionTitle StyledProps--color StyledProps--color-grey600 StyledProps--margin-bottom-small StyledProps--font-weight-semi-bold"
              >
                pipeline.conditionalExecution.title
              </p>
              <p
                class="StyledProps--font StyledProps--main StyledProps--color StyledProps--color-grey500 StyledProps--margin-bottom-small StyledProps--font-size-small"
                style="width: 85%;"
              >
                pipeline.conditionalExecution.conditionLabel
              </p>
              <div
                class="StyledProps--font StyledProps--main"
                style="width: 100%;"
              >
                <div
                  class="StyledProps--font StyledProps--main conditionInputContainer"
                >
                  <div
                    class="Layout--horizontal StyledProps--main MultiTypeInput--main"
                    style="flex-grow: 1;"
                  >
                    <div
                      class="StyledProps--font StyledProps--main"
                      style="flex-grow: 1;"
                    >
                      <div
                        class="main"
                      >
                        <textarea
                          name="stages[1].stage.when.condition"
                        />
                      </div>
                    </div>
                  </div>
                </div>
              </div>
            </div>
          </div>
        </div>
      </div>
    </form>
  </div>
</div>
`;
