// Jest Snapshot v1, https://goo.gl/fbAQLP

exports[`<CDExecutionCardSummary /> tests snapshot test 1`] = `
<div>
  <div
    class="Layout--horizontal Layout--layout-spacing-medium StyledProps--main"
  >
    <div
      class="cardSummary"
    >
      <div>
        No valid template with id "pipeline.executionList.servicesDeployedText" found in any namespace
      </div>
      <div
        class="main service"
      >
        <span
          class="bp3-icon StyledProps--main servicesIcon"
          data-icon="services"
        >
          <svg
            height="18"
            viewBox="0 0 16 16"
            width="18"
            xmlns="http://www.w3.org/2000/svg"
          >
            <path
              clip-rule="evenodd"
              d="M6.74 2.098a.6.6 0 0 1 .6-.6h1.2a.6.6 0 0 1 .6.6v1.4c.384.104.747.255 1.083.448l.996-.993a.6.6 0 0 1 .847 0l.85.847a.6.6 0 0 1 0 .85l-.993.99c.191.333.342.692.445 1.071h1.408a.6.6 0 0 1 .6.6v1.2a.6.6 0 0 1-.6.6h-1.408a4.54 4.54 0 0 1-.447 1.073l.994.99a.6.6 0 0 1 0 .85l-.85.846a.6.6 0 0 1-.848 0l-.996-.992a4.574 4.574 0 0 1-1.08.445v1.401a.6.6 0 0 1-.6.6h-1.2a.6.6 0 0 1-.6-.6v-1.4a4.573 4.573 0 0 1-1.082-.447l-.996.992a.6.6 0 0 1-.847 0l-.85-.846a.6.6 0 0 1 0-.85l.993-.99a4.536 4.536 0 0 1-.447-1.072H2.106a.6.6 0 0 1-.6-.6v-1.2a.6.6 0 0 1 .6-.6h1.406c.103-.379.254-.739.446-1.072l-.993-.989a.6.6 0 0 1 0-.85l.85-.847a.6.6 0 0 1 .847 0l.996.992c.336-.192.7-.343 1.083-.446V2.098Zm.8.2v1.353a.607.607 0 0 1-.47.59c-.402.094-.78.252-1.122.462a.607.607 0 0 1-.747-.084L4.24 3.66l-.567.565.96.956a.607.607 0 0 1 .084.75c-.21.339-.368.713-.463 1.111a.607.607 0 0 1-.588.47h-1.36v.8h1.36c.29 0 .526.204.588.468.095.399.253.773.463 1.112a.607.607 0 0 1-.084.75l-.96.955.567.565.963-.959a.607.607 0 0 1 .747-.084c.341.21.719.369 1.121.463.265.061.47.297.47.589v1.353h.8v-1.353c0-.291.206-.527.47-.59a3.773 3.773 0 0 0 1.121-.462.607.607 0 0 1 .747.085l.963.959.567-.565-.96-.955a.607.607 0 0 1-.084-.75c.21-.34.369-.714.463-1.113a.607.607 0 0 1 .59-.469h1.359v-.8h-1.36a.607.607 0 0 1-.589-.469 3.735 3.735 0 0 0-.462-1.11.607.607 0 0 1 .085-.75l.96-.957-.567-.564-.963.959a.607.607 0 0 1-.747.084A3.773 3.773 0 0 0 8.81 4.24a.607.607 0 0 1-.47-.59V2.298h-.8ZM8.016 6.1a1.9 1.9 0 1 0 0 3.8 1.9 1.9 0 0 0 0-3.8ZM5.315 8a2.7 2.7 0 1 1 5.4 0 2.7 2.7 0 0 1-5.4 0Z"
              fill="currentColor"
              fill-rule="evenodd"
            />
          </svg>
        </span>
        <div
          class="servicesList"
        >
          <div
            class="bp3-popover-wrapper serviceWrapper"
          >
            <div
              class="bp3-popover-target"
            >
              <div
                class="serviceName"
                tabindex="0"
              >
                todolist
              </div>
            </div>
          </div>
          <div
            class="bp3-popover-wrapper serviceWrapper"
          >
            <div
              class="bp3-popover-target"
            >
              <div
                class="serviceName"
                tabindex="0"
              >
                service1
              </div>
            </div>
          </div>
        </div>
      </div>
    </div>
    <div
      class="cardSummary"
    >
      <div>
        No valid template with id "pipeline.executionList.EnvironmentsText" found in any namespace
      </div>
      <div
        class="main environment"
      >
        <div
          class="environments"
        >
          <span
            class="bp3-icon StyledProps--main envIcon"
            data-icon="environments"
          >
            <svg
              fill="none"
              height="14"
              viewBox="0 0 15 14"
              width="14"
              xmlns="http://www.w3.org/2000/svg"
            >
              <path
                d="M12.6879 10.5302C12.3688 10.5326 12.058 10.6323 11.7971 10.816C11.5361 10.9996 11.3374 11.2584 11.2273 11.558H9.02754C8.93717 11.26 8.7747 10.989 8.55454 10.7688C8.33438 10.5486 8.06331 10.3862 7.76536 10.2958V9.06967C9.53242 8.99754 11.2634 8.43858 11.2634 7.35671V1.80311C11.2634 1.78508 11.2634 1.74902 11.2634 1.73099C11.2634 0.540934 9.22589 0 7.31459 0C5.40328 0 3.36576 0.540934 3.36576 1.73099C3.36576 1.74902 3.36576 1.78508 3.36576 1.80311V7.35671C3.36576 8.40251 4.98857 8.96148 6.6835 9.06967V10.2958C6.38555 10.3862 6.11448 10.5486 5.89432 10.7688C5.67416 10.989 5.51169 11.26 5.42132 11.558H3.0412C2.91417 11.2122 2.66948 10.9221 2.35002 10.7386C2.03056 10.5551 1.65671 10.4899 1.294 10.5544C0.931285 10.6189 0.60285 10.8091 0.366255 11.0914C0.12966 11.3738 0 11.7305 0 12.0989C0 12.4673 0.12966 12.824 0.366255 13.1063C0.60285 13.3887 0.931285 13.5789 1.294 13.6434C1.65671 13.7079 2.03056 13.6427 2.35002 13.4592C2.66948 13.2757 2.91417 12.9856 3.0412 12.6398H5.42132C5.53325 13.0317 5.76979 13.3764 6.09513 13.6218C6.42047 13.8672 6.8169 14 7.22443 14C7.63196 14 8.02839 13.8672 8.35373 13.6218C8.67907 13.3764 8.91561 13.0317 9.02754 12.6398H11.2273C11.3264 12.9095 11.4976 13.1468 11.7223 13.3258C11.947 13.5048 12.2166 13.6187 12.5016 13.655C12.7865 13.6913 13.076 13.6486 13.3384 13.5317C13.6008 13.4147 13.8261 13.228 13.9896 12.9918C14.1531 12.7556 14.2487 12.479 14.2658 12.1922C14.2829 11.9054 14.2209 11.6195 14.0866 11.3655C13.9523 11.1116 13.7508 10.8993 13.5042 10.752C13.2575 10.6047 12.9751 10.528 12.6879 10.5302ZM4.46566 2.95711C5.241 3.28167 6.30484 3.44395 7.33262 3.44395C8.36039 3.44395 9.42423 3.28167 10.1996 2.95711V4.45369C10.0734 4.65204 9.09967 5.12084 7.33262 5.12084C5.56556 5.12084 4.57385 4.65204 4.46566 4.45369V2.95711ZM4.46566 7.32064V5.71587C5.241 6.04043 6.30484 6.20271 7.33262 6.20271C8.36039 6.20271 9.42423 6.04043 10.1996 5.71587V7.32064C10.0734 7.51899 9.09967 7.9878 7.33262 7.9878C5.56556 7.9878 4.57385 7.53702 4.46566 7.33868V7.32064Z"
                fill="currentColor"
              />
            </svg>
          </span>
          <p
            class="StyledProps--font StyledProps--main"
          >
            UAT
          </p>
        </div>
      </div>
    </div>
  </div>
</div>
`;
