// Jest Snapshot v1, https://goo.gl/fbAQLP

exports[`<TemplateSettingsModal /> tests should match snapshot 1`] = `
<div>
  <div
    class="Layout--horizontal StyledProps--main"
    style="flex-grow: 1;"
  >
    <div
      class="StyledProps--font StyledProps--main basicDetails StyledProps--background-form StyledProps--padding-huge"
      style="width: 55%;"
    >
      <p
        class="StyledProps--font StyledProps--main StyledProps--color StyledProps--color-grey800 StyledProps--font-weight-bold StyledProps--font-size-medium StyledProps--margin-bottom-xlarge"
      >
        templatesLibrary.templateSettings
      </p>
      <div
        class="OverlaySpinner--overlaySpinner"
      >
        <form
          class="FormikForm--main"
        >
          <div>
            <div
              class="Layout--vertical Layout--layout-spacing-huge StyledProps--main"
            >
              <div
                class="StyledProps--font StyledProps--main"
              >
                <div
                  class="Layout--vertical StyledProps--main"
                >
                  <div
                    class="InputWithIdentifier--txtNameContainer TextInput--main"
                  >
                    <div
                      class="Layout--horizontal Layout--layout-spacing-xsmall StyledProps--main InputWithIdentifier--txtIdContainer"
                    >
                      <div
                        class="Text--withDocsTooltip"
                        data-tooltip-id="createStepTemplate_identifier"
                      >
                        <p
                          class="StyledProps--font StyledProps--main"
                        >
                          Id
                        </p>
                      </div>
                      <p
                        class="StyledProps--font StyledProps--main"
                      >
                        :
                      </p>
                      <span
                        class="bp3-popover-wrapper"
                      >
                        <span
                          class="bp3-popover-target"
                        >
                          <div
                            class="bp3-editable-text bp3-disabled InputWithIdentifier--idValue"
                          >
                            <span
                              class="bp3-editable-text-content"
                              style="height: 1px; line-height: 1px; min-width: 0;"
                            >
                              manjutesttemplate
                            </span>
                          </div>
                        </span>
                      </span>
                    </div>
                    <div
                      class="bp3-form-group bp3-disabled"
                      data-id="name-0"
                    >
                      <label
                        class="bp3-label"
                        for="name"
                      >
                        <span
                          class="Tooltip--acenter"
                          data-tooltip-id="createStepTemplate_name"
                        >
                          name
                        </span>
                         
                        <span
                          class="bp3-text-muted"
                        />
                      </label>
                      <div
                        class="bp3-form-content"
                      >
                        <div
                          class="bp3-input-group bp3-disabled"
                        >
                          <input
                            autocomplete="off"
                            class="bp3-input"
                            disabled=""
                            name="name"
                            placeholder="common.namePlaceholder"
                            type="text"
                            value="manju-test-template-qq-12344"
                          />
                        </div>
                      </div>
                    </div>
                  </div>
                  <div
                    class="bp3-form-group"
                    data-id="defaultVersion-1"
                  >
                    <label
                      class="bp3-label"
                      for="defaultVersion"
                    >
                      <span
                        class="Tooltip--acenter"
                        data-tooltip-id="createStepTemplate_defaultVersion"
                      >
                        templatesLibrary.templateSettingsModal.defaultVersionLabel
                      </span>
                       
                      <span
                        class="bp3-text-muted"
                      />
                    </label>
                    <div
                      class="bp3-form-content"
                    >
                      <div
                        class="bp3-popover-wrapper Select--main bp3-fill"
                      >
                        <div
                          class="bp3-popover-target"
                        >
                          <div
                            class="bp3-input-group"
                          >
                            <input
                              autocomplete="off"
                              class="bp3-input"
                              name="defaultVersion"
                              placeholder="- Select -"
                              style="padding-right: 0px;"
                              type="text"
                              value="v4"
                            />
                            <span
                              class="bp3-input-action"
                            >
                              <span
                                class="bp3-icon bp3-icon-chevron-down StyledProps--main StyledProps--padding-small"
                                icon="chevron-down"
                              >
                                <svg
                                  data-icon="chevron-down"
                                  height="14"
                                  viewBox="0 0 16 16"
                                  width="14"
                                >
                                  <desc>
                                    chevron-down
                                  </desc>
                                  <path
                                    d="M12 5c-.28 0-.53.11-.71.29L8 8.59l-3.29-3.3a1.003 1.003 0 00-1.42 1.42l4 4c.18.18.43.29.71.29s.53-.11.71-.29l4-4A1.003 1.003 0 0012 5z"
                                    fill-rule="evenodd"
                                  />
                                </svg>
                              </span>
                            </span>
                          </div>
                        </div>
                      </div>
                    </div>
                  </div>
                </div>
              </div>
              <div
                class="StyledProps--font StyledProps--main"
              >
                <div
                  class="Layout--horizontal Layout--layout-spacing-small StyledProps--main StyledProps--flex StyledProps--flex-alignItems-flex-end StyledProps--flex-justifyContent-flex-start"
                >
                  <button
                    class="bp3-button Button--button StyledProps--font StyledProps--main Button--with-current-color Button--variation Button--variation-primary"
                    type="submit"
                  >
                    <span
                      class="bp3-button-text"
                    >
                      save
                    </span>
                  </button>
                  <button
                    class="bp3-button Button--button StyledProps--font StyledProps--main Button--with-current-color Button--variation Button--variation-tertiary"
                    type="button"
                  >
                    <span
                      class="bp3-button-text"
                    >
                      cancel
                    </span>
                  </button>
                </div>
              </div>
            </div>
          </div>
        </form>
      </div>
    </div>
    <div
      class="Layout--horizontal StyledProps--main preview StyledProps--flex StyledProps--flex-alignItems-center StyledProps--flex-justifyContent-center StyledProps--padding-top-huge StyledProps--padding-bottom-huge"
    >
      <div
        class="StyledProps--font StyledProps--main container"
      >
        <div
          class="bp3-card bp3-elevation-0 Card--card templateCard"
        >
          <div />
          <div
            class="StyledProps--font StyledProps--main StyledProps--margin-right-small"
          >
            <div
              class="Layout--horizontal Layout--layout-spacing-small StyledProps--main StyledProps--margin-bottom-small StyledProps--flex"
            >
              <span
                class="bp3-icon StyledProps--main"
                data-icon="harness-with-color"
              >
                <svg
                  height="24"
                  viewBox="0 0 25 25"
                  width="24"
                  xmlns="http://www.w3.org/2000/svg"
                >
                  <path
                    d="m22.9736 8.18585-6.2654-6.30553c-.1103-.11108-1.0951-1.07656-2.5893-1.572117-2.1394-.717703-4.26188-.153793-5.98529 1.572117l-6.26542 6.30553c-.11036.11107-1.069701 1.10219-1.562105 2.60595-.713136 2.1531-.152815 4.2891 1.562105 6.0236l6.26542 6.3055c.11037.1111 1.09517 1.0766 2.58939 1.5807.6112.205 1.214.3076 1.8083.3076 1.5027 0 2.9459-.6408 4.1769-1.8797l6.2654-6.3056c.1104-.111 1.0698-1.1022 1.5622-2.6059.7131-2.1617.1528-4.2977-1.5622-6.03215zm-10.0688-4.4771c.7047.2136 1.231.70061 1.2735.73479l1.8508 1.86261-3.6082 3.63124-3.60811-3.63124 1.85921-1.87115c.5009-.49556 1.1971-1.03384 2.2328-.72625zm-9.21981 8.30485c.21225-.7092.69616-1.2389.73012-1.2816l1.85076-1.86262 3.60813 3.63122-3.60813 3.6313-1.85925-1.8712c-.4924-.5041-1.02726-1.2133-.72163-2.2471zm8.25201 9.2789c-.7046-.2136-1.231-.7006-1.2735-.7348l-1.85071-1.8626 3.60811-3.6313 3.6082 3.6313-1.8593 1.8711c-.5009.4956-1.2055 1.0339-2.2328.7263zm9.2198-8.3049c-.2122.7092-.6961 1.2389-.7301 1.2816l-1.8507 1.8627-3.6082-3.6313 3.6082-3.63122 1.8592 1.87112c.4924.5041 1.0273 1.2047.7216 2.2471z"
                    fill="currentColor"
                    fill-rule="evenodd"
                  />
                </svg>
              </span>
            </div>
          </div>
          <div
            class="StyledProps--font StyledProps--main"
          >
            <p
              class="StyledProps--font Text--lineclamp StyledProps--main StyledProps--font-weight-semi-bold StyledProps--color StyledProps--color-grey800"
              data-testid="manjutesttemplate"
              style="--text-line-clamp: 1;"
            >
              manju-test-template-qq-12344
            </p>
            <p
              class="StyledProps--font Text--lineclamp StyledProps--main StyledProps--font-small StyledProps--color StyledProps--color-grey400 StyledProps--margin-top-xsmall"
              style="--text-line-clamp: 1;"
            >
              idLabel
            </p>
          </div>
          <div
            class="StyledProps--font StyledProps--main container"
          >
            <div
              class="StyledProps--font StyledProps--main"
            >
              <div
                class="Layout--horizontal Layout--layout-spacing-xsmall StyledProps--main tagsContainer"
              >
                <span
                  class="Tag--main"
                >
                  <span
                    class="bp3-tag tag"
                    style="max-width: 80px;"
                  >
                    <span
                      class="bp3-text-overflow-ellipsis bp3-fill"
                    >
                      QAR
                    </span>
                  </span>
                </span>
                <span
                  class="Tag--main"
                >
                  <span
                    class="bp3-tag tag"
                    style="max-width: 80px;"
                  >
                    <span
                      class="bp3-text-overflow-ellipsis bp3-fill"
                    >
                      Internal 1
                    </span>
                  </span>
                </span>
                <span
                  class="Tag--main"
                >
                  <span
                    class="bp3-tag tag"
                    style="max-width: 80px;"
                  >
                    <span
                      class="bp3-text-overflow-ellipsis bp3-fill"
                    >
                      Canary 1
                    </span>
                  </span>
                </span>
                <span
                  class="Tag--main"
                >
                  <span
                    class="bp3-tag tag"
                    style="max-width: 80px;"
                  >
                    <span
                      class="bp3-text-overflow-ellipsis bp3-fill"
                    >
                      BLUE
                    </span>
                  </span>
                </span>
                <span
                  class="Tag--main"
                >
                  <span
                    class="bp3-tag tag"
                    style="max-width: 80px;"
                  >
                    <span
                      class="bp3-text-overflow-ellipsis bp3-fill"
                    >
                      Tag A
                    </span>
                  </span>
                </span>
              </div>
            </div>
          </div>
          <div
            class="StyledProps--font StyledProps--main StyledProps--background-grey100"
            style="height: 1px;"
          />
          <div
            class="StyledProps--font StyledProps--main"
          >
            <span
              class="Tag--main"
            >
              <span
                class="bp3-tag version"
              >
                <span
                  class="bp3-text-overflow-ellipsis bp3-fill"
                >
                  v4
                </span>
              </span>
            </span>
          </div>
          <div
            class="StyledProps--font StyledProps--main"
          >
            <div
              class="Layout--horizontal Layout--layout-spacing-xsmall StyledProps--main StyledProps--flex StyledProps--flex-alignItems-center StyledProps--flex-justifyContent-flex-start"
            >
              <p
                class="StyledProps--font StyledProps--main StyledProps--font-size-xsmall StyledProps--color StyledProps--color-grey800"
              >
                lastUpdated
              </p>
              <span
                class="bp3-popover-wrapper bp3-dark"
              >
                <span
                  class="bp3-popover-target"
                >
                  <span
                    class="StyledProps--font StyledProps--main StyledProps--inline StyledProps--font-xsmall StyledProps--color StyledProps--color-grey800"
                    tabindex="0"
                  >
                    dummy date
                  </span>
                </span>
              </span>
            </div>
          </div>
          <div
            class="StyledProps--font StyledProps--main StyledProps--flex StyledProps--flex-justifyContent-center StyledProps--padding-top-medium"
          >
            <div
              class="templateColor"
            >
              <div
                class="absolutePos"
              >
                <svg
                  fill="none"
                  height="18"
                  viewBox="0 0 121 18"
                  width="121"
                  xmlns="http://www.w3.org/2000/svg"
                >
                  <path
                    d="M10.6577 4.36758L0.989019 17.5H120.044L111.076 4.58226C109.301 2.02513 106.385 0.5 103.272 0.5H18.3079C15.288 0.5 12.4481 1.93575 10.6577 4.36758Z"
                    fill="#EADEFF"
                    stroke="#E1D0FF"
                  />
                </svg>
              </div>
              <p
                class="StyledProps--font StyledProps--main text absolutePos"
                style="color: rgb(89, 43, 170);"
              >
                STEP
              </p>
            </div>
          </div>
        </div>
      </div>
    </div>
    <button
      class="bp3-button Button--button StyledProps--font StyledProps--main closeIcon Button--with-current-color Button--iconOnly Button--withLeftIcon Button--variation Button--variation-icon"
      type="button"
    >
      <span
        class="bp3-icon bp3-icon-cross StyledProps--main StyledProps--color StyledProps--color-grey500"
        icon="cross"
      >
        <svg
          data-icon="cross"
          height="24"
          viewBox="0 0 20 20"
          width="24"
        >
          <desc>
            cross
          </desc>
          <path
            d="M11.41 10l4.29-4.29c.19-.18.3-.43.3-.71a1.003 1.003 0 00-1.71-.71L10 8.59l-4.29-4.3a1.003 1.003 0 00-1.42 1.42L8.59 10 4.3 14.29c-.19.18-.3.43-.3.71a1.003 1.003 0 001.71.71l4.29-4.3 4.29 4.29c.18.19.43.3.71.3a1.003 1.003 0 00.71-1.71L11.41 10z"
            fill-rule="evenodd"
          />
        </svg>
      </span>
    </button>
  </div>
</div>
`;
