// Jest Snapshot v1, https://goo.gl/fbAQLP

exports[`Test Trigger Details Page Test should test snapshot view 1`] = `
<div>
  <div
    class="StyledProps--font StyledProps--main StyledProps--padding-top-xlarge StyledProps--padding-left-xlarge StyledProps--padding-bottom-medium StyledProps--padding-right-xlarge StyledProps--background-primary1"
    style="padding: 12px 24px 10px 24px;"
  >
    <div
      class="Layout--vertical Layout--layout-spacing-medium StyledProps--main"
    >
      <div
        class="Layout--horizontal StyledProps--main Breadcrumbs--breadcrumbs StyledProps--flex StyledProps--flex-align-center-center StyledProps--flex-justifyContent-flex-start"
      >
        <div
          class="Layout--horizontal StyledProps--main StyledProps--flex StyledProps--flex-align-center-center StyledProps--flex-justifyContent-flex-start"
        >
          <a
            class="Breadcrumbs--breadcrumb"
            href="/account/testAcc/cd"
          >
            <span
              class="bp3-icon StyledProps--main StyledProps--padding-right-xsmall"
              data-icon="cd-main"
            >
              <svg
                height="16"
                viewBox="0 0 32 32"
                width="16"
                xmlns="http://www.w3.org/2000/svg"
              >
                <path
                  clip-rule="evenodd"
                  d="M26.4266 7.06093c1.604.9082 2.5891 2.61496 2.5732 4.45817l-.077 8.9346c-.0155 1.7969-.9805 3.4516-2.5368 4.3499l-8.002 4.6187c-1.5563.8983-3.4717.9062-5.0355.0208l-7.77508-4.4024c-1.60398-.9082-2.58912-2.6149-2.57323-4.4581l.07702-8.9347c.01549-1.79688.98045-3.45151 2.53678-4.34982L13.616 2.67935c1.5563-.89831 3.4717-.90623 5.0355-.02083l7.7751 4.40241Zm-2.829 6.93717c-.4206 1.5856-2.0293 2.5375-3.6019 2.1409l-7.4887-2.0259c-1.2333-.3339-2.51707-.1628-3.6202.48-1.10295.6428-1.89161 1.6795-2.22178 2.9246-.33051 1.2454-.16137 2.5454.47878 3.6646.64015 1.1192 1.67111 1.9171 2.9048 2.2508 1.2334.334 2.5171.1629 3.6201-.4798 1.1031-.6429 1.8918-1.6796 2.2219-2.9247l.2612-1.0464c.0329-.1321-.0459-.2662-.1773-.3018l-1.258-.3405c-.1352-.0366-.274.045-.3079.1809l-.2553 1.0238c-.4259 1.6026-2.0645 2.5569-3.6515 2.1278-1.58229-.4285-2.52298-2.0732-2.09943-3.6705.42065-1.5857 2.02953-2.5383 3.60213-2.1417l7.4885 2.0266c1.2333.3339 2.5171.1629 3.6202-.48 1.103-.6427 1.8916-1.6795 2.2218-2.9246.3305-1.2453.1613-2.5454-.4788-3.6645-.6402-1.11922-1.6711-1.91714-2.9048-2.25088-1.2334-.33394-2.5171-.16289-3.6201.47987-1.1031.64287-1.8918 1.67961-2.2219 2.92471l-.2471.8272c-.0402.1347.0385.2761.1742.3128l1.2581.3405c.1309.0354.2661-.0398.3049-.1697l.2472-.8269c.4259-1.6026 2.0645-2.55683 3.6515-2.1277 1.5823.4284 2.523 2.0731 2.0994 3.6705Z"
                  fill="url(#a)"
                  fill-rule="evenodd"
                />
                <defs>
                  <lineargradient
                    gradientUnits="userSpaceOnUse"
                    id="a"
                    x1="6.7737"
                    x2="21.5"
                    y1="2"
                    y2="30"
                  >
                    <stop
                      stop-color="#62F91F"
                    />
                    <stop
                      offset="1"
                      stop-color="#45BD35"
                    />
                  </lineargradient>
                </defs>
              </svg>
            </span>
            <p
              class="StyledProps--font StyledProps--main StyledProps--intent-primary StyledProps--font-size-small"
            >
              test
            </p>
          </a>
          <span
            class="bp3-icon StyledProps--main StyledProps--color StyledProps--color-grey500 StyledProps--padding-right-xsmall StyledProps--padding-left-xsmall"
            data-icon="main-chevron-right"
          >
            <svg
              enable-background="new 0 0 8 14"
              height="8"
              viewBox="0 0 8 14"
              width="8"
              xmlns="http://www.w3.org/2000/svg"
            >
              <path
                d="m7.7 6.3-6-6c-.2-.2-.4-.3-.7-.3-.6 0-1 .4-1 1 0 .3.1.5.3.7l5.3 5.3-5.3 5.3c-.2.2-.3.4-.3.7 0 .6.4 1 1 1 .3 0 .5-.1.7-.3l6-6c.2-.2.3-.4.3-.7s-.1-.5-.3-.7z"
                fill="#4d5969"
              />
            </svg>
          </span>
        </div>
        <div
          class="Layout--horizontal StyledProps--main StyledProps--flex StyledProps--flex-align-center-center StyledProps--flex-justifyContent-flex-start"
        >
          <a
            class="Breadcrumbs--breadcrumb"
            href="/account/testAcc/cd/orgs/testOrg/projects/test/pipelines"
          >
            <p
              class="StyledProps--font StyledProps--main StyledProps--intent-primary StyledProps--font-size-small"
            >
              pipelines
            </p>
          </a>
          <span
            class="bp3-icon StyledProps--main StyledProps--color StyledProps--color-grey500 StyledProps--padding-right-xsmall StyledProps--padding-left-xsmall"
            data-icon="main-chevron-right"
          >
            <svg
              enable-background="new 0 0 8 14"
              height="8"
              viewBox="0 0 8 14"
              width="8"
              xmlns="http://www.w3.org/2000/svg"
            >
              <path
                d="m7.7 6.3-6-6c-.2-.2-.4-.3-.7-.3-.6 0-1 .4-1 1 0 .3.1.5.3.7l5.3 5.3-5.3 5.3c-.2.2-.3.4-.3.7 0 .6.4 1 1 1 .3 0 .5-.1.7-.3l6-6c.2-.2.3-.4.3-.7s-.1-.5-.3-.7z"
                fill="#4d5969"
              />
            </svg>
          </span>
        </div>
        <div
          class="Layout--horizontal StyledProps--main StyledProps--flex StyledProps--flex-align-center-center StyledProps--flex-justifyContent-flex-start"
        >
          <a
            class="Breadcrumbs--breadcrumb"
            href="/account/testAcc/cd/orgs/testOrg/projects/test/pipelines/pipeline/triggers"
          >
            <p
              class="StyledProps--font StyledProps--main StyledProps--intent-primary StyledProps--font-size-small"
            >
              testsdfsdf
            </p>
          </a>
          <span
            class="bp3-icon StyledProps--main StyledProps--color StyledProps--color-grey500 StyledProps--padding-right-xsmall StyledProps--padding-left-xsmall"
            data-icon="main-chevron-right"
          >
            <svg
              enable-background="new 0 0 8 14"
              height="8"
              viewBox="0 0 8 14"
              width="8"
              xmlns="http://www.w3.org/2000/svg"
            >
              <path
                d="m7.7 6.3-6-6c-.2-.2-.4-.3-.7-.3-.6 0-1 .4-1 1 0 .3.1.5.3.7l5.3 5.3-5.3 5.3c-.2.2-.3.4-.3.7 0 .6.4 1 1 1 .3 0 .5-.1.7-.3l6-6c.2-.2.3-.4.3-.7s-.1-.5-.3-.7z"
                fill="#4d5969"
              />
            </svg>
          </span>
        </div>
      </div>
      <div
        class="Layout--horizontal Layout--layout-spacing-medium StyledProps--main"
        style="align-items: center;"
      >
        <span
          class="bp3-icon StyledProps--main"
          data-icon="github"
        >
          <svg
            height="35"
            viewBox="0 0 24 24"
            width="35"
            xmlns="http://www.w3.org/2000/svg"
          >
            <path
              d="m12 .297c-6.63 0-12 5.373-12 12 0 5.303 3.438 9.8 8.205 11.385.6.113.82-.258.82-.577 0-.285-.01-1.04-.015-2.04-3.338.724-4.042-1.61-4.042-1.61-.546-1.385-1.335-1.755-1.335-1.755-1.087-.744.084-.729.084-.729 1.205.084 1.838 1.236 1.838 1.236 1.07 1.835 2.809 1.305 3.495.998.108-.776.417-1.305.76-1.605-2.665-.3-5.466-1.332-5.466-5.93 0-1.31.465-2.38 1.235-3.22-.135-.303-.54-1.523.105-3.176 0 0 1.005-.322 3.3 1.23.96-.267 1.98-.399 3-.405 1.02.006 2.04.138 3 .405 2.28-1.552 3.285-1.23 3.285-1.23.645 1.653.24 2.873.12 3.176.765.84 1.23 1.91 1.23 3.22 0 4.61-2.805 5.625-5.475 5.92.42.36.81 1.096.81 2.22 0 1.606-.015 2.896-.015 3.286 0 .315.21.69.825.57 4.801-1.574 8.236-6.074 8.236-11.369 0-6.627-5.373-12-12-12"
            />
          </svg>
        </span>
        <div
          class="Layout--horizontal Layout--layout-spacing-small StyledProps--main"
          data-testid="Trigger__1"
        >
          <div
            class="Layout--vertical StyledProps--main StyledProps--padding-left-small"
          >
            <div
              class="Layout--horizontal Layout--layout-spacing-medium StyledProps--main"
              style="align-items: center;"
            >
              <p
                class="StyledProps--font StyledProps--main StyledProps--color StyledProps--color-grey700"
                style="font-size: 20px; font-weight: 600;"
              >
                Trigger__1
              </p>
              <label
                class="bp3-control bp3-switch StyledProps--font Switch--switch StyledProps--main"
                style="padding-left: 46px;"
              >
                <input
                  checked=""
                  type="checkbox"
                />
                <span
                  class="bp3-control-indicator"
                />
                enabledLabel
              </label>
            </div>
            <p
              class="StyledProps--font StyledProps--main"
            >
              common.ID
              : 
              Trigger__1
            </p>
          </div>
        </div>
      </div>
    </div>
  </div>
  <div
    class="StyledProps--font StyledProps--main PageBody--pageBody main"
    data-name="page-body"
  >
    <div
      class="Layout--horizontal StyledProps--main panel"
    >
      <div
        class="Layout--vertical Layout--layout-spacing-medium StyledProps--main information"
      >
        <div
          class="Layout--horizontal StyledProps--main StyledProps--flex StyledProps--flex-distribution-space-between"
        >
          <div
            class="PillToggle--optionBtns"
          >
            <div
              class="PillToggle--item PillToggle--selected"
              data-name="toggle-option-one"
              role="button"
              tabindex="0"
            >
              VISUAL
            </div>
            <div
              class="PillToggle--item"
              data-name="toggle-option-two"
              role="button"
              tabindex="0"
            >
              YAML
            </div>
          </div>
          <button
            class="bp3-button bp3-minimal Button--button StyledProps--font StyledProps--main Button--with-current-color Button--without-shadow Button--withLeftIcon Button--variation Button--variation-secondary"
            type="button"
          >
            <span
              class="bp3-icon bp3-icon-edit StyledProps--main StyledProps--padding-right-xsmall"
              icon="edit"
            >
              <svg
                data-icon="edit"
                height="16"
                viewBox="0 0 16 16"
                width="16"
              >
                <desc>
                  edit
                </desc>
                <path
                  d="M3.25 10.26l2.47 2.47 6.69-6.69-2.46-2.48-6.7 6.7zM.99 14.99l3.86-1.39-2.46-2.44-1.4 3.83zm12.25-14c-.48 0-.92.2-1.24.51l-1.44 1.44 2.47 2.47 1.44-1.44c.32-.32.51-.75.51-1.24.01-.95-.77-1.74-1.74-1.74z"
                  fill-rule="evenodd"
                />
              </svg>
            </span>
            <span
              class="bp3-button-text"
            >
              edit
            </span>
          </button>
        </div>
        <div
          class="Layout--horizontal Layout--layout-spacing-medium StyledProps--main"
        >
          <div
            class="bp3-card bp3-elevation-0 Card--card main"
          >
            <p
              class="StyledProps--font StyledProps--main StyledProps--color StyledProps--color-black"
              style="font-size: 16px; font-weight: 600;"
            >
              overview
            </p>
            <div
              class="Layout--vertical StyledProps--main"
            >
              <div
                class="StyledProps--font StyledProps--main detailsSectionRowWrapper"
              >
                <div
                  class="Layout--vertical Layout--layout-spacing-small StyledProps--main"
                >
                  <p
                    class="StyledProps--font StyledProps--main"
                    style="font-size: 12px;"
                  >
                    triggers.triggerConfigurationPanel.triggerName
                  </p>
                  <p
                    class="StyledProps--font Text--lineclamp StyledProps--main StyledProps--color StyledProps--color-black"
                    style="--text-line-clamp: 1; width: 424px;"
                  >
                    Trigger__1
                  </p>
                </div>
              </div>
              <div
                class="StyledProps--font StyledProps--main detailsSectionRowWrapper"
              >
                <div
                  class="Layout--vertical Layout--layout-spacing-small StyledProps--main"
                >
                  <p
                    class="StyledProps--font StyledProps--main"
                    style="font-size: 12px;"
                  >
                    description
                  </p>
                  <p
                    class="StyledProps--font Text--lineclamp StyledProps--main StyledProps--color StyledProps--color-black"
                    style="--text-line-clamp: 1; width: 424px;"
                  >
                    -
                  </p>
                </div>
              </div>
              <div
                class="StyledProps--font StyledProps--main detailsSectionRowWrapper"
              >
                <div
                  class="Layout--vertical Layout--layout-spacing-small StyledProps--main"
                >
                  <p
                    class="StyledProps--font StyledProps--main"
                    style="font-size: 12px;"
                  >
                    identifier
                  </p>
                  <p
                    class="StyledProps--font Text--lineclamp StyledProps--main StyledProps--color StyledProps--color-black"
                    style="--text-line-clamp: 1; width: 424px;"
                  >
                    Trigger__1
                  </p>
                </div>
              </div>
              <div
                class="StyledProps--font StyledProps--main detailsSectionRowWrapper"
              >
                <div
                  class="Layout--vertical Layout--layout-spacing-small StyledProps--main"
                >
                  <p
                    class="StyledProps--font StyledProps--main"
                    style="font-size: 12px;"
                  >
                    tagsLabel
                  </p>
                  <p
                    class="StyledProps--font Text--lineclamp StyledProps--main StyledProps--color StyledProps--color-black"
                    style="--text-line-clamp: 1; width: 424px;"
                  />
                </div>
              </div>
            </div>
          </div>
          <div
            class="bp3-card bp3-elevation-0 Card--card main inputSet"
          >
            <p
              class="StyledProps--font StyledProps--main StyledProps--color StyledProps--color-black"
              style="font-size: 16px; font-weight: 600;"
            >
              details
            </p>
            <div
              class="Layout--vertical StyledProps--main"
            >
              <div
                class="StyledProps--font StyledProps--main detailsSectionRowWrapper"
              >
                <div
                  class="Layout--vertical Layout--layout-spacing-medium StyledProps--main"
                  style="overflow-x: hidden;"
                >
                  <p
                    class="StyledProps--font StyledProps--main"
                    style="font-size: 12px;"
                  >
                    conditions
                  </p>
                  <p
                    class="StyledProps--font Text--lineclamp StyledProps--main StyledProps--color StyledProps--color-black"
                    style="--text-line-clamp: 1; width: 424px;"
                  >
                    sourceBranch equals ng-trigger-demo
                  </p>
                  <p
                    class="StyledProps--font Text--lineclamp StyledProps--main StyledProps--color StyledProps--color-black"
                    style="--text-line-clamp: 1; width: 424px;"
                  >
                    targetBranch in master, main
                  </p>
                  <p
                    class="StyledProps--font Text--lineclamp StyledProps--main StyledProps--color StyledProps--color-black"
                    style="--text-line-clamp: 1; width: 424px;"
                  >
                    \${eventPayload.pull_request.user.id} equals 56320710
                  </p>
                  <p
                    class="StyledProps--font Text--lineclamp StyledProps--main StyledProps--color StyledProps--color-black"
                    style="--text-line-clamp: 1; width: 424px;"
                  >
                    \${eventPayload.pull_request.head.ref} regex ^ng-trigger-demo
                  </p>
                </div>
              </div>
              <div
                class="StyledProps--font StyledProps--main detailsSectionRowWrapper"
              >
                <p
                  class="StyledProps--font StyledProps--main"
                  style="font-size: 12px;"
                >
                  triggers.pipelineExecutionInput
                </p>
              </div>
            </div>
          </div>
        </div>
      </div>
      <div
        class="Layout--vertical StyledProps--main"
        style="flex: 1;"
      >
        <div
          class="Layout--horizontal Layout--layout-spacing-xxlarge StyledProps--main"
        >
          <span
            class="StyledProps--font StyledProps--main StyledProps--font-size-medium StyledProps--font-weight-bold StyledProps--inline StyledProps--color StyledProps--color-grey800"
          >
            triggers.lastActivationDetails
          </span>
          <span
            class="bp3-popover-wrapper"
          >
            <span
              class="bp3-popover-target Text--targetClass"
            >
              <span
                class="StyledProps--font StyledProps--main StyledProps--color StyledProps--color-red500 StyledProps--font-size-medium StyledProps--inline"
                style="display: inline-flex; align-items: center;"
                tabindex="0"
              >
                <span
                  class="bp3-icon bp3-icon-warning-sign StyledProps--main Text--icon StyledProps--padding-right-xsmall StyledProps--color StyledProps--color-red500"
                  icon="warning-sign"
                >
                  <svg
                    data-icon="warning-sign"
                    height="16"
                    viewBox="0 0 16 16"
                    width="16"
                  >
                    <desc>
                      warning-sign
                    </desc>
                    <path
                      d="M15.84 13.5l.01-.01-7-12-.01.01c-.17-.3-.48-.5-.85-.5s-.67.2-.85.5l-.01-.01-7 12 .01.01c-.09.15-.15.31-.15.5 0 .55.45 1 1 1h14c.55 0 1-.45 1-1 0-.19-.06-.35-.15-.5zm-6.85-.51h-2v-2h2v2zm0-3h-2v-5h2v5z"
                      fill-rule="evenodd"
                    />
                  </svg>
                </span>
                failed
              </span>
            </span>
          </span>
        </div>
        <div
          class="Layout--vertical Layout--layout-spacing-small StyledProps--main StyledProps--margin-top-small"
        >
          <div>
            <p
              class="StyledProps--font StyledProps--main"
            >
              triggers.lastActivationAt: MOCK_DATE MOCK_TIME
            </p>
          </div>
          <hr />
        </div>
      </div>
    </div>
  </div>
</div>
`;
