// Jest Snapshot v1, https://goo.gl/fbAQLP

exports[`<TemplateStepWidgetWithRef /> tests snapshot test 1`] = `
<div>
  <div
    class="stepPanel"
  >
    <div
      class="OverlaySpinner--overlaySpinner"
    >
      <form
        class="FormikForm--main"
      >
        <div>
          <div
            class="formGroup md"
          >
            <div
              class="InputWithIdentifier--txtNameContainer TextInput--main"
            >
              <div
                class="Layout--horizontal Layout--layout-spacing-xsmall StyledProps--main InputWithIdentifier--txtIdContainer"
              >
                <div
                  class="Text--withDocsTooltip"
                  data-tooltip-id="templateStepWidget_identifier"
                >
                  <p
                    class="StyledProps--font StyledProps--main"
                  >
                    Id
                  </p>
                </div>
                <p
                  class="StyledProps--font StyledProps--main"
                >
                  :
                </p>
                <span
                  class="bp3-popover-wrapper"
                >
                  <span
                    class="bp3-popover-target"
                  >
                    <div
                      class="bp3-editable-text InputWithIdentifier--idValue"
                      tabindex="0"
                    >
                      <span
                        class="bp3-editable-text-content"
                        style="height: 1px; line-height: 1px; min-width: 0;"
                      >
                        Step_2
                      </span>
                    </div>
                  </span>
                </span>
                <span
                  class="bp3-icon StyledProps--main"
                  data-icon="Edit"
                  style="vertical-align: middle; cursor: pointer;"
                >
                  <svg
                    height="12"
                    viewBox="0 0 16 16"
                    width="12"
                    xmlns="http://www.w3.org/2000/svg"
                  >
                    <path
                      clip-rule="evenodd"
                      d="M11.207.485a.5.5 0 0 1 .354-.146 3.5 3.5 0 0 1 3.5 3.5.5.5 0 0 1-.146.353l-11 11a.5.5 0 0 1-.354.147h-3a.5.5 0 0 1-.5-.5v-3a.5.5 0 0 1 .146-.354l11-11Zm.553.862L1.061 12.046v2.293h2.293l10.7-10.7a2.5 2.5 0 0 0-2.294-2.292Z"
                      fill="currentColor"
                      fill-rule="evenodd"
                    />
                    <path
                      clip-rule="evenodd"
                      d="M11.89 2.646a.5.5 0 0 1 0 .708L8.353 6.889a.5.5 0 0 1-.708-.707l3.536-3.536a.5.5 0 0 1 .707 0Z"
                      fill="currentColor"
                      fill-rule="evenodd"
                      opacity="0.3"
                    />
                  </svg>
                </span>
              </div>
              <div
                class="bp3-form-group"
                data-id="name-0"
              >
                <label
                  class="bp3-label"
                  for="name"
                >
                  <span
                    class="Tooltip--acenter"
                    data-tooltip-id="templateStepWidget_name"
                  >
                    name
                  </span>
                   
                  <span
                    class="bp3-text-muted"
                  />
                </label>
                <div
                  class="bp3-form-content"
                >
                  <div
                    class="bp3-input-group"
                  >
                    <input
                      autocomplete="off"
                      class="bp3-input"
                      name="name"
                      type="text"
                      value="Step 2"
                    />
                  </div>
                </div>
              </div>
            </div>
          </div>
          <div
            class="StyledProps--font StyledProps--main inputsContainer"
          >
            <div
              class="Layout--vertical Layout--layout-spacing-large StyledProps--main StyledProps--padding-top-large StyledProps--padding-bottom-large"
            >
              <h5
                class="StyledProps--font StyledProps--font-h5 StyledProps--main StyledProps--color StyledProps--color-black"
                level="5"
              >
                templatesLibrary.templateInputs
              </h5>
              <div
                class="Layout--vertical Layout--layout-spacing-medium StyledProps--main StyledProps--padding-top-medium"
              >
                <div>
                  <div
                    class="formGroup md"
                  >
                    <div
                      class="bp3-form-group"
                    >
                      <label
                        class="bp3-label"
                        for="template.templateInputs.spec.url"
                      >
                        <span
                          class="Tooltip--acenter"
                          data-tooltip-id="templateStepWidget_template.templateInputs.spec.url"
                        >
                          UrlLabel
                        </span>
                         
                        <span
                          class="bp3-text-muted"
                        />
                      </label>
                      <div
                        class="bp3-form-content"
                      >
                        <div
                          class="Layout--horizontal StyledProps--main MultiTypeInput--main MultiTypeInput--disabled"
                        >
                          <div
                            class="TextInput--main MultiTypeInput--input"
                          >
                            <div
                              class="bp3-input-group bp3-disabled"
                            >
                              <input
                                class="bp3-input"
                                disabled=""
                                name="template.templateInputs.spec.url"
                                placeholder="<+input>"
                                type="text"
                                value="<+input>"
                              />
                            </div>
                          </div>
                          <span
                            class="bp3-popover-wrapper MultiTypeInput--wrapper"
                          >
                            <span
                              class="bp3-popover-target"
                            >
                              <button
                                class="MultiTypeInput--btn MultiTypeInput--RUNTIME"
                              >
                                <span
                                  class="bp3-icon StyledProps--main"
                                  data-icon="runtime-input"
                                >
                                  <svg
                                    height="12"
                                    viewBox="0 0 10 7.97"
                                    width="12"
                                    xmlns="http://www.w3.org/2000/svg"
                                  >
                                    <path
                                      d="m8.14 4-.14-.28a2.53 2.53 0 0 1 -.12-.3l-.16-.35c-.11-.25-.22-.38-.32-.38s-.28.15-.37.44c-.03-.03-.03-.06-.03-.13a.73.73 0 0 1 .24-.46.66.66 0 0 1 .42-.26c.25 0 .5.35.76 1.05l.07.17.07-.12c.47-.73.86-1.1 1.18-1.1a.71.71 0 0 1 .29.07l-.4.42h-.11c-.24 0-.52.28-.86.83l-.09.16.07.2c.29.79.53 1.18.71 1.18s.31-.12.4-.36q.09.06.09.12t-.27.39a.74.74 0 0 1 -.45.23c-.25 0-.51-.36-.77-1.07l-.12-.25-.1.17c-.44.76-.87 1.14-1.28 1.14a.65.65 0 0 1 -.39-.12l.38-.39a.32.32 0 0 0 .23.1c.25 0 .53-.25.83-.74l.17-.28zm-4-.32-2.44-3.09h2.47s.83-.07 1.18.41a3.28 3.28 0 0 1 .42 1.14h.31l-.14-2.14h-5.94v.31l3.06 3.74-3.06 3.57v.38h6.08l.38-2.36-.31-.07a2.43 2.43 0 0 1 -.52 1c-.42.48-2 .41-2 .41h-2.24z"
                                      fill="current-color"
                                    />
                                  </svg>
                                </span>
                              </button>
                            </span>
                          </span>
                        </div>
                      </div>
                    </div>
                  </div>
                  <div
                    class="formGroup md"
                  >
                    <div
                      class="bp3-form-group"
                    >
                      <label
                        class="bp3-label"
                        for="template.templateInputs.spec.requestBody"
                      >
                        <span
                          class="Tooltip--acenter"
                          data-tooltip-id="templateStepWidget_template.templateInputs.spec.requestBody"
                        >
                          requestBodyLabel
                        </span>
                         
                        <span
                          class="bp3-text-muted"
                        />
                      </label>
                      <div
                        class="bp3-form-content"
                      >
                        <div
                          class="StyledProps--font StyledProps--main"
                        >
                          <div
                            class="Layout--horizontal StyledProps--main MultiTypeInput--main MultiTypeInput--disabled"
                            style="flex-grow: 1;"
                          >
                            <div
                              class="TextInput--main MultiTypeInput--input"
                            >
                              <div
                                class="bp3-input-group bp3-disabled"
                              >
                                <input
                                  class="bp3-input"
                                  disabled=""
                                  name="template.templateInputs.spec.requestBody"
                                  placeholder="<+input>"
                                  type="text"
                                  value="<+input>"
                                />
                              </div>
                            </div>
                            <span
                              class="bp3-popover-wrapper MultiTypeInput--wrapper"
                            >
                              <span
                                class="bp3-popover-target"
                              >
                                <button
                                  class="MultiTypeInput--btn MultiTypeInput--RUNTIME"
                                >
                                  <span
                                    class="bp3-icon StyledProps--main"
                                    data-icon="runtime-input"
                                  >
                                    <svg
                                      height="12"
                                      viewBox="0 0 10 7.97"
                                      width="12"
                                      xmlns="http://www.w3.org/2000/svg"
                                    >
                                      <path
                                        d="m8.14 4-.14-.28a2.53 2.53 0 0 1 -.12-.3l-.16-.35c-.11-.25-.22-.38-.32-.38s-.28.15-.37.44c-.03-.03-.03-.06-.03-.13a.73.73 0 0 1 .24-.46.66.66 0 0 1 .42-.26c.25 0 .5.35.76 1.05l.07.17.07-.12c.47-.73.86-1.1 1.18-1.1a.71.71 0 0 1 .29.07l-.4.42h-.11c-.24 0-.52.28-.86.83l-.09.16.07.2c.29.79.53 1.18.71 1.18s.31-.12.4-.36q.09.06.09.12t-.27.39a.74.74 0 0 1 -.45.23c-.25 0-.51-.36-.77-1.07l-.12-.25-.1.17c-.44.76-.87 1.14-1.28 1.14a.65.65 0 0 1 -.39-.12l.38-.39a.32.32 0 0 0 .23.1c.25 0 .53-.25.83-.74l.17-.28zm-4-.32-2.44-3.09h2.47s.83-.07 1.18.41a3.28 3.28 0 0 1 .42 1.14h.31l-.14-2.14h-5.94v.31l3.06 3.74-3.06 3.57v.38h6.08l.38-2.36-.31-.07a2.43 2.43 0 0 1 -.52 1c-.42.48-2 .41-2 .41h-2.24z"
                                        fill="current-color"
                                      />
                                    </svg>
                                  </span>
                                </button>
                              </span>
                            </span>
                          </div>
                        </div>
                      </div>
                    </div>
                  </div>
                </div>
              </div>
            </div>
          </div>
        </div>
      </form>
    </div>
  </div>
</div>
`;
