// Jest Snapshot v1, https://goo.gl/fbAQLP

exports[`<DeleteTemplateModal /> tests should match snapshot 1`] = `
<div>
  <div
    class="Layout--vertical StyledProps--main"
  >
    <form
      class="FormikForm--main"
    >
      <div>
        <div
          class="StyledProps--font StyledProps--main"
        >
          <div
            class="Layout--horizontal StyledProps--main"
          >
            <div
              class="Layout--horizontal StyledProps--main preview preview StyledProps--flex StyledProps--flex-alignItems-center StyledProps--flex-justifyContent-center StyledProps--padding-top-huge StyledProps--padding-bottom-huge"
            >
              <div
                class="StyledProps--font StyledProps--main container"
              >
                <div
                  class="bp3-card bp3-elevation-0 Card--card templateCard"
                >
                  <div />
                  <div
                    class="StyledProps--font StyledProps--main StyledProps--margin-right-small"
                  >
                    <div
                      class="Layout--horizontal Layout--layout-spacing-small StyledProps--main StyledProps--margin-bottom-small StyledProps--flex"
                    >
                      <span
                        class="bp3-icon StyledProps--main"
                        data-icon="harness-with-color"
                      >
                        <svg
                          height="24"
                          viewBox="0 0 25 25"
                          width="24"
                          xmlns="http://www.w3.org/2000/svg"
                        >
                          <path
                            d="m22.9736 8.18585-6.2654-6.30553c-.1103-.11108-1.0951-1.07656-2.5893-1.572117-2.1394-.717703-4.26188-.153793-5.98529 1.572117l-6.26542 6.30553c-.11036.11107-1.069701 1.10219-1.562105 2.60595-.713136 2.1531-.152815 4.2891 1.562105 6.0236l6.26542 6.3055c.11037.1111 1.09517 1.0766 2.58939 1.5807.6112.205 1.214.3076 1.8083.3076 1.5027 0 2.9459-.6408 4.1769-1.8797l6.2654-6.3056c.1104-.111 1.0698-1.1022 1.5622-2.6059.7131-2.1617.1528-4.2977-1.5622-6.03215zm-10.0688-4.4771c.7047.2136 1.231.70061 1.2735.73479l1.8508 1.86261-3.6082 3.63124-3.60811-3.63124 1.85921-1.87115c.5009-.49556 1.1971-1.03384 2.2328-.72625zm-9.21981 8.30485c.21225-.7092.69616-1.2389.73012-1.2816l1.85076-1.86262 3.60813 3.63122-3.60813 3.6313-1.85925-1.8712c-.4924-.5041-1.02726-1.2133-.72163-2.2471zm8.25201 9.2789c-.7046-.2136-1.231-.7006-1.2735-.7348l-1.85071-1.8626 3.60811-3.6313 3.6082 3.6313-1.8593 1.8711c-.5009.4956-1.2055 1.0339-2.2328.7263zm9.2198-8.3049c-.2122.7092-.6961 1.2389-.7301 1.2816l-1.8507 1.8627-3.6082-3.6313 3.6082-3.63122 1.8592 1.87112c.4924.5041 1.0273 1.2047.7216 2.2471z"
                            fill="currentColor"
                            fill-rule="evenodd"
                          />
                        </svg>
                      </span>
                    </div>
                  </div>
                  <div
                    class="StyledProps--font StyledProps--main"
                  >
                    <p
                      class="StyledProps--font Text--lineclamp StyledProps--main StyledProps--font-weight-semi-bold StyledProps--color StyledProps--color-grey800"
                      data-testid="manjutesttemplate"
                      style="--text-line-clamp: 1;"
                    >
                      manju-test-template-qq-12344
                    </p>
                    <p
                      class="StyledProps--font Text--lineclamp StyledProps--main StyledProps--font-small StyledProps--color StyledProps--color-grey400 StyledProps--margin-top-xsmall"
                      style="--text-line-clamp: 1;"
                    >
                      idLabel
                    </p>
                  </div>
                  <div
                    class="StyledProps--font StyledProps--main container"
                  >
                    <div
                      class="StyledProps--font StyledProps--main"
                    >
                      <div
                        class="Layout--horizontal Layout--layout-spacing-xsmall StyledProps--main tagsContainer"
                      >
                        <span
                          class="Tag--main"
                        >
                          <span
                            class="bp3-tag tag"
                            style="max-width: 80px;"
                          >
                            <span
                              class="bp3-text-overflow-ellipsis bp3-fill"
                            >
                              QAR
                            </span>
                          </span>
                        </span>
                        <span
                          class="Tag--main"
                        >
                          <span
                            class="bp3-tag tag"
                            style="max-width: 80px;"
                          >
                            <span
                              class="bp3-text-overflow-ellipsis bp3-fill"
                            >
                              Internal 1
                            </span>
                          </span>
                        </span>
                        <span
                          class="Tag--main"
                        >
                          <span
                            class="bp3-tag tag"
                            style="max-width: 80px;"
                          >
                            <span
                              class="bp3-text-overflow-ellipsis bp3-fill"
                            >
                              Canary 1
                            </span>
                          </span>
                        </span>
                        <span
                          class="Tag--main"
                        >
                          <span
                            class="bp3-tag tag"
                            style="max-width: 80px;"
                          >
                            <span
                              class="bp3-text-overflow-ellipsis bp3-fill"
                            >
                              BLUE
                            </span>
                          </span>
                        </span>
                        <span
                          class="Tag--main"
                        >
                          <span
                            class="bp3-tag tag"
                            style="max-width: 80px;"
                          >
                            <span
                              class="bp3-text-overflow-ellipsis bp3-fill"
                            >
                              Tag A
                            </span>
                          </span>
                        </span>
                      </div>
                    </div>
                  </div>
                  <div
                    class="StyledProps--font StyledProps--main StyledProps--background-grey100"
                    style="height: 1px;"
                  />
                  <div
                    class="StyledProps--font StyledProps--main"
                  >
                    <span
                      class="Tag--main"
                    >
                      <span
                        class="bp3-tag version"
                      >
                        <span
                          class="bp3-text-overflow-ellipsis bp3-fill"
                        >
                          v4
                        </span>
                      </span>
                    </span>
                  </div>
                  <div
                    class="StyledProps--font StyledProps--main"
                  >
                    <div
                      class="Layout--horizontal Layout--layout-spacing-xsmall StyledProps--main StyledProps--flex StyledProps--flex-alignItems-center StyledProps--flex-justifyContent-flex-start"
                    >
                      <p
                        class="StyledProps--font StyledProps--main StyledProps--font-size-xsmall StyledProps--color StyledProps--color-grey800"
                      >
                        lastUpdated
                      </p>
                      <span
                        class="bp3-popover-wrapper bp3-dark"
                      >
                        <span
                          class="bp3-popover-target"
                        >
                          <span
                            class="StyledProps--font StyledProps--main StyledProps--inline StyledProps--font-xsmall StyledProps--color StyledProps--color-grey800"
                            tabindex="0"
                          >
                            dummy date
                          </span>
                        </span>
                      </span>
                    </div>
                  </div>
                  <div
                    class="StyledProps--font StyledProps--main StyledProps--flex StyledProps--flex-justifyContent-center StyledProps--padding-top-medium"
                  >
                    <div
                      class="templateColor"
                    >
                      <div
                        class="absolutePos"
                      >
                        <svg
                          fill="none"
                          height="18"
                          viewBox="0 0 121 18"
                          width="121"
                          xmlns="http://www.w3.org/2000/svg"
                        >
                          <path
                            d="M10.6577 4.36758L0.989019 17.5H120.044L111.076 4.58226C109.301 2.02513 106.385 0.5 103.272 0.5H18.3079C15.288 0.5 12.4481 1.93575 10.6577 4.36758Z"
                            fill="#EADEFF"
                            stroke="#E1D0FF"
                          />
                        </svg>
                      </div>
                      <p
                        class="StyledProps--font StyledProps--main text absolutePos"
                        style="color: rgb(89, 43, 170);"
                      >
                        STEP
                      </p>
                    </div>
                  </div>
                </div>
              </div>
            </div>
            <div
              class="StyledProps--font StyledProps--main selectVersions StyledProps--padding-left-xxlarge StyledProps--padding-right-xxlarge"
            >
              <div
                class="Layout--vertical Layout--layout-spacing-medium StyledProps--main"
                style="height: 100%;"
              >
                <div
                  class="bp3-input-group ui-search-box ExpandingSearchInput--main   ExpandingSearchInput--alwaysExpanded ExpandingSearchInput--light"
                  data-name=""
                  style="width: 100%; max-width: 100%;"
                >
                  <span
                    class="bp3-icon StyledProps--main ExpandingSearchInput--icon StyledProps--color StyledProps--color-grey700"
                    data-icon="thinner-search"
                  >
                    <svg
                      fill="none"
                      height="14"
                      viewBox="0 0 16 16"
                      width="14"
                      xmlns="http://www.w3.org/2000/svg"
                    >
                      <path
                        d="M7.125 13.25c1.617 0 3.32-.695 4.375-1.75L15 15l-3.5-3.5c1.021-1.005 1.75-2.894 1.75-4.375a6.125 6.125 0 10-6.125 6.125z"
                        stroke="currentColor"
                        stroke-linecap="round"
                        stroke-linejoin="round"
                      />
                    </svg>
                  </span>
                  <input
                    class="bp3-input  ExpandingSearchInput--filter"
                    dir="auto"
                    placeholder="Search"
                    style="padding-right: 38px;"
                    type="search"
                    value=""
                  />
                </div>
                <div
                  class="StyledProps--font StyledProps--main"
                >
                  <div
                    class="Layout--vertical StyledProps--main StyledProps--flex StyledProps--flex-justifyContent-space-between StyledProps--flex-alignItems-stretch"
                    style="height: 100%;"
                  >
                    <div
                      class="StyledProps--font StyledProps--main"
                      style="overflow: auto; height: 300px;"
                    >
                      <label
                        class="bp3-control bp3-checkbox StyledProps--font Checkbox--checkbox StyledProps--main"
                      >
                        <input
                          type="checkbox"
                        />
                        <span
                          class="bp3-control-indicator"
                        />
                        templatesLibrary.stableVersion
                      </label>
                    </div>
                    <div
                      class="StyledProps--font StyledProps--main"
                    >
                      <label
                        class="bp3-control bp3-checkbox StyledProps--font Checkbox--checkbox StyledProps--main"
                      >
                        <input
                          checked=""
                          type="checkbox"
                        />
                        <span
                          class="bp3-control-indicator"
                        />
                        Select All
                      </label>
                    </div>
                  </div>
                </div>
              </div>
            </div>
          </div>
        </div>
        <div
          class="StyledProps--font StyledProps--main StyledProps--padding-top-medium StyledProps--padding-right-xxlarge StyledProps--padding-left-xxlarge StyledProps--border StyledProps--border-top StyledProps--border-color-grey100"
        >
          <div
            class="Layout--horizontal StyledProps--main StyledProps--flex StyledProps--flex-alignItems-center StyledProps--flex-justifyContent-space-between"
          >
            <div
              class="StyledProps--font StyledProps--main"
            >
              <div
                class="Layout--horizontal Layout--layout-spacing-small StyledProps--main StyledProps--flex StyledProps--flex-alignItems-flex-end StyledProps--flex-justifyContent-flex-start"
              >
                <button
                  class="bp3-button bp3-disabled Button--button StyledProps--font StyledProps--main Button--with-current-color Button--variation Button--variation-primary"
                  disabled=""
                  tabindex="-1"
                  type="submit"
                >
                  <span
                    class="bp3-button-text"
                  >
                    Delete Selected
                  </span>
                </button>
                <button
                  class="bp3-button Button--button StyledProps--font StyledProps--main Button--with-current-color Button--variation Button--variation-tertiary"
                  type="button"
                >
                  <span
                    class="bp3-button-text"
                  >
                    cancel
                  </span>
                </button>
              </div>
            </div>
            <div
              class="StyledProps--font StyledProps--main"
            >
              <div
                class="Layout--horizontal Layout--layout-spacing-small StyledProps--main"
              >
                <p
                  class="StyledProps--font StyledProps--main StyledProps--color StyledProps--color-grey600"
                >
                  common.totalSelected
                </p>
                <p
                  class="StyledProps--font StyledProps--main badge StyledProps--background-primary7 StyledProps--color StyledProps--color-white"
                >
                  0
                </p>
              </div>
            </div>
          </div>
        </div>
      </div>
    </form>
  </div>
</div>
`;
