// Jest Snapshot v1, https://goo.gl/fbAQLP

exports[`BuildStageSetupShell snapshot test initializes ok 1`] = `
<div>
  <section
    class="setupShell"
  >
    <div
      class="bp3-tabs Tabs--main Tabs--horizontal"
    >
      <div
        class="bp3-tab-list"
        role="tablist"
      >
        <div
          class="bp3-tab-indicator-wrapper"
          style="height: 0px; transform: translateX(0px) translateY(0px); width: 0px;"
        >
          <div
            class="bp3-tab-indicator"
          />
        </div>
        <div
          aria-controls="bp3-tab-panel_stageSetupShell_OVERVIEW"
          aria-disabled="false"
          aria-expanded="true"
          aria-selected="true"
          class="bp3-tab"
          data-tab-id="OVERVIEW"
          data-testid="overview"
          id="bp3-tab-title_stageSetupShell_OVERVIEW"
          role="tab"
          tabindex="0"
        >
          <span
            class="tab"
          >
            <span
              class="bp3-icon StyledProps--main"
              data-icon="ci-main"
              style="height: 14px;"
            >
              <svg
                height="14"
                viewBox="0 0 32 32"
                width="14"
                xmlns="http://www.w3.org/2000/svg"
              >
                <path
                  clip-rule="evenodd"
                  d="M29 16c0 1.6038-.3111 3.1631-.8544 4.5992-.0998.2637-.4365.3299-.6371.1317l-3.989-3.9409c-.1664-.1644-.1943-.4212-.0858-.6285.4326-.8268.6489-1.7725.6489-2.7615.0565-3.2217-2.6-5.87826-5.8783-5.87826-1.0408 0-1.9947.26076-2.8235.70606-.204.10961-.458.08344-.6229-.07926L11.207 4.64368c-.2503-.24699-.1738-.66779.1545-.79382C12.8053 3.29544 14.3394 3 16 3c7.1783 0 13 5.82174 13 13ZM8.47555 5.42062c.23175-.16331.54614-.12936.74662.07111l4.03533 4.03529c.1783.17831.1939.46028.0539.67008-.6307.9455-.9853 2.0581-.9853 3.2594 0 3.2783 2.6565 5.9348 5.9348 5.9348 1.2013 0 2.3139-.3546 3.2594-.9853.2098-.14.4918-.1244.6701.0539l4.3678 4.3679c.2035.2034.235.5235.0651.7557C24.2247 26.8601 20.3994 29 16 29 8.82174 29 3 23.1783 3 16c0-4.4033 2.14366-8.23149 5.47555-10.57938ZM18.2609 17.1304c2.2043 0 3.9565-1.7521 3.9565-3.9565 0-2.2043-1.7522-3.95651-3.9565-3.95651-2.2044 0-3.9566 1.75221-3.9566 3.95651 0 2.2044 1.7522 3.9565 3.9566 3.9565Z"
                  fill="url(#a)"
                  fill-rule="evenodd"
                />
                <defs>
                  <lineargradient
                    gradientUnits="userSpaceOnUse"
                    id="a"
                    x1="-5.39823"
                    x2="11.3982"
                    y1="11.3982"
                    y2="37.3982"
                  >
                    <stop
                      stop-color="#73DFE7"
                    />
                    <stop
                      offset="1"
                      stop-color="#0095F7"
                    />
                  </lineargradient>
                </defs>
              </svg>
            </span>
            Overview
          </span>
        </div>
        <span
          class="bp3-icon bp3-icon-chevron-right StyledProps--main StyledProps--margin-right-small StyledProps--margin-left-small StyledProps--color StyledProps--color-grey400"
          icon="chevron-right"
          style="align-self: center; height: 20px;"
        >
          <svg
            data-icon="chevron-right"
            height="20"
            viewBox="0 0 20 20"
            width="20"
          >
            <desc>
              chevron-right
            </desc>
            <path
              d="M13.71 9.29l-6-6a1.003 1.003 0 00-1.42 1.42l5.3 5.29-5.29 5.29c-.19.18-.3.43-.3.71a1.003 1.003 0 001.71.71l6-6c.18-.18.29-.43.29-.71 0-.28-.11-.53-.29-.71z"
              fill-rule="evenodd"
            />
          </svg>
        </span>
        <div
          aria-controls="bp3-tab-panel_stageSetupShell_INFRASTRUCTURE"
          aria-disabled="false"
          aria-expanded="false"
          aria-selected="false"
          class="bp3-tab"
          data-tab-id="INFRASTRUCTURE"
          data-testid="ci.infraLabel"
          id="bp3-tab-title_stageSetupShell_INFRASTRUCTURE"
          role="tab"
          tabindex="0"
        >
          <span
            class="tab"
          >
            <span
              class="bp3-icon bp3-icon-warning-sign StyledProps--main StyledProps--color StyledProps--color-orange500"
              icon="warning-sign"
            >
              <svg
                data-icon="warning-sign"
                height="16"
                viewBox="0 0 16 16"
                width="16"
              >
                <desc>
                  warning-sign
                </desc>
                <path
                  d="M15.84 13.5l.01-.01-7-12-.01.01c-.17-.3-.48-.5-.85-.5s-.67.2-.85.5l-.01-.01-7 12 .01.01c-.09.15-.15.31-.15.5 0 .55.45 1 1 1h14c.55 0 1-.45 1-1 0-.19-.06-.35-.15-.5zm-6.85-.51h-2v-2h2v2zm0-3h-2v-5h2v5z"
                  fill-rule="evenodd"
                />
              </svg>
            </span>
            ci.infraLabel
          </span>
        </div>
        <span
          class="bp3-icon bp3-icon-chevron-right StyledProps--main StyledProps--margin-right-small StyledProps--margin-left-small StyledProps--color StyledProps--color-grey400"
          icon="chevron-right"
          style="align-self: center; height: 20px;"
        >
          <svg
            data-icon="chevron-right"
            height="20"
            viewBox="0 0 20 20"
            width="20"
          >
            <desc>
              chevron-right
            </desc>
            <path
              d="M13.71 9.29l-6-6a1.003 1.003 0 00-1.42 1.42l5.3 5.29-5.29 5.29c-.19.18-.3.43-.3.71a1.003 1.003 0 001.71.71l6-6c.18-.18.29-.43.29-.71 0-.28-.11-.53-.29-.71z"
              fill-rule="evenodd"
            />
          </svg>
        </span>
        <div
          aria-controls="bp3-tab-panel_stageSetupShell_EXECUTION"
          aria-disabled="false"
          aria-expanded="false"
          aria-selected="false"
          class="bp3-tab"
          data-tab-id="EXECUTION"
          data-testid="ci.executionLabel"
          id="bp3-tab-title_stageSetupShell_EXECUTION"
          role="tab"
          tabindex="0"
        >
          <span
            class="tab"
          >
            <span
              class="bp3-icon bp3-icon-warning-sign StyledProps--main StyledProps--color StyledProps--color-orange500"
              icon="warning-sign"
            >
              <svg
                data-icon="warning-sign"
                height="16"
                viewBox="0 0 16 16"
                width="16"
              >
                <desc>
                  warning-sign
                </desc>
                <path
                  d="M15.84 13.5l.01-.01-7-12-.01.01c-.17-.3-.48-.5-.85-.5s-.67.2-.85.5l-.01-.01-7 12 .01.01c-.09.15-.15.31-.15.5 0 .55.45 1 1 1h14c.55 0 1-.45 1-1 0-.19-.06-.35-.15-.5zm-6.85-.51h-2v-2h2v2zm0-3h-2v-5h2v5z"
                  fill-rule="evenodd"
                />
              </svg>
            </span>
            ci.executionLabel
          </span>
        </div>
        <span
          class="bp3-icon bp3-icon-chevron-right StyledProps--main StyledProps--margin-right-small StyledProps--margin-left-small StyledProps--color StyledProps--color-grey400"
          icon="chevron-right"
          style="align-self: center; height: 20px;"
        >
          <svg
            data-icon="chevron-right"
            height="20"
            viewBox="0 0 20 20"
            width="20"
          >
            <desc>
              chevron-right
            </desc>
            <path
              d="M13.71 9.29l-6-6a1.003 1.003 0 00-1.42 1.42l5.3 5.29-5.29 5.29c-.19.18-.3.43-.3.71a1.003 1.003 0 001.71.71l6-6c.18-.18.29-.43.29-.71 0-.28-.11-.53-.29-.71z"
              fill-rule="evenodd"
            />
          </svg>
        </span>
        <div
          aria-controls="bp3-tab-panel_stageSetupShell_ADVANCED"
          aria-disabled="false"
          aria-expanded="false"
          aria-selected="false"
          class="bp3-tab"
          data-tab-id="ADVANCED"
          data-testid="ci.advancedLabel"
          id="bp3-tab-title_stageSetupShell_ADVANCED"
          role="tab"
          tabindex="0"
        >
          <span
            class="tab"
          >
            <span
              class="bp3-icon StyledProps--main"
              data-icon="advanced"
              style="height: 20px;"
            >
              <svg
                height="20"
                viewBox="0 0 16 16"
                width="20"
                xmlns="http://www.w3.org/2000/svg"
              >
                <path
                  clip-rule="evenodd"
                  d="M3.557 4.017a.5.5 0 0 0-.5.492v7.005a.5.5 0 0 0 .5.507h8.98a.5.5 0 0 0 .5-.5l.001-2.554a.5.5 0 1 1 1 0v2.554a1.5 1.5 0 0 1-1.5 1.5h-8.98a1.5 1.5 0 0 1-1.5-1.522V4.495a1.5 1.5 0 0 1 1.5-1.478h2.951a.5.5 0 0 1 0 1H3.557Z"
                  fill="currentColor"
                  fill-rule="evenodd"
                />
                <path
                  clip-rule="evenodd"
                  d="M11.002 3.694a1.3 1.3 0 1 0 0 2.6 1.3 1.3 0 0 0 0-2.6Zm-2.3 1.3a2.3 2.3 0 1 1 4.6 0 2.3 2.3 0 0 1-4.6 0Z"
                  fill="currentColor"
                  fill-rule="evenodd"
                />
                <path
                  clip-rule="evenodd"
                  d="M10.502 2.949v-.953h1v.953h-1Zm0 5.051V6.98h1V8h-1ZM13.051 4.498h.953v1h-.953v-1ZM8 4.498h1.02v1H8v-1ZM12.805 6.094l.674.674-.708.707-.673-.674.707-.707ZM9.233 2.522l.722.722-.708.707-.721-.722.707-.707ZM12.098 3.196l.673-.674.708.708-.674.673-.707-.707ZM8.526 6.768l.722-.722.707.708-.722.721-.707-.707Z"
                  fill="currentColor"
                  fill-rule="evenodd"
                />
              </svg>
            </span>
            ci.advancedLabel
          </span>
        </div>
      </div>
      <div
        aria-hidden="false"
        aria-labelledby="bp3-tab-title_stageSetupShell_OVERVIEW"
        class="bp3-tab-panel"
        id="bp3-tab-panel_stageSetupShell_OVERVIEW"
        role="tabpanel"
      >
        <div
          class="wrapper"
        >
          <div
            class="contentSection"
          >
            <div
              class="OverlaySpinner--overlaySpinner"
            >
              <div
                class="tabHeading"
                id="stageDetails"
              >
                stageDetails
              </div>
              <div
                class="bp3-card bp3-elevation-0 Card--card sectionCard"
              >
                <form
                  class="FormikForm--main"
                >
                  <div>
                    <div
                      class="StyledProps--font StyledProps--main main"
                    >
                      <div
                        class="InputWithIdentifier--txtNameContainer TextInput--main"
                      >
                        <div
                          class="Layout--horizontal Layout--layout-spacing-xsmall StyledProps--main InputWithIdentifier--txtIdContainer"
                        >
                          <div
                            class="Text--withDocsTooltip"
                            data-tooltip-id="ciBuildStage_identifier"
                          >
                            <p
                              class="StyledProps--font StyledProps--main"
                            >
                              Id
                            </p>
                          </div>
                          <p
                            class="StyledProps--font StyledProps--main"
                          >
                            :
                          </p>
                          <span
                            class="bp3-popover-wrapper"
                          >
                            <span
                              class="bp3-popover-target"
                            >
                              <div
                                class="bp3-editable-text bp3-disabled InputWithIdentifier--idValue"
                              >
                                <span
                                  class="bp3-editable-text-content"
                                  style="height: 1px; line-height: 1px; min-width: 0;"
                                >
                                  Deploy
                                </span>
                              </div>
                            </span>
                          </span>
                        </div>
                        <div
                          class="bp3-form-group"
                          data-id="name-0"
                        >
                          <label
                            class="bp3-label"
                            for="name"
                          >
                            <span
                              class="Tooltip--acenter"
                              data-tooltip-id="ciBuildStage_name"
                            >
                              name
                            </span>
                             
                            <span
                              class="bp3-text-muted"
                            />
                          </label>
                          <div
                            class="bp3-form-content"
                          >
                            <div
                              class="bp3-input-group"
                            >
                              <input
                                autocomplete="off"
                                class="bp3-input"
                                name="name"
                                type="text"
                                value="Deploy"
                              />
                            </div>
                          </div>
                        </div>
                      </div>
                      <div
                        class="StyledProps--font StyledProps--main"
                      >
                        <label
                          class="Label--main bp3-label descriptionLabel"
                        >
                          optionalField
                          <span
                            class="bp3-icon StyledProps--main editOpen"
                            data-icon="Edit"
                            data-name="edit"
                            data-testid="description-edit"
                          >
                            <svg
                              height="12"
                              viewBox="0 0 16 16"
                              width="12"
                              xmlns="http://www.w3.org/2000/svg"
                            >
                              <path
                                clip-rule="evenodd"
                                d="M11.207.485a.5.5 0 0 1 .354-.146 3.5 3.5 0 0 1 3.5 3.5.5.5 0 0 1-.146.353l-11 11a.5.5 0 0 1-.354.147h-3a.5.5 0 0 1-.5-.5v-3a.5.5 0 0 1 .146-.354l11-11Zm.553.862L1.061 12.046v2.293h2.293l10.7-10.7a2.5 2.5 0 0 0-2.294-2.292Z"
                                fill="currentColor"
                                fill-rule="evenodd"
                              />
                              <path
                                clip-rule="evenodd"
                                d="M11.89 2.646a.5.5 0 0 1 0 .708L8.353 6.889a.5.5 0 0 1-.708-.707l3.536-3.536a.5.5 0 0 1 .707 0Z"
                                fill="currentColor"
                                fill-rule="evenodd"
                                opacity="0.3"
                              />
                            </svg>
                          </span>
                        </label>
                      </div>
                      <div
                        class="StyledProps--font StyledProps--main"
                      >
                        <label
                          class="Label--main bp3-label descriptionLabel"
                        >
                          optionalField
                          <span
                            class="bp3-icon StyledProps--main editOpen"
                            data-icon="Edit"
                            data-name="edit"
                            data-testid="tags-edit"
                          >
                            <svg
                              height="12"
                              viewBox="0 0 16 16"
                              width="12"
                              xmlns="http://www.w3.org/2000/svg"
                            >
                              <path
                                clip-rule="evenodd"
                                d="M11.207.485a.5.5 0 0 1 .354-.146 3.5 3.5 0 0 1 3.5 3.5.5.5 0 0 1-.146.353l-11 11a.5.5 0 0 1-.354.147h-3a.5.5 0 0 1-.5-.5v-3a.5.5 0 0 1 .146-.354l11-11Zm.553.862L1.061 12.046v2.293h2.293l10.7-10.7a2.5 2.5 0 0 0-2.294-2.292Z"
                                fill="currentColor"
                                fill-rule="evenodd"
                              />
                              <path
                                clip-rule="evenodd"
                                d="M11.89 2.646a.5.5 0 0 1 0 .708L8.353 6.889a.5.5 0 0 1-.708-.707l3.536-3.536a.5.5 0 0 1 .707 0Z"
                                fill="currentColor"
                                fill-rule="evenodd"
                                opacity="0.3"
                              />
                            </svg>
                          </span>
                        </label>
                      </div>
                    </div>
                    <div
                      style="display: flex; align-items: center;"
                    >
                      <label
                        class="bp3-control bp3-switch StyledProps--font Switch--switch StyledProps--main"
                      >
                        <input
                          type="checkbox"
                        />
                        <span
                          class="bp3-control-indicator"
                        />
                        <span
                          class="Tooltip--acenter Switch--inlineTooltip"
                          data-tooltip-id="cloneCodebase"
                        >
                          cloneCodebaseLabel
                        </span>
                      </label>
                    </div>
                  </div>
                </form>
              </div>
              <div
                class="tabHeading"
                id="sharedPaths"
              >
                pipelineSteps.build.stageSpecifications.sharedPaths
              </div>
              <div
                class="bp3-card bp3-elevation-0 Card--card sectionCard"
              >
                <form
                  class="FormikForm--main fields contentCard"
                >
                  <div>
                    <div
                      class="group withoutSpacing"
                    >
                      <div
                        class="bp3-form-group"
                        data-id="sharedPaths-0"
                        style="flex-grow: 1; margin-bottom: 0px;"
                      >
                        <label
                          class="bp3-label"
                          for="sharedPaths"
                        >
                          <div
                            class="formLabel"
                          >
                            <span
                              class="Tooltip--acenter"
                              data-tooltip-id="ciBuildStage_sharedPaths"
                            >
                              <div
                                class="Text--withDocsTooltip"
                                data-tooltip-id="stageSpecificationsSharedPaths"
                              >
                                <p
                                  class="StyledProps--font StyledProps--main"
                                >
                                  pipelineSteps.build.stageSpecifications.sharedPaths
                                </p>
                              </div>
                            </span>
                            <div
                              class="bp3-popover-wrapper typeSelectorWrapper"
                            >
                              <div
                                class="bp3-popover-target typeSelector"
                              >
                                <button
                                  class="bp3-button bp3-minimal Button--button StyledProps--font StyledProps--main btn Button--iconOnly Button--without-shadow"
                                  type="button"
                                >
                                  <span
                                    class="bp3-button-text"
                                  >
                                    <span
                                      class="bp3-icon StyledProps--main icon fixed"
                                      data-icon="fixed-input"
                                    >
                                      <svg
                                        height="12"
                                        viewBox="0 0 9 9"
                                        width="12"
                                        xmlns="http://www.w3.org/2000/svg"
                                      >
                                        <path
                                          d="m5.61 7.55c.62-.7.3-1.42.18-2.35a.32.32 0 0 1 .1-.29l1.43-1.42a.76.76 0 0 1 .28-.15c.39-.1 1 0 1.28-.29a.34.34 0 0 0 0-.51l-2.42-2.42a.33.33 0 0 0 -.52 0c-.28.29-.2.9-.28 1.3a.53.53 0 0 1 -.13.23l-1.44 1.47a.29.29 0 0 1 -.28.09c-.89-.11-1.6-.49-2.27.11-.29.26-.29.43 0 .7l1.31 1.34.15.16-.15.15-2.7 2.69a.36.36 0 0 0 0 .54.36.36 0 0 0 .54-.05l2.63-2.68.17-.17.17.16c.45.46.9.91 1.36 1.36.21.21.42.22.59.03z"
                                          fill="currentColor"
                                        />
                                      </svg>
                                    </span>
                                  </span>
                                </button>
                              </div>
                            </div>
                          </div>
                           
                          <span
                            class="bp3-text-muted"
                          />
                        </label>
                        <div
                          class="bp3-form-content"
                        >
                          <button
                            class="bp3-button bp3-minimal Button--button StyledProps--font StyledProps--main StyledProps--intent-primary Button--with-current-color Button--without-shadow"
                            data-testid="add-sharedPaths"
                            style="padding: 0px;"
                            type="button"
                          >
                            <span
                              class="bp3-button-text"
                            >
                              plusAdd
                            </span>
                          </button>
                        </div>
                      </div>
                    </div>
                  </div>
                </form>
              </div>
              <div
                class="Accordion--accordion accordionTitle"
              >
                <div
                  class="Accordion--panel"
                  data-open="false"
                  data-testid="advanced-panel"
                  id="advanced-panel"
                >
                  <div
                    class="Accordion--summary"
                    data-testid="advanced-summary"
                  >
                    <div
                      class=""
                    >
                      <div
                        class="tabHeading"
                        id="advanced"
                        style="margin-bottom: 0px;"
                      >
                        advancedTitle
                      </div>
                    </div>
                    <div
                      class="Accordion--chevron"
                    />
                  </div>
                  <div
                    class="bp3-collapse Accordion--collapse"
                  >
                    <div
                      aria-hidden="false"
                      class="bp3-collapse-body"
                      style="transform: translateY(-undefinedpx);"
                    />
                  </div>
                </div>
              </div>
            </div>
            <div
              class="Layout--horizontal Layout--layout-spacing-medium StyledProps--main footer"
            >
              <button
                class="bp3-button Button--button StyledProps--font StyledProps--main StyledProps--intent-primary Button--with-current-color Button--withRightIcon Button--variation Button--variation-primary"
                type="button"
              >
                <span
                  class="bp3-button-text"
                >
                  ci.next
                </span>
                <span
                  class="bp3-icon bp3-icon-chevron-right StyledProps--main"
                  icon="chevron-right"
                >
                  <svg
                    data-icon="chevron-right"
                    height="16"
                    viewBox="0 0 16 16"
                    width="16"
                  >
                    <desc>
                      chevron-right
                    </desc>
                    <path
                      d="M10.71 7.29l-4-4a1.003 1.003 0 00-1.42 1.42L8.59 8 5.3 11.29c-.19.18-.3.43-.3.71a1.003 1.003 0 001.71.71l4-4c.18-.18.29-.43.29-.71 0-.28-.11-.53-.29-.71z"
                      fill-rule="evenodd"
                    />
                  </svg>
                </span>
              </button>
            </div>
          </div>
        </div>
      </div>
    </div>
  </section>
</div>
`;
