// Jest Snapshot v1, https://goo.gl/fbAQLP

exports[`Validate MetricLineChart should render with Data 1`] = `
<div>
  <div
    class="StyledProps--font StyledProps--main"
  />
</div>
`;

exports[`Validate MetricLineChart should render with error state 1`] = `
<div>
  <p
    class="StyledProps--font StyledProps--main StyledProps--padding-bottom-medium StyledProps--font-variation-form-message-danger"
  >
    mockError
  </p>
</div>
`;

exports[`Validate MetricLineChart should render with loading state 1`] = `
<div>
  <div
    class="StyledProps--font StyledProps--main"
  >
    <span
      class="bp3-icon StyledProps--main StyledProps--margin-bottom-medium"
      data-icon="spinner"
    >
      <svg
        fill="none"
        height="24"
        viewBox="0 0 36 36"
        width="24"
        xmlns="http://www.w3.org/2000/svg"
      >
        <path
          d="M18 2.0845       a 15.9155 15.9155 0 0 1 0 31.831       a 15.9155 15.9155 0 0 1 0 -31.831"
          style="animation: 1s linear infinite spinner-rotation; transform-origin: 50% 50%; transform-box: fill-box; stroke: currentColor; stroke-dasharray: 75, 100; stroke-width: 2.8; stroke-linecap: round;"
        />
      </svg>
    </span>
  </div>
</div>
`;
