// Jest Snapshot v1, https://goo.gl/fbAQLP

exports[`Mini Policy Sets Renderer snapshot test 1`] = `
<div>
  <div
    class="Layout--horizontal StyledProps--main policySetHolder StyledProps--flex StyledProps--flex-justifyContent-space-between StyledProps--flex-alignItems-center"
  >
    <p
      class="StyledProps--font Text--lineclamp StyledProps--main StyledProps--color StyledProps--color-black"
      style="--text-line-clamp: 1;"
    >
      Policy set 1
    </p>
    <div
      class="Layout--horizontal StyledProps--main StyledProps--flex StyledProps--flex-justifyContent-flex-end StyledProps--flex-alignItems-center"
    >
      <div
        class="Layout--horizontal StyledProps--main StyledProps--flex StyledProps--flex-alignItems-center StyledProps--margin-right-small"
      >
        <p
          class="StyledProps--font Text--lineclamp StyledProps--main styledPolicy"
          style="--text-line-clamp: 1;"
        >
          Policy 1
        </p>
        <p
          class="StyledProps--font Text--lineclamp StyledProps--main styledPolicy"
          style="--text-line-clamp: 1;"
        >
          Policy 2
        </p>
      </div>
      <p
        class="StyledProps--font StyledProps--main StyledProps--font-small"
        style="width: 48px;"
      >
        Account
      </p>
    </div>
  </div>
  <div
    class="Layout--horizontal StyledProps--main policySetHolder StyledProps--flex StyledProps--flex-justifyContent-space-between StyledProps--flex-alignItems-center"
  >
    <p
      class="StyledProps--font Text--lineclamp StyledProps--main StyledProps--color StyledProps--color-black"
      style="--text-line-clamp: 1;"
    >
      policy set 2
    </p>
    <div
      class="Layout--horizontal StyledProps--main StyledProps--flex StyledProps--flex-justifyContent-flex-end StyledProps--flex-alignItems-center"
    >
      <div
        class="Layout--horizontal StyledProps--main StyledProps--flex StyledProps--flex-alignItems-center StyledProps--margin-right-small"
      >
        <p
          class="StyledProps--font Text--lineclamp StyledProps--main styledPolicy"
          style="--text-line-clamp: 1;"
        >
          policy 3
        </p>
        <p
          class="StyledProps--font Text--lineclamp StyledProps--main styledPolicy"
          style="--text-line-clamp: 1;"
        >
          policy 4
        </p>
        <span
          class="bp3-popover-wrapper"
        >
          <span
            class="bp3-popover-target Text--targetClass"
          >
            <p
              class="StyledProps--font StyledProps--main styledPolicy StyledProps--background-grey100"
              tabindex="0"
            >
              +1
            </p>
          </span>
        </span>
      </div>
      <p
        class="StyledProps--font StyledProps--main StyledProps--font-small"
        style="width: 48px;"
      >
        Org
      </p>
    </div>
  </div>
  <div
    class="Layout--horizontal StyledProps--main policySetHolder StyledProps--flex StyledProps--flex-justifyContent-space-between StyledProps--flex-alignItems-center"
  >
    <p
      class="StyledProps--font Text--lineclamp StyledProps--main StyledProps--color StyledProps--color-black"
      style="--text-line-clamp: 1;"
    >
      policy set 3
    </p>
    <div
      class="Layout--horizontal StyledProps--main StyledProps--flex StyledProps--flex-justifyContent-flex-end StyledProps--flex-alignItems-center"
    >
      <p
        class="StyledProps--font StyledProps--main StyledProps--font-small"
        style="width: 48px;"
      >
        Project
      </p>
    </div>
  </div>
  <div
    class="Layout--horizontal StyledProps--main policySetHolder StyledProps--flex StyledProps--flex-justifyContent-space-between StyledProps--flex-alignItems-center"
  >
    <div
      class="bp3-spinner"
    >
      <div
        class="bp3-spinner-animation"
      >
        <svg
          height="20"
          stroke-width="16.00"
          viewBox="-3.00 -3.00 106.00 106.00"
          width="20"
        >
          <path
            class="bp3-spinner-track"
            d="M 50,50 m 0,-45 a 45,45 0 1 1 0,90 a 45,45 0 1 1 0,-90"
          />
          <path
            class="bp3-spinner-head"
            d="M 50,50 m 0,-45 a 45,45 0 1 1 0,90 a 45,45 0 1 1 0,-90"
            pathLength="280"
            stroke-dasharray="280 280"
            stroke-dashoffset="210"
          />
        </svg>
      </div>
    </div>
  </div>
</div>
`;
