// Jest Snapshot v1, https://goo.gl/fbAQLP

exports[`Monitored Service Summary Card Service data available 1`] = `
<div>
  <div
    class="StyledProps--font StyledProps--main StyledProps--flex"
  >
    <div
      class="StyledProps--font StyledProps--main"
    >
      <a
        href="/account/account_id/cv/orgs/org_identifier/projects/project_identifier/monitoringservices/edit/identifier?tab=ServiceHealth"
      >
        <p
          class="StyledProps--font StyledProps--main serviceName StyledProps--color StyledProps--color-primary7 StyledProps--font-variation-h6"
        >
          serviceName
        </p>
      </a>
      <p
        class="StyledProps--font StyledProps--main StyledProps--color StyledProps--color-grey0 StyledProps--font-variation-small"
      >
        environmentName
      </p>
    </div>
    <div
      class="StyledProps--font StyledProps--main StyledProps--flex"
    >
      <button
        class="bp3-button Button--button StyledProps--font StyledProps--main Button--with-current-color Button--iconOnly Button--withLeftIcon Button--variation Button--variation-icon"
        type="button"
      >
        <span
          class="bp3-icon StyledProps--main StyledProps--color StyledProps--color-grey0"
          data-icon="Edit"
        >
          <svg
            height="14"
            viewBox="0 0 16 16"
            width="14"
            xmlns="http://www.w3.org/2000/svg"
          >
            <path
              clip-rule="evenodd"
              d="M11.207.485a.5.5 0 0 1 .354-.146 3.5 3.5 0 0 1 3.5 3.5.5.5 0 0 1-.146.353l-11 11a.5.5 0 0 1-.354.147h-3a.5.5 0 0 1-.5-.5v-3a.5.5 0 0 1 .146-.354l11-11Zm.553.862L1.061 12.046v2.293h2.293l10.7-10.7a2.5 2.5 0 0 0-2.294-2.292Z"
              fill="currentColor"
              fill-rule="evenodd"
            />
            <path
              clip-rule="evenodd"
              d="M11.89 2.646a.5.5 0 0 1 0 .708L8.353 6.889a.5.5 0 0 1-.708-.707l3.536-3.536a.5.5 0 0 1 .707 0Z"
              fill="currentColor"
              fill-rule="evenodd"
              opacity="0.3"
            />
          </svg>
        </span>
      </button>
      <button
        class="bp3-button Button--button StyledProps--font StyledProps--main StyledProps--margin-right-small Button--with-current-color Button--iconOnly Button--withLeftIcon Button--variation Button--variation-icon"
        type="button"
      >
        <span
          class="bp3-icon bp3-icon-trash StyledProps--main StyledProps--color StyledProps--color-grey0"
          icon="trash"
        >
          <svg
            data-icon="trash"
            height="14"
            viewBox="0 0 16 16"
            width="14"
          >
            <desc>
              trash
            </desc>
            <path
              d="M14.49 3.99h-13c-.28 0-.5.22-.5.5s.22.5.5.5h.5v10c0 .55.45 1 1 1h10c.55 0 1-.45 1-1v-10h.5c.28 0 .5-.22.5-.5s-.22-.5-.5-.5zm-8.5 9c0 .55-.45 1-1 1s-1-.45-1-1v-6c0-.55.45-1 1-1s1 .45 1 1v6zm3 0c0 .55-.45 1-1 1s-1-.45-1-1v-6c0-.55.45-1 1-1s1 .45 1 1v6zm3 0c0 .55-.45 1-1 1s-1-.45-1-1v-6c0-.55.45-1 1-1s1 .45 1 1v6zm2-12h-4c0-.55-.45-1-1-1h-2c-.55 0-1 .45-1 1h-4c-.55 0-1 .45-1 1v1h14v-1c0-.55-.45-1-1-1z"
              fill-rule="evenodd"
            />
          </svg>
        </span>
      </button>
      <div
        class="optionBtn"
      >
        <div
          class="item active disabled"
          data-name="on-btn"
          role="button"
        >
          common.ON
        </div>
        <div
          class="item"
          data-name="off-btn"
          role="button"
        >
          common.OFF
        </div>
      </div>
    </div>
  </div>
  <div
    class="StyledProps--font StyledProps--main StyledProps--border StyledProps--border-top StyledProps--border-bottom StyledProps--border-color-grey400 StyledProps--padding-top-medium StyledProps--padding-bottom-medium StyledProps--margin-top-medium StyledProps--margin-bottom-medium"
  >
    <p
      class="StyledProps--font StyledProps--main serviceChanges StyledProps--color StyledProps--color-grey0 StyledProps--font-variation-tiny-semi StyledProps--padding-bottom-medium"
    >
      cv.Dependency.serviceChanges
    </p>
    <div
      class="Layout--vertical Layout--layout-spacing-small StyledProps--main"
    >
      <p
        class="StyledProps--font StyledProps--main StyledProps--font-variation-small StyledProps--color StyledProps--color-grey100"
        style="display: flex; align-items: center;"
      >
        <span
          class="bp3-icon StyledProps--main Text--icon StyledProps--padding-right-xsmall StyledProps--color StyledProps--color-grey100"
          data-icon="nav-project"
        >
          <svg
            height="12"
            viewBox="0 0 22 22"
            width="12"
            xmlns="http://www.w3.org/2000/svg"
          >
            <g
              fill="none"
            >
              <path
                d="m0 0h22v22h-22z"
                fill="#000"
                opacity="0"
              />
              <path
                d="m1.1 4.58333333 9.9-4.58333333 9.9 4.58333333v12.83333337l-9.9 4.5833333-9.9-4.5833333zm9 5.17091667-7.20000001-3.33025v9.8110833l7.20000001 3.3375834v-9.81841672zm9 6.4808333v-9.8110833l-7.2 3.33025v9.8184167zm-1.4625-11.1503333-6.6375-3.07266667-6.63750001 3.07266667 6.63750001 3.07266667z"
                fill="#56778d"
              />
            </g>
          </svg>
        </span>
        10 Deployments
      </p>
      <p
        class="StyledProps--font StyledProps--main infrastructureIconPadding StyledProps--font-variation-small StyledProps--color StyledProps--color-grey100"
        style="display: flex; align-items: center;"
      >
        <span
          class="bp3-icon StyledProps--main Text--icon StyledProps--padding-none StyledProps--color StyledProps--color-grey100"
          data-icon="infrastructure"
        >
          <svg
            height="18"
            viewBox="0 0 16 16"
            width="18"
            xmlns="http://www.w3.org/2000/svg"
          >
            <path
              clip-rule="evenodd"
              d="M12.543 5.377 8 2.755 3.458 5.377v5.246L8 13.245l4.543-2.622V5.377ZM8.5 1.89a1 1 0 0 0-1 0L2.958 4.51a1 1 0 0 0-.5.866v5.246a1 1 0 0 0 .5.866L7.5 14.11a1 1 0 0 0 1 0l4.543-2.622a1 1 0 0 0 .5-.866V5.377a1 1 0 0 0-.5-.866L8.5 1.89Z"
              fill="currentColor"
              fill-rule="evenodd"
            />
            <path
              clip-rule="evenodd"
              d="M10.233 6.71 8 5.422l-2.233 1.29v2.578L8 10.58l2.233-1.29V6.711ZM8.5 4.556a1 1 0 0 0-1 0l-2.233 1.29a1 1 0 0 0-.5.866v2.578a1 1 0 0 0 .5.866l2.233 1.29a1 1 0 0 0 1 0l2.233-1.29a1 1 0 0 0 .5-.866V6.711a1 1 0 0 0-.5-.866L8.5 4.555Z"
              fill="currentColor"
              fill-rule="evenodd"
            />
          </svg>
        </span>
        10 infrastructureText changes
      </p>
      <p
        class="StyledProps--font StyledProps--main StyledProps--font-variation-small StyledProps--color StyledProps--color-grey100"
        style="display: flex; align-items: center;"
      >
        <span
          class="bp3-icon StyledProps--main Text--icon StyledProps--padding-right-xsmall StyledProps--color StyledProps--color-grey100"
          data-icon="warning-outline"
        >
          <svg
            fill="#fff"
            height="12"
            stroke="currentColor"
            stroke-linecap="round"
            stroke-linejoin="round"
            stroke-width="2"
            viewBox="0 0 24 24"
            width="12"
            xmlns="http://www.w3.org/2000/svg"
          >
            <path
              d="M10.29 3.86L1.82 18a2 2 0 0 0 1.71 3h16.94a2 2 0 0 0 1.71-3L13.71 3.86a2 2 0 0 0-3.42 0z"
            />
            <line
              x1="12"
              x2="12"
              y1="9"
              y2="13"
            />
            <line
              x1="12"
              x2="12.01"
              y1="17"
              y2="17"
            />
          </svg>
        </span>
        10 cv.changeSource.tooltip.incidents
      </p>
    </div>
  </div>
  <div
    class="Layout--vertical Layout--layout-spacing-large StyledProps--main"
  >
    <p
      class="StyledProps--font StyledProps--main serviceHealth StyledProps--color StyledProps--color-grey0 StyledProps--font-variation-tiny-semi"
    >
      cv.monitoredServices.monitoredServiceTabs.serviceHealth
    </p>
    <div
      class="StyledProps--font StyledProps--main StyledProps--padding-top-small StyledProps--padding-bottom-large"
    />
    <div
      class="Layout--horizontal Layout--layout-spacing-small StyledProps--main healthScoreCardContainer"
    >
      <span
        class="Tag--main"
      >
        <span
          class="bp3-tag healthScoreCard"
        >
          <span
            class="bp3-text-overflow-ellipsis bp3-fill"
          >
            45
          </span>
        </span>
      </span>
      <p
        class="StyledProps--font StyledProps--main StyledProps--color StyledProps--color-grey0 StyledProps--font-variation-small"
      >
        cv.monitoredServices.serviceHealth.serviceDependencies.states.needsAttention
      </p>
    </div>
    <p
      class="StyledProps--font StyledProps--main StyledProps--color StyledProps--color-grey0 StyledProps--font-variation-tiny-semi StyledProps--padding-bottom-small"
    >
      cv.dependenciesHealthWithCount
    </p>
    <div
      class="Layout--horizontal StyledProps--main container"
    >
      <span
        class="bp3-popover-wrapper"
      >
        <span
          class="bp3-popover-target"
        >
          <span
            class="bp3-icon StyledProps--main StyledProps--color StyledProps--color-green500"
            data-icon="polygon"
            tabindex="0"
          >
            <svg
              height="14"
              viewBox="0 0 9.5 12"
              width="14"
              xmlns="http://www.w3.org/2000/svg"
            >
              <defs />
              <path
                d="M76.281 7.553l4.476 2.525v5.05l-4.476 2.526-4.476-2.525v-5.05z"
                fill="currentColor"
                fill-rule="evenodd"
                transform="translate(-71.505 -6.668)"
              />
            </svg>
          </span>
        </span>
      </span>
    </div>
    <p
      class="StyledProps--font StyledProps--main StyledProps--color StyledProps--color-grey0 StyledProps--font-variation-tiny-semi StyledProps--padding-bottom-small"
    >
      cv.slos.title (0)
    </p>
  </div>
</div>
`;
