// Jest Snapshot v1, https://goo.gl/fbAQLP

exports[`Create CE AWS Connector Create Cross Account Role Step should render form 1`] = `
<div>
  <div
    class="Layout--vertical StyledProps--main stepContainer"
  >
    <h2
      class="StyledProps--font StyledProps--font-h2 StyledProps--main header"
      level="2"
    >
      connectors.ceAws.crossAccountRoleStep2.heading
      <span>
        connectors.ceAws.crossAccountRoleStep2.createRole
      </span>
    </h2>
    <div
      class="infobox"
      style="margin-bottom: 25px;"
    >
      connectors.ceAws.crossAccountRoleStep2.subHeading
    </div>
    <div
      class="StyledProps--font StyledProps--main"
      style="padding-bottom: 40px;"
    >
      <div
        class="Layout--vertical StyledProps--main"
        style="width: 65%;"
      >
        <button
          class="bp3-button Button--button StyledProps--font StyledProps--main launchTemplateBut Button--with-current-color Button--withLeftIcon"
          type="button"
        >
          <span
            class="bp3-icon StyledProps--main StyledProps--padding-right-xsmall StyledProps--margin-right-xsmall"
            data-icon="main-share"
          >
            <svg
              enable-background="new 0 0 14 14"
              height="12"
              viewBox="0 0 14 14"
              width="12"
              xmlns="http://www.w3.org/2000/svg"
            >
              <path
                d="m10.5 12.6h-9.1v-9.1h6.1l1.4-1.4h-8.2c-.4 0-.7.3-.7.7v10.5c0 .4.3.7.7.7h10.5c.4 0 .7-.3.7-.7v-8.2l-1.4 1.4zm2.8-12.6h-4.9c-.4 0-.7.3-.7.7s.3.7.7.7h3.2l-5.1 5.1c-.1.1-.2.3-.2.5 0 .4.3.7.7.7.2 0 .4-.1.5-.2l5.1-5.1v3.2c0 .4.3.7.7.7s.7-.3.7-.7v-4.9c0-.4-.3-.7-.7-.7z"
                fill="#4d5969"
              />
            </svg>
          </span>
          <span
            class="bp3-button-text"
          >
            connectors.ceAws.crossAccountRoleStep2.launchTemplate
          </span>
        </button>
        <p
          class="StyledProps--font StyledProps--main StyledProps--font-small"
          style="text-align: center;"
        >
          connectors.ceAws.crossAccountRoleStep2.followInstructions
        </p>
      </div>
    </div>
    <div
      style="flex: 1;"
    >
      <div
        class="OverlaySpinner--overlaySpinner"
      >
        <form
          class="FormikForm--main"
        >
          <div>
            <div
              class="StyledProps--font StyledProps--main main"
            >
              <div
                class="bp3-form-group dataFields"
                data-id="crossAccountRoleArn-0"
              >
                <label
                  class="bp3-label"
                  for="crossAccountRoleArn"
                >
                  <span
                    class="Tooltip--acenter"
                    data-tooltip-id="crossAccountRoleStep2Form_crossAccountRoleArn"
                  >
                    <div
                      class="Layout--horizontal Layout--layout-spacing-xsmall StyledProps--main"
                    >
                      <span
                        class="StyledProps--font StyledProps--main StyledProps--inline"
                      >
                        connectors.ceAws.crossAccountRoleStep2.roleArn
                      </span>
                      <span
                        class="bp3-popover-wrapper"
                      >
                        <span
                          class="bp3-popover-target"
                        >
                          <span
                            class="bp3-icon StyledProps--main StyledProps--color StyledProps--color-primary5"
                            data-icon="info"
                            tabindex="0"
                          >
                            <svg
                              height="12"
                              viewBox="0 0 12 12"
                              width="12"
                              xmlns="http://www.w3.org/2000/svg"
                            >
                              <defs />
                              <path
                                clip-rule="evenodd"
                                d="M0 6c0 3.31371 2.68629 6 6 6s6-2.68629 6-6-2.68629-6-6-6-6 2.68629-6 6zm.75 0c0 2.8995 2.35051 5.25 5.25 5.25 2.8995 0 5.25-2.3505 5.25-5.25C11.25 3.10051 8.8995.75 6 .75 3.10051.75.75 3.10051.75 6zm4.2063 3.104v.646h2.6814v-.646l-.8357-.14355V4.20264H4.9563v.65112l.83569.14355v3.96314L4.9563 9.104zM6.802 1.75195v1.03052H5.79199V1.75195H6.802z"
                                fill-rule="evenodd"
                              />
                            </svg>
                          </span>
                        </span>
                      </span>
                    </div>
                  </span>
                   
                  <span
                    class="bp3-text-muted"
                  />
                </label>
                <div
                  class="bp3-form-content"
                >
                  <div
                    class="bp3-input-group"
                  >
                    <input
                      autocomplete="off"
                      class="bp3-input"
                      name="crossAccountRoleArn"
                      type="text"
                      value=""
                    />
                  </div>
                </div>
              </div>
              <div
                class="bp3-form-group dataFields"
                data-id="externalId-1"
              >
                <label
                  class="bp3-label"
                  for="externalId"
                >
                  <span
                    class="Tooltip--acenter"
                    data-tooltip-id="crossAccountRoleStep2Form_externalId"
                  >
                    <div
                      class="Layout--horizontal Layout--layout-spacing-xsmall StyledProps--main"
                    >
                      <span
                        class="StyledProps--font StyledProps--main StyledProps--inline"
                      >
                        connectors.ceAws.crossAccountRoleStep2.extId
                      </span>
                      <span
                        class="bp3-popover-wrapper"
                      >
                        <span
                          class="bp3-popover-target"
                        >
                          <span
                            class="bp3-icon StyledProps--main StyledProps--color StyledProps--color-primary5"
                            data-icon="info"
                            tabindex="0"
                          >
                            <svg
                              height="12"
                              viewBox="0 0 12 12"
                              width="12"
                              xmlns="http://www.w3.org/2000/svg"
                            >
                              <defs />
                              <path
                                clip-rule="evenodd"
                                d="M0 6c0 3.31371 2.68629 6 6 6s6-2.68629 6-6-2.68629-6-6-6-6 2.68629-6 6zm.75 0c0 2.8995 2.35051 5.25 5.25 5.25 2.8995 0 5.25-2.3505 5.25-5.25C11.25 3.10051 8.8995.75 6 .75 3.10051.75.75 3.10051.75 6zm4.2063 3.104v.646h2.6814v-.646l-.8357-.14355V4.20264H4.9563v.65112l.83569.14355v3.96314L4.9563 9.104zM6.802 1.75195v1.03052H5.79199V1.75195H6.802z"
                                fill-rule="evenodd"
                              />
                            </svg>
                          </span>
                        </span>
                      </span>
                    </div>
                  </span>
                   
                  <span
                    class="bp3-text-muted"
                  />
                </label>
                <div
                  class="bp3-form-content"
                >
                  <div
                    class="bp3-input-group"
                  >
                    <input
                      autocomplete="off"
                      class="bp3-input"
                      name="externalId"
                      type="text"
                      value=""
                    />
                  </div>
                </div>
              </div>
            </div>
            <a>
              connectors.ceAws.crossAccountRoleStep2.dontHaveAccess
            </a>
            <div
              class="Layout--horizontal Layout--layout-spacing-small StyledProps--main buttonPanel"
            >
              <button
                class="bp3-button Button--button StyledProps--font StyledProps--main Button--with-current-color Button--withLeftIcon"
                type="button"
              >
                <span
                  class="bp3-icon bp3-icon-chevron-left StyledProps--main StyledProps--padding-right-xsmall"
                  icon="chevron-left"
                >
                  <svg
                    data-icon="chevron-left"
                    height="16"
                    viewBox="0 0 16 16"
                    width="16"
                  >
                    <desc>
                      chevron-left
                    </desc>
                    <path
                      d="M7.41 8l3.29-3.29c.19-.18.3-.43.3-.71a1.003 1.003 0 00-1.71-.71l-4 4C5.11 7.47 5 7.72 5 8c0 .28.11.53.29.71l4 4a1.003 1.003 0 001.42-1.42L7.41 8z"
                      fill-rule="evenodd"
                    />
                  </svg>
                </span>
                <span
                  class="bp3-button-text"
                >
                  previous
                </span>
              </button>
              <button
                class="bp3-button Button--button StyledProps--font StyledProps--main StyledProps--intent-primary Button--with-current-color Button--withRightIcon"
                type="submit"
              >
                <span
                  class="bp3-button-text"
                >
                  saveAndContinue
                </span>
                <span
                  class="bp3-icon bp3-icon-chevron-right StyledProps--main"
                  icon="chevron-right"
                >
                  <svg
                    data-icon="chevron-right"
                    height="16"
                    viewBox="0 0 16 16"
                    width="16"
                  >
                    <desc>
                      chevron-right
                    </desc>
                    <path
                      d="M10.71 7.29l-4-4a1.003 1.003 0 00-1.42 1.42L8.59 8 5.3 11.29c-.19.18-.3.43-.3.71a1.003 1.003 0 001.71.71l4-4c.18-.18.29-.43.29-.71 0-.28-.11-.53-.29-.71z"
                      fill-rule="evenodd"
                    />
                  </svg>
                </span>
              </button>
            </div>
          </div>
        </form>
      </div>
    </div>
  </div>
</div>
`;
