// Jest Snapshot v1, https://goo.gl/fbAQLP

exports[`Resource card list test render 1`] = `
<div>
  <div
    class="cardsWrapper"
  >
    <div
      class="bp3-card bp3-elevation-0 Card--card card"
    >
      <div
        class="Layout--vertical Layout--layout-spacing-small StyledProps--main StyledProps--flex"
      >
        <span
          class="bp3-icon StyledProps--main"
          data-icon="connectors-blue"
        >
          <svg
            fill="none"
            height="70"
            viewBox="0 0 64 64"
            width="70"
            xmlns="http://www.w3.org/2000/svg"
          >
            <path
              clip-rule="evenodd"
              d="M24.945 7.06a1.595 1.595 0 00-2.425.045l-9.075 11.024a1.594 1.594 0 001.231 2.607h4.268c.082 5.327.553 11.763 1.235 17.668.747 6.463 1.766 12.458 2.857 15.663.073.213.188.403.332.562a1.594 1.594 0 002.853-.979c0-.357.01-.707.028-1.05l.197-1.892c.537-3.36 2.018-5.975 4.194-7.865 2.516-2.184 6.107-3.524 10.615-3.778v4.86a1.594 1.594 0 002.652 1.194l11.025-9.772a1.595 1.595 0 00-.044-2.424l-11.026-9.074a1.595 1.595 0 00-2.607 1.23v4.283c-5.018.183-9.523 1.312-12.813 4.759-.177.185-.349.375-.516.571.359-4.753.629-9.587.683-13.956h4.916a1.594 1.594 0 001.193-2.652L24.945 7.06zm-6.891 10.488l5.742-6.976 6.185 6.976h-4.55v1.594c0 7.295-.696 16.231-1.428 23.943a171.488 171.488 0 01-.656-5.047c-.743-6.424-1.227-13.45-1.227-18.896v-1.594h-4.066zm10.495 22.888c-.194.168-.383.34-.567.518.735-1.983 1.675-3.488 2.766-4.631 2.713-2.841 6.706-3.8 12.101-3.8h1.595v-4.066l6.976 5.742-6.977 6.183v-4.55H42.85c-5.79 0-10.756 1.527-14.3 4.604z"
              fill="#0278D5"
              fill-rule="evenodd"
            />
          </svg>
        </span>
        <p
          class="StyledProps--font StyledProps--main StyledProps--color StyledProps--color-black StyledProps--font-weight-semi-bold"
        >
          <span>
            connectorsLabel
          </span>
        </p>
      </div>
    </div>
    <div
      class="bp3-card bp3-elevation-0 Card--card card"
    >
      <div
        class="Layout--vertical Layout--layout-spacing-small StyledProps--main StyledProps--flex"
      >
        <span
          class="bp3-icon StyledProps--main"
          data-icon="delegates-blue"
        >
          <svg
            fill="none"
            height="70"
            viewBox="0 0 64 64"
            width="70"
            xmlns="http://www.w3.org/2000/svg"
          >
            <path
              clip-rule="evenodd"
              d="M35.36 7.511a4.8 4.8 0 00-6.789 0l-5.657 5.657a4.8 4.8 0 000 6.788l5.657 5.657a4.8 4.8 0 006.788 0l5.657-5.657a4.8 4.8 0 000-6.788L35.36 7.511zm-4.526 2.263a1.6 1.6 0 012.262 0l5.657 5.657a1.6 1.6 0 010 2.263l-5.657 5.657a1.6 1.6 0 01-2.262 0l-5.657-5.657a1.6 1.6 0 010-2.263l5.657-5.657zM11.008 30.076a1.6 1.6 0 011.131-.47H52.6a1.6 1.6 0 011.6 1.6v8.972H51v-7.371H33.97v7.371h-3.2v-7.371H13.74v7.371h-3.2v-8.971a1.6 1.6 0 01.468-1.131zM32.64 47.588a1.84 1.84 0 100 3.681 1.84 1.84 0 000-3.68zm-5.04 1.84a5.04 5.04 0 1110.08 0 5.04 5.04 0 01-10.08 0zm23.16 0a1.84 1.84 0 113.681 0 1.84 1.84 0 01-3.68 0zm1.84-5.04a5.04 5.04 0 100 10.081 5.04 5.04 0 000-10.08zm-40.767 3.2a1.84 1.84 0 100 3.681 1.84 1.84 0 000-3.68zm-5.041 1.84a5.04 5.04 0 1110.081 0 5.04 5.04 0 01-10.081 0z"
              fill="#0278D5"
              fill-rule="evenodd"
            />
          </svg>
        </span>
        <p
          class="StyledProps--font StyledProps--main StyledProps--color StyledProps--color-black StyledProps--font-weight-semi-bold"
        >
          <span>
            delegate.delegates
          </span>
        </p>
      </div>
    </div>
    <div
      class="bp3-card bp3-elevation-0 Card--card card"
    >
      <div
        class="Layout--vertical Layout--layout-spacing-small StyledProps--main StyledProps--flex"
      >
        <span
          class="bp3-icon StyledProps--main"
          data-icon="secrets-blue"
        >
          <svg
            fill="none"
            height="70"
            viewBox="0 0 64 64"
            width="70"
            xmlns="http://www.w3.org/2000/svg"
          >
            <path
              clip-rule="evenodd"
              d="M35.742 7.664l5.153 4.99c1.41 1.372 1.872 3.063 1.285 4.773a5.58 5.58 0 01-1.285 2.062l-5.153 4.99a5.412 5.412 0 01-1.787 1.174v28.68c0 .856-.716 1.55-1.6 1.55h-5.731c-.884 0-1.6-.694-1.6-1.55 0-.856.716-1.55 1.6-1.55h4.131V50.33h-4.132c-.883 0-1.6-.694-1.6-1.55 0-.856.717-1.55 1.6-1.55h4.132V25.702a5.884 5.884 0 01-2.065-1.23l-5.153-4.99c-1.41-1.372-1.871-3.062-1.285-4.766a5.58 5.58 0 011.285-2.062l5.153-4.99c1.418-1.365 3.163-1.812 4.923-1.244a5.808 5.808 0 012.13 1.244zm-2.095 2.017c-.086-.072-.496-.413-1.033-.57-.851-.243-1.424.183-1.836.575l-1.53 1.48 2.968 2.874 2.968-2.873-1.522-1.474a.644.644 0 01-.015-.012zm-8.027 5.002c-.074.082-.427.48-.589 1-.25.818.189 1.38.594 1.778l1.53 1.48 2.967-2.873-2.968-2.873-1.522 1.474a1.04 1.04 0 01-.012.013zm5.165 7.773c.086.071.497.413 1.033.57.845.243 1.425-.183 1.837-.575l1.529-1.481-2.968-2.873-2.967 2.873 1.522 1.474.014.012zm8.028-5.002c.073-.082.426-.48.588-1 .252-.825-.188-1.38-.593-1.779l-1.53-1.48-2.967 2.873 2.968 2.874 1.522-1.474.012-.014z"
              fill="#0278D5"
              fill-rule="evenodd"
            />
          </svg>
        </span>
        <p
          class="StyledProps--font StyledProps--main StyledProps--color StyledProps--color-black StyledProps--font-weight-semi-bold"
        >
          <span>
            common.secrets
          </span>
        </p>
      </div>
    </div>
    <div
      class="bp3-card bp3-elevation-0 Card--card card"
    >
      <div
        class="Layout--vertical Layout--layout-spacing-small StyledProps--main StyledProps--flex"
      >
        <span
          class="bp3-icon StyledProps--main"
          data-icon="smtp-configuration-blue"
        >
          <svg
            fill="none"
            height="70"
            viewBox="0 0 65 64"
            width="70"
            xmlns="http://www.w3.org/2000/svg"
          >
            <path
              clip-rule="evenodd"
              d="M17.04 5.966a1 1 0 011 1v3.456a25.968 25.968 0 017.777-3.528C37.44 3.779 49.334 9.055 55.07 19.008h2.196a1 1 0 011 1v12c0 .166-.04.323-.113.461v11.539a1 1 0 01-1 1h-44.79c5.496 8.537 16.063 12.95 26.395 10.182a23.958 23.958 0 007.402-3.41h-3.676a1 1 0 110-2h6a1 1 0 011 1v6a1 1 0 11-2 0v-3.484a25.953 25.953 0 01-8.209 3.826c-11.624 3.114-23.517-2.162-29.253-12.114H7.153a1 1 0 01-1-1v-12c0-.167.04-.324.113-.462V20.008a1 1 0 011-1h45.462C47.232 10.47 36.666 6.058 26.334 8.825c-2.56.686-4.91 1.76-7.005 3.142h3.712a1 1 0 110 2h-6a1 1 0 01-1-1v-6a1 1 0 011-1zM8.154 33.008h48v10h-48v-10zm48.113-12v10h-48v-10h48zm-13.81 16h2v2h-2v-2zm6.028 0h-2v2h2v-2zm2.028 0h2v2h-2v-2zm-16.014 0h-22v2h22v-2zm18.014-12h-22v2h22v-2zm-40.014 0h2v2h-2v-2zm6.028 0h-2v2h2v-2zm2.028 0h2v2h-2v-2z"
              fill="#0278D5"
              fill-rule="evenodd"
            />
          </svg>
        </span>
        <p
          class="StyledProps--font StyledProps--main StyledProps--color StyledProps--color-black StyledProps--font-weight-semi-bold"
        >
          <span>
            common.smtp.conifg
          </span>
        </p>
        <button
          class="bp3-button Button--button StyledProps--font StyledProps--main StyledProps--intent-primary Button--with-current-color Button--withLeftIcon Button--size Button--small"
          type="button"
        >
          <span
            class="bp3-icon bp3-icon-small-plus StyledProps--main StyledProps--padding-right-xsmall"
            icon="small-plus"
          >
            <svg
              data-icon="small-plus"
              height="16"
              viewBox="0 0 16 16"
              width="16"
            >
              <desc>
                small-plus
              </desc>
              <path
                d="M11 7H9V5c0-.55-.45-1-1-1s-1 .45-1 1v2H5c-.55 0-1 .45-1 1s.45 1 1 1h2v2c0 .55.45 1 1 1s1-.45 1-1V9h2c.55 0 1-.45 1-1s-.45-1-1-1z"
                fill-rule="evenodd"
              />
            </svg>
          </span>
          <span
            class="bp3-button-text"
          >
            common.setup
          </span>
        </button>
      </div>
    </div>
    <div
      class="bp3-card bp3-elevation-0 Card--card card"
    >
      <div
        class="Layout--vertical Layout--layout-spacing-small StyledProps--main StyledProps--flex"
      >
        <span
          class="bp3-icon StyledProps--main"
          data-icon="templates-blue"
        >
          <svg
            fill="none"
            height="70"
            viewBox="0 0 64 64"
            width="70"
            xmlns="http://www.w3.org/2000/svg"
          >
            <path
              clip-rule="evenodd"
              d="M6.426 19.743a3.2 3.2 0 013.2-3.2h9.196a3.2 3.2 0 013.2 3.2v.244h3.826v-.244a3.2 3.2 0 013.2-3.2h9.136a3.2 3.2 0 013.2 3.2v3.463a3.2 3.2 0 01-3.2 3.2h-9.137a3.2 3.2 0 01-3.2-3.2v-.02h-3.825v.244a3.2 3.2 0 01-3.2 3.2h-3.67v3.397c0 .645.2 1.244.602 1.668.38.4 1.118.836 2.587.836h7.506v-.755a3.2 3.2 0 013.2-3.2h9.196a3.2 3.2 0 013.2 3.2v3.686a3.2 3.2 0 01-3.2 3.2h-9.196a3.2 3.2 0 01-3.188-2.93H18.34c-2.142 0-3.798-.662-4.91-1.836-1.089-1.15-1.478-2.603-1.478-3.87V26.63H9.626a3.2 3.2 0 01-3.2-3.2v-3.687zm12.396 0H9.626v3.687h9.196v-3.687zm19.362 0h-9.137v3.463h9.137v-3.463zm-9.137 12.033h9.196v3.686h-9.196v-3.686z"
              fill="#0278D5"
              fill-rule="evenodd"
            />
            <path
              clip-rule="evenodd"
              d="M46.107 6.434a4.8 4.8 0 014.8 4.8v24.15a1.6 1.6 0 11-3.2 0v-24.15a1.6 1.6 0 00-1.6-1.6H14.415a1.6 1.6 0 00-1.6 1.6v.434a1.6 1.6 0 11-3.2 0v-.434a4.8 4.8 0 014.8-4.8h31.692zm-6.962 42.793a1.6 1.6 0 01-1.6 1.6h-23.13a4.8 4.8 0 01-4.8-4.8v-7.46a1.6 1.6 0 013.2 0v7.46a1.6 1.6 0 001.6 1.6h23.13a1.6 1.6 0 011.6 1.6z"
              fill="#0278D5"
              fill-rule="evenodd"
            />
            <path
              clip-rule="evenodd"
              d="M49.307 33.785a1.6 1.6 0 011.6 1.6v4.245c0 6.185-5.015 11.2-11.2 11.2H30.26a1.6 1.6 0 010-3.2h9.446a8 8 0 008-8v-4.245a1.6 1.6 0 011.6-1.6z"
              fill="#0278D5"
              fill-rule="evenodd"
            />
            <path
              clip-rule="evenodd"
              d="M52.99 16.332a4.8 4.8 0 014.8 4.8v22.203a1.6 1.6 0 11-3.2 0V21.132a1.6 1.6 0 00-1.6-1.6h-3.683a1.6 1.6 0 110-3.2h3.683zm-6.54 39.862a1.6 1.6 0 01-1.6 1.6H22.663a4.8 4.8 0 01-4.8-4.8v-3.407a1.6 1.6 0 113.2 0v3.407a1.6 1.6 0 001.6 1.6H44.85a1.6 1.6 0 011.6 1.6z"
              fill="#0278D5"
              fill-rule="evenodd"
            />
            <path
              clip-rule="evenodd"
              d="M56.19 41.734a1.6 1.6 0 011.6 1.6v3.26c0 6.185-5.015 11.2-11.2 11.2h-8.764a1.6 1.6 0 010-3.2h8.764a8 8 0 008-8v-3.26a1.6 1.6 0 011.6-1.6z"
              fill="#0278D5"
              fill-rule="evenodd"
            />
          </svg>
        </span>
        <p
          class="StyledProps--font StyledProps--main StyledProps--color StyledProps--color-black StyledProps--font-weight-semi-bold"
        >
          <span>
            common.templates
          </span>
        </p>
      </div>
    </div>
    <div
      class="bp3-card bp3-elevation-0 Card--card card"
    >
      <div
        class="Layout--vertical Layout--layout-spacing-small StyledProps--main StyledProps--flex"
      >
        <span
          class="bp3-icon StyledProps--main"
          data-icon="variables-blue"
        >
          <svg
            fill="none"
            height="70"
            viewBox="0 0 64 64"
            width="70"
            xmlns="http://www.w3.org/2000/svg"
          >
            <path
              clip-rule="evenodd"
              d="M17.576 6.926a1 1 0 10-2 0v6a1 1 0 001 1h6a1 1 0 100-2h-3.711a23.977 23.977 0 017.005-3.14c10.793-2.893 21.843 2.053 27.1 11.351a1 1 0 101.74-.984C49.017 9.08 37.049 3.719 25.353 6.853a25.968 25.968 0 00-7.776 3.528V6.926zm-6.525 36.618a1 1 0 10-1.753.963c5.631 10.25 17.71 15.737 29.512 12.575a25.954 25.954 0 008.21-3.826v3.485a1 1 0 102 0v-6a1 1 0 00-1-1h-6a1 1 0 100 2h3.675a23.958 23.958 0 01-7.402 3.409C27.4 58.068 16.249 53.005 11.05 43.544zm18.101-30.54a1.5 1.5 0 00-1.5 1.5v2.688c-1.29.35-2.51.865-3.641 1.519l-1.909-1.91a1.5 1.5 0 00-2.122 0l-3.535 3.536a1.5 1.5 0 000 2.121l1.92 1.92a15.262 15.262 0 00-1.502 3.63h-2.715a1.5 1.5 0 00-1.5 1.5v5a1.5 1.5 0 001.5 1.5h2.715a15.264 15.264 0 001.502 3.632l-1.917 1.917a1.5 1.5 0 000 2.121l3.536 3.536a1.5 1.5 0 002.121 0l1.908-1.908c1.13.653 2.35 1.167 3.64 1.517v2.69a1.5 1.5 0 001.5 1.5h5a1.5 1.5 0 001.5-1.5v-2.67a15.268 15.268 0 003.662-1.508l1.882 1.882a1.5 1.5 0 002.121 0l3.535-3.536a1.5 1.5 0 000-2.121l-1.87-1.87a15.267 15.267 0 001.532-3.682h2.642a1.5 1.5 0 001.5-1.5v-5a1.5 1.5 0 00-1.5-1.5h-2.642a15.267 15.267 0 00-1.528-3.676l1.873-1.874a1.5 1.5 0 000-2.12L43.325 16.8a1.5 1.5 0 00-2.122 0l-1.882 1.883a15.27 15.27 0 00-3.669-1.512v-2.669a1.5 1.5 0 00-1.5-1.5h-5zm.5 4.57v-2.57h4v2.552c0 .716.5 1.308 1.163 1.467 1.358.326 2.634.859 3.796 1.564.58.353 1.35.286 1.854-.218l1.8-1.8 2.828 2.829-1.791 1.79a1.512 1.512 0 00-.216 1.86 13.267 13.267 0 011.58 3.8c.16.662.751 1.16 1.466 1.16h2.525v4h-2.525c-.715 0-1.306.497-1.466 1.159a13.269 13.269 0 01-1.583 3.806 1.512 1.512 0 00.215 1.86l1.788 1.788-2.828 2.828-1.799-1.798a1.512 1.512 0 00-1.854-.22 13.268 13.268 0 01-3.79 1.561 1.512 1.512 0 00-1.163 1.468v2.552h-4v-2.57c0-.713-.496-1.304-1.155-1.466a13.268 13.268 0 01-3.768-1.572 1.512 1.512 0 00-1.86.216l-1.824 1.826-2.829-2.829 1.834-1.833a1.512 1.512 0 00.218-1.855 13.267 13.267 0 01-1.556-3.762 1.512 1.512 0 00-1.466-1.16h-2.598v-4h2.598c.715 0 1.306-.497 1.466-1.158.326-1.345.856-2.61 1.555-3.761.353-.581.286-1.35-.218-1.854l-1.836-1.836 2.828-2.83 1.827 1.828a1.512 1.512 0 001.859.216 13.266 13.266 0 013.77-1.573 1.512 1.512 0 001.155-1.465zM22.9 32.008a8.787 8.787 0 018.789-8.786 8.787 8.787 0 018.788 8.786c0 4.851-3.934 8.785-8.788 8.785S22.9 36.86 22.9 32.008zm8.789-10.786c-5.958 0-10.788 4.829-10.788 10.786s4.83 10.785 10.788 10.785 10.788-4.828 10.788-10.785-4.83-10.786-10.788-10.786z"
              fill="#0278D5"
              fill-rule="evenodd"
            />
          </svg>
        </span>
        <p
          class="StyledProps--font StyledProps--main StyledProps--color StyledProps--color-black StyledProps--font-weight-semi-bold"
        >
          <span>
            common.variables
          </span>
        </p>
      </div>
    </div>
  </div>
</div>
`;
