// Jest Snapshot v1, https://goo.gl/fbAQLP

exports[`Test cases for CVSLODetailsPage it should render the component and take a snapshot 1`] = `
<div>
  <div>
    <div
      class="Layout--horizontal StyledProps--main PageHeader--container PageHeader--large StyledProps--flex StyledProps--padding-left-xlarge StyledProps--padding-right-xlarge StyledProps--background-white"
    >
      <div
        class="Layout--vertical StyledProps--main"
      >
        <div
          class="PageHeader--breadcrumbsDiv"
        >
          <div
            class="Layout--horizontal StyledProps--main Breadcrumbs--breadcrumbs StyledProps--flex StyledProps--flex-align-center-center StyledProps--flex-justifyContent-flex-start"
          >
            <div
              class="Layout--horizontal StyledProps--main StyledProps--flex StyledProps--flex-align-center-center StyledProps--flex-justifyContent-flex-start"
            >
              <a
                class="Breadcrumbs--breadcrumb"
                href="/account/ACCOUNT_ID/cv/orgs/ORG_IDENTIFIER/projects/PROJECT_IDENTIFIER"
              >
                <span
                  class="bp3-icon StyledProps--main StyledProps--padding-right-xsmall"
                  data-icon="cv-main"
                >
                  <svg
                    height="16"
                    viewBox="0 0 32 32"
                    width="16"
                    xmlns="http://www.w3.org/2000/svg"
                  >
                    <path
                      clip-rule="evenodd"
                      d="M25.933 24.357A12.972 12.972 0 0116 28.969a12.972 12.972 0 01-9.933-4.612l6.025-3.834A5.976 5.976 0 0016 21.969a5.977 5.977 0 003.907-1.446l6.026 3.834zm1.066-1.455l-5.906-3.759a6.001 6.001 0 00-4.193-9.107V3C23.66 3.462 29 9.092 29 15.97a12.94 12.94 0 01-2 6.932zM15.1 3C8.34 3.462 3 9.092 3 15.97c0 2.548.733 4.925 2 6.932l5.907-3.759a6.001 6.001 0 014.192-9.107V3z"
                      fill="url(#cv-main_svg__paint0_linear_20630_159361)"
                      fill-rule="evenodd"
                    />
                    <path
                      clip-rule="evenodd"
                      d="M19.558 13.286a.9.9 0 01-.044 1.272l-4.286 4a.9.9 0 01-1.228 0l-1.714-1.6a.9.9 0 011.228-1.316l1.1 1.027 3.672-3.427a.9.9 0 011.272.044z"
                      fill="#AE82FC"
                      fill-rule="evenodd"
                    />
                    <defs>
                      <lineargradient
                        gradientUnits="userSpaceOnUse"
                        id="cv-main_svg__paint0_linear_20630_159361"
                        x1="7.5"
                        x2="20.926"
                        y1="3"
                        y2="28.987"
                      >
                        <stop
                          stop-color="#BEA1FF"
                        />
                        <stop
                          offset="1"
                          stop-color="#8A36FF"
                        />
                      </lineargradient>
                    </defs>
                  </svg>
                </span>
                <p
                  class="StyledProps--font StyledProps--main StyledProps--intent-primary StyledProps--font-size-small"
                >
                  PROJECT_IDENTIFIER
                </p>
              </a>
              <span
                class="bp3-icon StyledProps--main StyledProps--color StyledProps--color-grey500 StyledProps--padding-right-xsmall StyledProps--padding-left-xsmall"
                data-icon="main-chevron-right"
              >
                <svg
                  height="8"
                  viewBox="0 0 8 14"
                  width="8"
                  xmlns="http://www.w3.org/2000/svg"
                >
                  <path
                    d="M7.7 6.3l-6-6C1.5.1 1.3 0 1 0 .4 0 0 .4 0 1c0 .3.1.5.3.7L5.6 7 .3 12.3c-.2.2-.3.4-.3.7 0 .6.4 1 1 1 .3 0 .5-.1.7-.3l6-6c.2-.2.3-.4.3-.7s-.1-.5-.3-.7z"
                    fill="#4d5969"
                  />
                </svg>
              </span>
            </div>
            <div
              class="Layout--horizontal StyledProps--main StyledProps--flex StyledProps--flex-align-center-center StyledProps--flex-justifyContent-flex-start"
            >
              <a
                class="Breadcrumbs--breadcrumb"
                href="/account/ACCOUNT_ID/cv/orgs/ORG_IDENTIFIER/projects/PROJECT_IDENTIFIER/slos"
              >
                <p
                  class="StyledProps--font StyledProps--main StyledProps--intent-primary StyledProps--font-size-small"
                >
                  cv.SLO
                </p>
              </a>
              <span
                class="bp3-icon StyledProps--main StyledProps--color StyledProps--color-grey500 StyledProps--padding-right-xsmall StyledProps--padding-left-xsmall"
                data-icon="main-chevron-right"
              >
                <svg
                  height="8"
                  viewBox="0 0 8 14"
                  width="8"
                  xmlns="http://www.w3.org/2000/svg"
                >
                  <path
                    d="M7.7 6.3l-6-6C1.5.1 1.3 0 1 0 .4 0 0 .4 0 1c0 .3.1.5.3.7L5.6 7 .3 12.3c-.2.2-.3.4-.3.7 0 .6.4 1 1 1 .3 0 .5-.1.7-.3l6-6c.2-.2.3-.4.3-.7s-.1-.5-.3-.7z"
                    fill="#4d5969"
                  />
                </svg>
              </span>
            </div>
          </div>
        </div>
        <div
          class="Layout--vertical StyledProps--main StyledProps--flex StyledProps--flex-justifyContent-space-evenly StyledProps--flex-alignItems-flex-start"
          style="height: 45px;"
        >
          <h3
            class="StyledProps--font StyledProps--font-h3 StyledProps--main StyledProps--color StyledProps--color-grey800 StyledProps--font-variation-h5"
            level="3"
          >
            cv.SLOWithName
          </h3>
          <p
            class="StyledProps--font StyledProps--main StyledProps--color StyledProps--color-grey600 StyledProps--font-variation-body2"
          >
            99.9 percent of logins should have &lt;= 50ms latency
          </p>
        </div>
      </div>
    </div>
    <div
      class="StyledProps--font StyledProps--main tabContainer"
    >
      <div
        class="bp3-tabs Tabs--main Tabs--horizontal"
      >
        <div
          class="bp3-tab-list"
          role="tablist"
        >
          <div
            class="bp3-tab-indicator-wrapper"
            style="height: 0px; transform: translateX(0px) translateY(0px); width: 0px;"
          >
            <div
              class="bp3-tab-indicator"
            />
          </div>
          <div
            aria-controls="bp3-tab-panel_slo-details-page-tabs_Details"
            aria-disabled="true"
            aria-expanded="false"
            aria-selected="false"
            class="bp3-tab"
            data-tab-id="Details"
            id="bp3-tab-title_slo-details-page-tabs_Details"
            role="tab"
          >
            Details
          </div>
          <div
            aria-controls="bp3-tab-panel_slo-details-page-tabs_Configurations"
            aria-disabled="false"
            aria-expanded="true"
            aria-selected="true"
            class="bp3-tab"
            data-tab-id="Configurations"
            id="bp3-tab-title_slo-details-page-tabs_Configurations"
            role="tab"
            tabindex="0"
          >
            cv.monitoredServices.monitoredServiceTabs.configurations
          </div>
        </div>
        <div
          aria-hidden="false"
          aria-labelledby="bp3-tab-title_slo-details-page-tabs_Configurations"
          class="bp3-tab-panel"
          id="bp3-tab-panel_slo-details-page-tabs_Configurations"
          role="tabpanel"
        >
          <div>
            MOCKED - CVCreateSLO
          </div>
        </div>
      </div>
    </div>
  </div>
</div>
`;
