// Jest Snapshot v1, https://goo.gl/fbAQLP

exports[`Create Secret Manager Wizard Create GcpKms Connector 1`] = `
<div>
  <div
    class="StepWizard--main StepWizard--navBar"
  >
    <div
      class="StepWizard--navBarList"
    >
      <span
        class="StepWizard--header"
      >
        <span
          class="bp3-icon StyledProps--main"
          data-icon="gcp-kms"
        >
          <svg
            height="37"
            viewBox="0 0 40 36"
            width="37"
            xmlns="http://www.w3.org/2000/svg"
          >
            <path
              d="M39.5219 16.1625L31.3031 1.86875C30.9941 1.32064 30.5472 0.862771 30.0067 0.540478C29.4663 0.218184 28.851 0.0426481 28.2219 0.03125H11.7813C11.152 0.0423375 10.5367 0.217744 9.99617 0.540069C9.45567 0.862394 9.00884 1.32043 8.70001 1.86875L0.478132 16.125C0.165579 16.6689 0.00109863 17.2852 0.00109863 17.9125C0.00109863 18.5398 0.165579 19.1561 0.478132 19.7L8.69688 34.075C9.00266 34.6311 9.44712 35.0986 9.98704 35.4321C10.527 35.7656 11.144 35.9537 11.7781 35.9781H28.2188C28.8528 35.9564 29.4703 35.7704 30.011 35.4385C30.5516 35.1065 30.9968 34.64 31.3031 34.0844L39.5219 19.7906C39.8367 19.2379 40.0022 18.6127 40.0022 17.9766C40.0022 17.3404 39.8367 16.7153 39.5219 16.1625Z"
              fill="#4285F4"
            />
            <path
              d="M29.0375 11.7781L19.8312 8.59375L11.6313 12.1562L11.5625 14.5875V18.15L12.1281 21.3156L13.0875 23.5219L14.8437 26.825L23.7687 35.8125H28.2031C28.8361 35.8147 29.4585 35.6497 30.0072 35.3342C30.556 35.0187 31.0116 34.5638 31.3281 34.0156L38.6406 21.3531L29.0375 11.7781Z"
              fill="black"
              opacity="0.07"
            />
            <path
              d="M20 18.4468C19.4579 18.4474 18.9279 18.2873 18.4768 17.9867C18.0258 17.6861 17.674 17.2584 17.466 16.7579C17.258 16.2573 17.2031 15.7063 17.3083 15.1746C17.4134 14.6428 17.6739 14.1542 18.0567 13.7705C18.4396 13.3868 18.9276 13.1252 19.4591 13.0188C19.9906 12.9125 20.5417 12.9661 21.0428 13.173C21.5438 13.3799 21.9722 13.7306 22.2739 14.181C22.5755 14.6313 22.7369 15.161 22.7375 15.7031C22.7375 16.4297 22.4493 17.1266 21.9361 17.641C21.4229 18.1554 20.7266 18.4452 20 18.4468ZM20 14.3843C19.7392 14.3843 19.4842 14.4617 19.2673 14.6066C19.0504 14.7515 18.8814 14.9574 18.7816 15.1984C18.6818 15.4394 18.6557 15.7045 18.7066 15.9604C18.7574 16.2162 18.883 16.4511 19.0675 16.6356C19.2519 16.82 19.4869 16.9456 19.7427 16.9965C19.9985 17.0474 20.2637 17.0213 20.5046 16.9214C20.7456 16.8216 20.9516 16.6526 21.0965 16.4357C21.2414 16.2189 21.3187 15.9639 21.3187 15.7031C21.3171 15.3541 21.1775 15.02 20.9305 14.7735C20.6834 14.527 20.3489 14.3883 20 14.3875V14.3843Z"
              fill="white"
            />
            <path
              d="M20 29.6563L19.8312 29.6157C14.7687 28.3844 10.9375 23.3125 10.9375 17.8094V11.7938L20 7.7688L29.0438 11.7938V17.8125C29.0438 23.3032 25.2281 28.3813 20.1688 29.6157L20 29.6563ZM12.375 12.7125V17.8094C12.375 22.6063 15.6406 27.0375 20 28.1938C24.375 27.0375 27.625 22.6063 27.625 17.8094V12.7125L20 9.32192L12.375 12.7125Z"
              fill="white"
            />
            <path
              d="M20.7094 17.5688H19.2906V24.4845H20.7094V17.5688Z"
              fill="white"
            />
            <path
              d="M19.6938 20.0125H17.1188V21.4312H19.6938V20.0125Z"
              fill="white"
            />
            <path
              d="M20.2031 22.0437H18.0593V23.4624H20.2031V22.0437Z"
              fill="white"
            />
          </svg>
        </span>
      </span>
      <span
        class="StepWizard--title StepWizard--header"
      >
        connectors.title.gcpKms
      </span>
      <div
        class="StepWizard--navStep StepWizard--completedStep"
      >
        <span
          class="StepWizard--completedIcon"
        >
          <span
            class="bp3-icon bp3-icon-small-tick StyledProps--main StyledProps--color StyledProps--color-primary7"
            icon="small-tick"
          >
            <svg
              data-icon="small-tick"
              height="20"
              viewBox="0 0 20 20"
              width="20"
            >
              <desc>
                small-tick
              </desc>
              <path
                d="M15 5c-.28 0-.53.11-.71.29L8 11.59l-2.29-2.3a1.003 1.003 0 00-1.42 1.42l3 3c.18.18.43.29.71.29s.53-.11.71-.29l7-7A1.003 1.003 0 0015 5z"
                fill-rule="evenodd"
              />
            </svg>
          </span>
        </span>
        <p
          class="StyledProps--font Text--lineclamp StyledProps--main StepWizard--stepName"
          style="--text-line-clamp: 2; width: 200px;"
        >
          overview
        </p>
        <p
          class="StyledProps--font Text--lineclamp StyledProps--main StepWizard--stepName"
          style="--text-line-clamp: 2; width: 200px;"
        >
          
        </p>
      </div>
      <div
        class="StepWizard--navStep StepWizard--activeStep"
      >
        <span
          class="StepWizard--number"
        >
          2
        </span>
        <p
          class="StyledProps--font Text--lineclamp StyledProps--main StepWizard--stepName"
          style="--text-line-clamp: 2; width: 200px;"
        >
          details
        </p>
      </div>
      <div
        class="StepWizard--navStep"
      >
        <span
          class="StepWizard--number"
        >
          3
        </span>
        <p
          class="StyledProps--font Text--lineclamp StyledProps--main StepWizard--stepName"
          style="--text-line-clamp: 2; width: 200px;"
        >
          delegate.DelegateselectionLabel
        </p>
      </div>
      <div
        class="StepWizard--navStep"
      >
        <span
          class="StepWizard--number"
        >
          4
        </span>
        <p
          class="StyledProps--font Text--lineclamp StyledProps--main StepWizard--stepName"
          style="--text-line-clamp: 2; width: 200px;"
        >
          connectors.stepThreeName
        </p>
      </div>
    </div>
    <div
      class="StepWizard--stepDetails"
    >
       
      <div
        class="StyledProps--font StyledProps--main StyledProps--padding-top-medium"
        style="width: 64%;"
      >
        <p
          class="StyledProps--font StyledProps--main StyledProps--font-size-medium StyledProps--padding-bottom-xlarge"
        >
          details
        </p>
        <div
          class="OverlaySpinner--overlaySpinner"
        >
          <form
            class="FormikForm--main"
          >
            <div>
              <div
                class="StyledProps--font StyledProps--main container StyledProps--margin-top-medium StyledProps--margin-bottom-xxlarge"
              >
                <div
                  class="bp3-form-group"
                  data-id="projectId-0"
                >
                  <label
                    class="bp3-label"
                    for="projectId"
                  >
                    <span
                      class="Tooltip--acenter"
                      data-tooltip-id="gcpKmsConfig_projectId"
                    >
                      pipelineSteps.projectIDLabel
                    </span>
                     
                    <span
                      class="bp3-text-muted"
                    />
                  </label>
                  <div
                    class="bp3-form-content"
                  >
                    <div
                      class="bp3-input-group"
                    >
                      <input
                        autocomplete="off"
                        class="bp3-input"
                        name="projectId"
                        type="text"
                        value="123"
                      />
                    </div>
                  </div>
                </div>
                <div
                  class="bp3-form-group"
                  data-id="region-1"
                >
                  <label
                    class="bp3-label"
                    for="region"
                  >
                    <span
                      class="Tooltip--acenter"
                      data-tooltip-id="gcpKmsConfig_region"
                    >
                      regionLabel
                    </span>
                     
                    <span
                      class="bp3-text-muted"
                    />
                  </label>
                  <div
                    class="bp3-form-content"
                  >
                    <div
                      class="bp3-input-group"
                    >
                      <input
                        autocomplete="off"
                        class="bp3-input"
                        name="region"
                        type="text"
                        value="global"
                      />
                    </div>
                  </div>
                </div>
                <div
                  class="bp3-form-group"
                  data-id="keyRing-2"
                >
                  <label
                    class="bp3-label"
                    for="keyRing"
                  >
                    <span
                      class="Tooltip--acenter"
                      data-tooltip-id="gcpKmsConfig_keyRing"
                    >
                      connectors.gcpKms.keyRing
                    </span>
                     
                    <span
                      class="bp3-text-muted"
                    />
                  </label>
                  <div
                    class="bp3-form-content"
                  >
                    <div
                      class="bp3-input-group"
                    >
                      <input
                        autocomplete="off"
                        class="bp3-input"
                        name="keyRing"
                        type="text"
                        value="123"
                      />
                    </div>
                  </div>
                </div>
                <div
                  class="bp3-form-group"
                  data-id="keyName-3"
                >
                  <label
                    class="bp3-label"
                    for="keyName"
                  >
                    <span
                      class="Tooltip--acenter"
                      data-tooltip-id="gcpKmsConfig_keyName"
                    >
                      connectors.gcpKms.keyName
                    </span>
                     
                    <span
                      class="bp3-text-muted"
                    />
                  </label>
                  <div
                    class="bp3-form-content"
                  >
                    <div
                      class="bp3-input-group"
                    >
                      <input
                        autocomplete="off"
                        class="bp3-input"
                        name="keyName"
                        type="text"
                        value="Super key"
                      />
                    </div>
                  </div>
                </div>
                <div
                  class="bp3-form-group"
                  data-id="null-4"
                >
                  <div
                    class="bp3-form-content"
                  >
                    <div
                      class="Layout--vertical StyledProps--main"
                    >
                      <label
                        class="bp3-label"
                      >
                        <span
                          class="Tooltip--acenter"
                          data-tooltip-id="gcpKmsConfig_credentials"
                        >
                          connectors.gcpKms.credentialsFile
                        </span>
                      </label>
                      <div
                        class="StyledProps--font StyledProps--main container StyledProps--flex StyledProps--flex-alignItems-center StyledProps--flex-justifyContent-space-between"
                      >
                        <a
                          class="containerLink"
                          data-testid="credentials"
                          href="/account/dummy/resources/connectors"
                        >
                          <span
                            class="bp3-icon StyledProps--main"
                            data-icon="key-main"
                            style="height: 12px;"
                          >
                            <svg
                              height="24"
                              width="24"
                              xmlns="http://www.w3.org/2000/svg"
                            >
                              <g
                                fill="none"
                                fill-rule="nonzero"
                                stroke="#1C1C28"
                                stroke-width="0.5"
                              >
                                <path
                                  d="M5.444 1A4.45 4.45 0 001 5.444c0 2.459 1.994 4.46 4.444 4.46 1.939 0 3.613-1.542 4.202-2.995a.393.393 0 01.23-.223.39.39 0 01.322.015l1.032.507.757-.72a.402.402 0 01.552-.007l.543.493.547-.556a.404.404 0 01.572-.005l.527.516.528-.53a.406.406 0 01.571-.002l.522.522.524-.523a.406.406 0 01.571 0l.522.522.523-.522a.414.414 0 01.315-.118c.118.01.223.067.294.16l.277.369c.116-.153.234-.311.312-.396a.412.412 0 01.3-.134c.693 0 .927-.37.927-1.465 0-1.018-.636-1.381-1.23-1.381H9.638a.408.408 0 01-.35-.202A4.448 4.448 0 005.444 1h0z"
                                />
                                <path
                                  d="M3.828 3.99c.403 0 .769.163 1.034.428a1.458 1.458 0 010 2.067 1.458 1.458 0 01-2.067 0 1.458 1.458 0 010-2.067c.265-.265.63-.428 1.033-.428z"
                                />
                              </g>
                            </svg>
                          </span>
                          <p
                            class="StyledProps--font StyledProps--main containerLinkText StyledProps--color StyledProps--color-primary7 StyledProps--flex StyledProps--flex-alignItems-center StyledProps--flex-justifyContent-flex-start StyledProps--flex-inline StyledProps--padding-small"
                          >
                            <div>
                              secrets.secret.configureSecret
                            </div>
                            <div>
                              &lt;selected_secret&gt;
                            </div>
                          </p>
                        </a>
                        <button
                          class="bp3-button bp3-minimal Button--button StyledProps--font StyledProps--main containerEditBtn Button--with-current-color Button--without-shadow"
                          data-testid="credentials-edit"
                          type="button"
                        >
                          <span
                            class="bp3-button-text"
                          >
                            <span
                              class="bp3-icon bp3-icon-edit StyledProps--main StyledProps--color StyledProps--color-primary7"
                              icon="edit"
                            >
                              <svg
                                data-icon="edit"
                                height="16"
                                viewBox="0 0 16 16"
                                width="16"
                              >
                                <desc>
                                  edit
                                </desc>
                                <path
                                  d="M3.25 10.26l2.47 2.47 6.69-6.69-2.46-2.48-6.7 6.7zM.99 14.99l3.86-1.39-2.46-2.44-1.4 3.83zm12.25-14c-.48 0-.92.2-1.24.51l-1.44 1.44 2.47 2.47 1.44-1.44c.32-.32.51-.75.51-1.24.01-.95-.77-1.74-1.74-1.74z"
                                  fill-rule="evenodd"
                                />
                              </svg>
                            </span>
                          </span>
                        </button>
                      </div>
                    </div>
                  </div>
                </div>
                <div
                  class="bp3-form-group"
                  data-id="default-5"
                >
                  <div
                    class="bp3-form-content"
                  >
                    <label
                      class="bp3-control bp3-checkbox StyledProps--font Checkbox--checkbox StyledProps--main StyledProps--padding-left-xxlarge StyledProps--inline"
                    >
                      <input
                        name="default"
                        type="checkbox"
                      />
                      <span
                        class="bp3-control-indicator"
                      />
                      <span
                        class="Tooltip--acenter FormikForm--checkBoxDocTooltipLabel"
                        data-tooltip-id="gcpKmsConfig_default"
                      >
                        connectors.hashiCorpVault.defaultVault
                      </span>
                    </label>
                  </div>
                </div>
              </div>
              <div
                class="Layout--horizontal Layout--layout-spacing-medium StyledProps--main"
              >
                <button
                  class="bp3-button Button--button StyledProps--font StyledProps--main Button--with-current-color"
                  type="button"
                >
                  <span
                    class="bp3-button-text"
                  >
                    back
                  </span>
                </button>
                <button
                  class="bp3-button Button--button StyledProps--font StyledProps--main StyledProps--intent-primary Button--with-current-color Button--withRightIcon"
                  type="submit"
                >
                  <span
                    class="bp3-button-text"
                  >
                    continue
                  </span>
                  <span
                    class="bp3-icon bp3-icon-chevron-right StyledProps--main"
                    icon="chevron-right"
                  >
                    <svg
                      data-icon="chevron-right"
                      height="16"
                      viewBox="0 0 16 16"
                      width="16"
                    >
                      <desc>
                        chevron-right
                      </desc>
                      <path
                        d="M10.71 7.29l-4-4a1.003 1.003 0 00-1.42 1.42L8.59 8 5.3 11.29c-.19.18-.3.43-.3.71a1.003 1.003 0 001.71.71l4-4c.18-.18.29-.43.29-.71 0-.28-.11-.53-.29-.71z"
                        fill-rule="evenodd"
                      />
                    </svg>
                  </span>
                </button>
              </div>
            </div>
          </form>
        </div>
      </div>
    </div>
    <span
      class="bp3-icon StyledProps--main StepWizard--harnessWatermark StyledProps--color StyledProps--color-grey50"
      data-icon="harness-with-color"
    >
      <svg
        height="346"
        viewBox="0 0 25 25"
        width="346"
        xmlns="http://www.w3.org/2000/svg"
      >
        <path
          d="m22.9736 8.18585-6.2654-6.30553c-.1103-.11108-1.0951-1.07656-2.5893-1.572117-2.1394-.717703-4.26188-.153793-5.98529 1.572117l-6.26542 6.30553c-.11036.11107-1.069701 1.10219-1.562105 2.60595-.713136 2.1531-.152815 4.2891 1.562105 6.0236l6.26542 6.3055c.11037.1111 1.09517 1.0766 2.58939 1.5807.6112.205 1.214.3076 1.8083.3076 1.5027 0 2.9459-.6408 4.1769-1.8797l6.2654-6.3056c.1104-.111 1.0698-1.1022 1.5622-2.6059.7131-2.1617.1528-4.2977-1.5622-6.03215zm-10.0688-4.4771c.7047.2136 1.231.70061 1.2735.73479l1.8508 1.86261-3.6082 3.63124-3.60811-3.63124 1.85921-1.87115c.5009-.49556 1.1971-1.03384 2.2328-.72625zm-9.21981 8.30485c.21225-.7092.69616-1.2389.73012-1.2816l1.85076-1.86262 3.60813 3.63122-3.60813 3.6313-1.85925-1.8712c-.4924-.5041-1.02726-1.2133-.72163-2.2471zm8.25201 9.2789c-.7046-.2136-1.231-.7006-1.2735-.7348l-1.85071-1.8626 3.60811-3.6313 3.6082 3.6313-1.8593 1.8711c-.5009.4956-1.2055 1.0339-2.2328.7263zm9.2198-8.3049c-.2122.7092-.6961 1.2389-.7301 1.2816l-1.8507 1.8627-3.6082-3.6313 3.6082-3.63122 1.8592 1.87112c.4924.5041 1.0273 1.2047.7216 2.2471z"
          fill="currentColor"
          fill-rule="evenodd"
        />
      </svg>
    </span>
  </div>
</div>
`;
