// Jest Snapshot v1, https://goo.gl/fbAQLP

exports[`TimeseriesRow matches snapshot 1`] = `
<div>
  <div
    class="StyledProps--font StyledProps--main timeseriesRow"
  >
    <div
      class="StyledProps--font StyledProps--main labels"
    >
      <div
        class="metricLablesContainer"
      >
        <p
          class="StyledProps--font Text--lineclamp StyledProps--main StyledProps--color StyledProps--color-black StyledProps--font-size-small"
          style="--text-line-clamp: 1;"
        >
          transaction1
        </p>
        <p
          class="StyledProps--font Text--lineclamp StyledProps--main StyledProps--font-size-small"
          style="--text-line-clamp: 1;"
        >
          metric1
        </p>
      </div>
      <div
        class="StyledProps--font StyledProps--main icons"
      />
    </div>
    <div
      class="StyledProps--font StyledProps--main charts"
    >
      <p
        class="StyledProps--font StyledProps--main"
      >
        node1
      </p>
      <div
        class="StyledProps--font StyledProps--main chartRow"
      >
        <div
          class="chartContainer"
        >
          <div />
        </div>
        <div
          class="StyledProps--font StyledProps--main StyledProps--padding-right-xsmall"
        >
          <span
            class="bp3-popover-wrapper"
          >
            <span
              class="bp3-popover-target"
            >
              <span
                class="bp3-icon StyledProps--main verticalMoreIcon StyledProps--color StyledProps--color-grey350"
                data-icon="main-more"
              >
                <svg
                  enable-background="new 0 0 13 3"
                  height="16"
                  viewBox="0 0 13 3"
                  width="16"
                  xmlns="http://www.w3.org/2000/svg"
                >
                  <g
                    fill="#4d5969"
                  >
                    <path
                      d="m1.5 0c.8 0 1.5.7 1.5 1.5s-.7 1.5-1.5 1.5-1.5-.7-1.5-1.5.7-1.5 1.5-1.5"
                    />
                    <path
                      d="m11.5 0c.8 0 1.5.7 1.5 1.5s-.7 1.5-1.5 1.5-1.5-.7-1.5-1.5.7-1.5 1.5-1.5"
                    />
                    <path
                      d="m6.5 0c.8 0 1.5.7 1.5 1.5s-.7 1.5-1.5 1.5c-.6 0-1.1-.5-1.5-1.5.4-1 .9-1.5 1.5-1.5"
                    />
                  </g>
                </svg>
              </span>
            </span>
          </span>
        </div>
      </div>
    </div>
  </div>
</div>
`;

exports[`TimeseriesRow matches snapshot when config is passed 1`] = `
<div>
  <div
    class="StyledProps--font StyledProps--main timeseriesRow"
  >
    <div
      class="StyledProps--font StyledProps--main labels"
    >
      <div
        class="metricLablesContainer"
      >
        <p
          class="StyledProps--font Text--lineclamp StyledProps--main StyledProps--color StyledProps--color-black StyledProps--font-size-small"
          style="--text-line-clamp: 1;"
        >
          transaction1
        </p>
        <p
          class="StyledProps--font Text--lineclamp StyledProps--main StyledProps--font-size-small"
          style="--text-line-clamp: 1;"
        >
          metric1
        </p>
      </div>
      <div
        class="StyledProps--font StyledProps--main icons"
      />
    </div>
    <div
      class="StyledProps--font StyledProps--main charts"
    >
      <p
        class="StyledProps--font StyledProps--main"
      >
        node1
      </p>
      <div
        class="StyledProps--font StyledProps--main chartRow"
      >
        <div
          class="chartContainer"
        >
          <div />
        </div>
        <div
          class="StyledProps--font StyledProps--main StyledProps--padding-right-xsmall"
        >
          <span
            class="bp3-popover-wrapper"
          >
            <span
              class="bp3-popover-target"
            >
              <span
                class="bp3-icon StyledProps--main verticalMoreIcon StyledProps--color StyledProps--color-grey350"
                data-icon="main-more"
              >
                <svg
                  enable-background="new 0 0 13 3"
                  height="16"
                  viewBox="0 0 13 3"
                  width="16"
                  xmlns="http://www.w3.org/2000/svg"
                >
                  <g
                    fill="#4d5969"
                  >
                    <path
                      d="m1.5 0c.8 0 1.5.7 1.5 1.5s-.7 1.5-1.5 1.5-1.5-.7-1.5-1.5.7-1.5 1.5-1.5"
                    />
                    <path
                      d="m11.5 0c.8 0 1.5.7 1.5 1.5s-.7 1.5-1.5 1.5-1.5-.7-1.5-1.5.7-1.5 1.5-1.5"
                    />
                    <path
                      d="m6.5 0c.8 0 1.5.7 1.5 1.5s-.7 1.5-1.5 1.5c-.6 0-1.1-.5-1.5-1.5.4-1 .9-1.5 1.5-1.5"
                    />
                  </g>
                </svg>
              </span>
            </span>
          </span>
        </div>
      </div>
    </div>
  </div>
</div>
`;
