// Jest Snapshot v1, https://goo.gl/fbAQLP

exports[`Cumulative Analytics tests render component 1`] = `
<div>
  <div
    class="StyledProps--font StyledProps--main StyledProps--padding-small"
  >
    <div>
      <p
        class="StyledProps--font StyledProps--main summaryHeading"
        data-tooltip-id="summaryOfRulesHeader"
      >
        ce.co.summarySection.sectionHeader
      </p>
      <div
        class="Layout--horizontal Layout--layout-spacing-xxlarge StyledProps--main analyticsContainer StyledProps--background-white"
      >
        <div
          class="Layout--vertical Layout--layout-spacing-large StyledProps--main"
          style="text-align: center; flex: 3;"
        >
          <p
            class="StyledProps--font StyledProps--main analyticsColHeader"
          >
            ce.co.summarySection.graphHeader
          </p>
          <div />
        </div>
        <div
          class="Layout--vertical StyledProps--main"
          style="flex: 1;"
        >
          <div
            class="Layout--vertical Layout--layout-spacing-xsmall StyledProps--main"
          >
            <p
              class="StyledProps--font StyledProps--main analyticsColHeader"
            >
              ce.co.summarySection.savingsPercentage
            </p>
            <h1
              class="StyledProps--font StyledProps--font-h1 StyledProps--main"
              level="1"
            >
              100
              %
            </h1>
            <div
              class="Layout--horizontal StyledProps--main"
            >
              <div />
            </div>
          </div>
          <p
            class="StyledProps--font StyledProps--main analyticsColHeader"
          >
            ce.co.activeModeLabel
          </p>
          <div
            class="Layout--horizontal Layout--layout-spacing-small StyledProps--main"
          >
            <h1
              class="StyledProps--font StyledProps--font-h1 StyledProps--main"
              level="1"
            >
              0
            </h1>
            <p
              class="StyledProps--font StyledProps--main"
              style="align-self: center;"
            >
              Rules
            </p>
          </div>
        </div>
        <div
          class="Layout--vertical Layout--layout-spacing-small StyledProps--main"
          style="flex: 1;"
        >
          <div
            class="totalSavingsInfoCard"
          >
            <div
              class="Layout--vertical Layout--layout-spacing-small StyledProps--main"
            >
              <p
                class="StyledProps--font StyledProps--main StyledProps--font-variation-h6 StyledProps--color StyledProps--color-grey700"
              >
                ce.co.summarySection.totalSavings
              </p>
              <p
                class="StyledProps--font StyledProps--main StyledProps--font-variation-h2 StyledProps--color StyledProps--color-grey700"
              >
                $
                21
              </p>
            </div>
          </div>
          <div
            class="totalSpendInfoCard"
          >
            <div
              class="Layout--vertical Layout--layout-spacing-small StyledProps--main"
            >
              <p
                class="StyledProps--font StyledProps--main StyledProps--font-variation-h6 StyledProps--color StyledProps--color-grey500"
              >
                ce.co.summarySection.totalSpend
              </p>
              <p
                class="StyledProps--font StyledProps--main StyledProps--font-variation-h3 StyledProps--color StyledProps--color-grey500"
              >
                $
                0
              </p>
            </div>
          </div>
        </div>
      </div>
    </div>
  </div>
</div>
`;
