// Jest Snapshot v1, https://goo.gl/fbAQLP

exports[`Unit tests for ExecutionVerificationView unit tests Ensure correct tabs are rendered via queryParams 1`] = `
<div>
  <div
    class="StyledProps--font StyledProps--main main"
  >
    <div
      class="bp3-tabs Tabs--main Tabs--horizontal"
    >
      <div
        class="bp3-tab-list"
        role="tablist"
      >
        <div
          class="bp3-tab-indicator-wrapper"
          style="height: 0px; transform: translateX(0px) translateY(0px); width: 0px;"
        >
          <div
            class="bp3-tab-indicator"
          />
        </div>
        <div
          aria-controls="bp3-tab-panel_AnalysisTypeTabs_pipeline.verification.analysisTab.metrics"
          aria-disabled="false"
          aria-expanded="false"
          aria-selected="false"
          class="bp3-tab"
          data-tab-id="pipeline.verification.analysisTab.metrics"
          id="bp3-tab-title_AnalysisTypeTabs_pipeline.verification.analysisTab.metrics"
          role="tab"
          tabindex="0"
        >
          pipeline.verification.analysisTab.metrics
        </div>
        <div
          aria-controls="bp3-tab-panel_AnalysisTypeTabs_pipeline.verification.analysisTab.logs"
          aria-disabled="false"
          aria-expanded="true"
          aria-selected="true"
          class="bp3-tab"
          data-tab-id="pipeline.verification.analysisTab.logs"
          id="bp3-tab-title_AnalysisTypeTabs_pipeline.verification.analysisTab.logs"
          role="tab"
          tabindex="0"
        >
          pipeline.verification.analysisTab.logs
        </div>
        <span
          style="flex-grow: 1;"
        />
        <div
          class="Layout--horizontal StyledProps--main"
        >
          <button
            class="bp3-button Button--button StyledProps--font StyledProps--main Button--withLeftIcon Button--variation Button--variation-link"
            type="button"
          >
            <span
              class="bp3-icon StyledProps--main StyledProps--padding-right-xsmall StyledProps--color StyledProps--color-black"
              data-icon="api-docs"
            >
              <svg
                fill="currentColor"
                height="20"
                viewBox="0 0 24 24"
                width="20"
                xmlns="http://www.w3.org/2000/svg"
              >
                <path
                  clip-rule="evenodd"
                  d="M4.5 3.415a.5.5 0 01.5-.5h11a.5.5 0 01.4.2l3 4a.5.5 0 01.1.3v14a.5.5 0 01-.5.5h-2.13a.5.5 0 010-1h1.63V7.58l-2.75-3.666H5.5v10.532a.5.5 0 01-1 0V3.415z"
                  fill="#fff"
                  fill-rule="evenodd"
                />
                <path
                  clip-rule="evenodd"
                  d="M8.5 9.915a.5.5 0 01.5-.5h6a.5.5 0 010 1H9a.5.5 0 01-.5-.5zm0 3a.5.5 0 01.5-.5h6a.5.5 0 010 1H9a.5.5 0 01-.5-.5z"
                  fill="#fff"
                  fill-rule="evenodd"
                  opacity="0.5"
                />
                <path
                  d="M5.006 21.587h-1.15l1.493-4.424h1.423l1.493 4.424h-1.15l-1.038-3.31h-.035l-1.036 3.31zm-.154-1.741h2.402v.812H4.852v-.813zM9.07 21.587v-4.424h1.827c.331 0 .617.064.858.194.242.128.428.308.56.538.13.229.196.495.196.8 0 .305-.067.572-.201.8a1.347 1.347 0 01-.568.53 1.913 1.913 0 01-.877.188H9.737v-.843h.93a.87.87 0 00.403-.084.578.578 0 00.248-.235.728.728 0 00.085-.357.708.708 0 00-.085-.354.566.566 0 00-.248-.233.896.896 0 00-.404-.082h-.527v3.562h-1.07zM14.435 17.163v4.424h-1.069v-4.424h1.07z"
                  fill="#fff"
                />
              </svg>
            </span>
            <span
              class="bp3-button-text"
            >
              cv.externalAPICalls
            </span>
          </button>
          <button
            class="bp3-button Button--button StyledProps--font StyledProps--main Button--withLeftIcon Button--variation Button--variation-link"
            type="button"
          >
            <span
              class="bp3-icon StyledProps--main StyledProps--padding-right-xsmall"
              data-icon="audit-trail"
            >
              <svg
                fill="none"
                height="20"
                viewBox="0 0 68 68"
                width="20"
                xmlns="http://www.w3.org/2000/svg"
              >
                <path
                  d="M14.1667 8.5H45.3334L53.8334 19.8333V59.5H14.1667V8.5Z"
                  stroke="#383946"
                  stroke-linecap="round"
                  stroke-linejoin="round"
                  stroke-width="2.83333"
                />
                <g
                  opacity="0.3"
                >
                  <mask
                    fill="white"
                    id="path-2-inside-1_1224_7175"
                  >
                    <path
                      clip-rule="evenodd"
                      d="M25.5 25.5C24.7176 25.5 24.0833 26.1343 24.0833 26.9167C24.0833 27.6991 24.7176 28.3333 25.5 28.3333H42.5C43.2824 28.3333 43.9166 27.6991 43.9166 26.9167C43.9166 26.1343 43.2824 25.5 42.5 25.5H25.5ZM24.0833 35.4167C24.0833 34.6343 24.7176 34 25.5 34H42.5C43.2824 34 43.9166 34.6343 43.9166 35.4167C43.9166 36.1991 43.2824 36.8333 42.5 36.8333H25.5C24.7176 36.8333 24.0833 36.1991 24.0833 35.4167ZM24.0833 43.9167C24.0833 43.1343 24.7176 42.5 25.5 42.5H42.5C43.2824 42.5 43.9166 43.1343 43.9166 43.9167C43.9166 44.6991 43.2824 45.3333 42.5 45.3333H25.5C24.7176 45.3333 24.0833 44.6991 24.0833 43.9167Z"
                      fill-rule="evenodd"
                    />
                  </mask>
                  <path
                    d="M26.9166 26.9167C26.9166 27.6991 26.2824 28.3333 25.5 28.3333V22.6667C23.1528 22.6667 21.25 24.5695 21.25 26.9167H26.9166ZM25.5 25.5C26.2824 25.5 26.9166 26.1343 26.9166 26.9167H21.25C21.25 29.2639 23.1528 31.1667 25.5 31.1667V25.5ZM42.5 25.5H25.5V31.1667H42.5V25.5ZM41.0833 26.9167C41.0833 26.1343 41.7176 25.5 42.5 25.5V31.1667C44.8472 31.1667 46.75 29.2639 46.75 26.9167H41.0833ZM42.5 28.3333C41.7176 28.3333 41.0833 27.6991 41.0833 26.9167H46.75C46.75 24.5695 44.8472 22.6667 42.5 22.6667V28.3333ZM25.5 28.3333H42.5V22.6667H25.5V28.3333ZM25.5 31.1667C23.1528 31.1667 21.25 33.0695 21.25 35.4167H26.9166C26.9166 36.1991 26.2824 36.8333 25.5 36.8333V31.1667ZM42.5 31.1667H25.5V36.8333H42.5V31.1667ZM46.75 35.4167C46.75 33.0695 44.8472 31.1667 42.5 31.1667V36.8333C41.7176 36.8333 41.0833 36.1991 41.0833 35.4167H46.75ZM42.5 39.6667C44.8472 39.6667 46.75 37.7639 46.75 35.4167H41.0833C41.0833 34.6343 41.7176 34 42.5 34V39.6667ZM25.5 39.6667H42.5V34H25.5V39.6667ZM21.25 35.4167C21.25 37.7639 23.1528 39.6667 25.5 39.6667V34C26.2824 34 26.9166 34.6343 26.9166 35.4167H21.25ZM25.5 39.6667C23.1528 39.6667 21.25 41.5695 21.25 43.9167H26.9166C26.9166 44.6991 26.2824 45.3333 25.5 45.3333V39.6667ZM42.5 39.6667H25.5V45.3333H42.5V39.6667ZM46.75 43.9167C46.75 41.5695 44.8472 39.6667 42.5 39.6667V45.3333C41.7176 45.3333 41.0833 44.6991 41.0833 43.9167H46.75ZM42.5 48.1667C44.8472 48.1667 46.75 46.2639 46.75 43.9167H41.0833C41.0833 43.1343 41.7176 42.5 42.5 42.5V48.1667ZM25.5 48.1667H42.5V42.5H25.5V48.1667ZM21.25 43.9167C21.25 46.2639 23.1528 48.1667 25.5 48.1667V42.5C26.2824 42.5 26.9166 43.1343 26.9166 43.9167H21.25Z"
                    fill="currentColor"
                    mask="url(#path-2-inside-1_1224_7175)"
                  />
                </g>
              </svg>
            </span>
            <span
              class="bp3-button-text"
            >
              cv.executionLogs
            </span>
          </button>
        </div>
      </div>
      <div
        aria-hidden="false"
        aria-labelledby="bp3-tab-title_AnalysisTypeTabs_pipeline.verification.analysisTab.logs"
        class="bp3-tab-panel"
        id="bp3-tab-panel_AnalysisTypeTabs_pipeline.verification.analysisTab.logs"
        role="tabpanel"
      >
        <div
          class="LogAnalysisContainer"
        />
      </div>
    </div>
  </div>
</div>
`;

exports[`Unit tests for ExecutionVerificationView unit tests Ensure correct tabs are rendered via queryParams 2`] = `
<div>
  <div
    class="StyledProps--font StyledProps--main main"
  >
    <div
      class="bp3-tabs Tabs--main Tabs--horizontal"
    >
      <div
        class="bp3-tab-list"
        role="tablist"
      >
        <div
          class="bp3-tab-indicator-wrapper"
          style="height: 0px; transform: translateX(0px) translateY(0px); width: 0px;"
        >
          <div
            class="bp3-tab-indicator"
          />
        </div>
        <div
          aria-controls="bp3-tab-panel_AnalysisTypeTabs_pipeline.verification.analysisTab.metrics"
          aria-disabled="false"
          aria-expanded="true"
          aria-selected="true"
          class="bp3-tab"
          data-tab-id="pipeline.verification.analysisTab.metrics"
          id="bp3-tab-title_AnalysisTypeTabs_pipeline.verification.analysisTab.metrics"
          role="tab"
          tabindex="0"
        >
          pipeline.verification.analysisTab.metrics
        </div>
        <div
          aria-controls="bp3-tab-panel_AnalysisTypeTabs_pipeline.verification.analysisTab.logs"
          aria-disabled="false"
          aria-expanded="false"
          aria-selected="false"
          class="bp3-tab"
          data-tab-id="pipeline.verification.analysisTab.logs"
          id="bp3-tab-title_AnalysisTypeTabs_pipeline.verification.analysisTab.logs"
          role="tab"
          tabindex="0"
        >
          pipeline.verification.analysisTab.logs
        </div>
        <span
          style="flex-grow: 1;"
        />
        <div
          class="Layout--horizontal StyledProps--main"
        >
          <button
            class="bp3-button Button--button StyledProps--font StyledProps--main Button--withLeftIcon Button--variation Button--variation-link"
            type="button"
          >
            <span
              class="bp3-icon StyledProps--main StyledProps--padding-right-xsmall StyledProps--color StyledProps--color-black"
              data-icon="api-docs"
            >
              <svg
                fill="currentColor"
                height="20"
                viewBox="0 0 24 24"
                width="20"
                xmlns="http://www.w3.org/2000/svg"
              >
                <path
                  clip-rule="evenodd"
                  d="M4.5 3.415a.5.5 0 01.5-.5h11a.5.5 0 01.4.2l3 4a.5.5 0 01.1.3v14a.5.5 0 01-.5.5h-2.13a.5.5 0 010-1h1.63V7.58l-2.75-3.666H5.5v10.532a.5.5 0 01-1 0V3.415z"
                  fill="#fff"
                  fill-rule="evenodd"
                />
                <path
                  clip-rule="evenodd"
                  d="M8.5 9.915a.5.5 0 01.5-.5h6a.5.5 0 010 1H9a.5.5 0 01-.5-.5zm0 3a.5.5 0 01.5-.5h6a.5.5 0 010 1H9a.5.5 0 01-.5-.5z"
                  fill="#fff"
                  fill-rule="evenodd"
                  opacity="0.5"
                />
                <path
                  d="M5.006 21.587h-1.15l1.493-4.424h1.423l1.493 4.424h-1.15l-1.038-3.31h-.035l-1.036 3.31zm-.154-1.741h2.402v.812H4.852v-.813zM9.07 21.587v-4.424h1.827c.331 0 .617.064.858.194.242.128.428.308.56.538.13.229.196.495.196.8 0 .305-.067.572-.201.8a1.347 1.347 0 01-.568.53 1.913 1.913 0 01-.877.188H9.737v-.843h.93a.87.87 0 00.403-.084.578.578 0 00.248-.235.728.728 0 00.085-.357.708.708 0 00-.085-.354.566.566 0 00-.248-.233.896.896 0 00-.404-.082h-.527v3.562h-1.07zM14.435 17.163v4.424h-1.069v-4.424h1.07z"
                  fill="#fff"
                />
              </svg>
            </span>
            <span
              class="bp3-button-text"
            >
              cv.externalAPICalls
            </span>
          </button>
          <button
            class="bp3-button Button--button StyledProps--font StyledProps--main Button--withLeftIcon Button--variation Button--variation-link"
            type="button"
          >
            <span
              class="bp3-icon StyledProps--main StyledProps--padding-right-xsmall"
              data-icon="audit-trail"
            >
              <svg
                fill="none"
                height="20"
                viewBox="0 0 68 68"
                width="20"
                xmlns="http://www.w3.org/2000/svg"
              >
                <path
                  d="M14.1667 8.5H45.3334L53.8334 19.8333V59.5H14.1667V8.5Z"
                  stroke="#383946"
                  stroke-linecap="round"
                  stroke-linejoin="round"
                  stroke-width="2.83333"
                />
                <g
                  opacity="0.3"
                >
                  <mask
                    fill="white"
                    id="path-2-inside-1_1224_7175"
                  >
                    <path
                      clip-rule="evenodd"
                      d="M25.5 25.5C24.7176 25.5 24.0833 26.1343 24.0833 26.9167C24.0833 27.6991 24.7176 28.3333 25.5 28.3333H42.5C43.2824 28.3333 43.9166 27.6991 43.9166 26.9167C43.9166 26.1343 43.2824 25.5 42.5 25.5H25.5ZM24.0833 35.4167C24.0833 34.6343 24.7176 34 25.5 34H42.5C43.2824 34 43.9166 34.6343 43.9166 35.4167C43.9166 36.1991 43.2824 36.8333 42.5 36.8333H25.5C24.7176 36.8333 24.0833 36.1991 24.0833 35.4167ZM24.0833 43.9167C24.0833 43.1343 24.7176 42.5 25.5 42.5H42.5C43.2824 42.5 43.9166 43.1343 43.9166 43.9167C43.9166 44.6991 43.2824 45.3333 42.5 45.3333H25.5C24.7176 45.3333 24.0833 44.6991 24.0833 43.9167Z"
                      fill-rule="evenodd"
                    />
                  </mask>
                  <path
                    d="M26.9166 26.9167C26.9166 27.6991 26.2824 28.3333 25.5 28.3333V22.6667C23.1528 22.6667 21.25 24.5695 21.25 26.9167H26.9166ZM25.5 25.5C26.2824 25.5 26.9166 26.1343 26.9166 26.9167H21.25C21.25 29.2639 23.1528 31.1667 25.5 31.1667V25.5ZM42.5 25.5H25.5V31.1667H42.5V25.5ZM41.0833 26.9167C41.0833 26.1343 41.7176 25.5 42.5 25.5V31.1667C44.8472 31.1667 46.75 29.2639 46.75 26.9167H41.0833ZM42.5 28.3333C41.7176 28.3333 41.0833 27.6991 41.0833 26.9167H46.75C46.75 24.5695 44.8472 22.6667 42.5 22.6667V28.3333ZM25.5 28.3333H42.5V22.6667H25.5V28.3333ZM25.5 31.1667C23.1528 31.1667 21.25 33.0695 21.25 35.4167H26.9166C26.9166 36.1991 26.2824 36.8333 25.5 36.8333V31.1667ZM42.5 31.1667H25.5V36.8333H42.5V31.1667ZM46.75 35.4167C46.75 33.0695 44.8472 31.1667 42.5 31.1667V36.8333C41.7176 36.8333 41.0833 36.1991 41.0833 35.4167H46.75ZM42.5 39.6667C44.8472 39.6667 46.75 37.7639 46.75 35.4167H41.0833C41.0833 34.6343 41.7176 34 42.5 34V39.6667ZM25.5 39.6667H42.5V34H25.5V39.6667ZM21.25 35.4167C21.25 37.7639 23.1528 39.6667 25.5 39.6667V34C26.2824 34 26.9166 34.6343 26.9166 35.4167H21.25ZM25.5 39.6667C23.1528 39.6667 21.25 41.5695 21.25 43.9167H26.9166C26.9166 44.6991 26.2824 45.3333 25.5 45.3333V39.6667ZM42.5 39.6667H25.5V45.3333H42.5V39.6667ZM46.75 43.9167C46.75 41.5695 44.8472 39.6667 42.5 39.6667V45.3333C41.7176 45.3333 41.0833 44.6991 41.0833 43.9167H46.75ZM42.5 48.1667C44.8472 48.1667 46.75 46.2639 46.75 43.9167H41.0833C41.0833 43.1343 41.7176 42.5 42.5 42.5V48.1667ZM25.5 48.1667H42.5V42.5H25.5V48.1667ZM21.25 43.9167C21.25 46.2639 23.1528 48.1667 25.5 48.1667V42.5C26.2824 42.5 26.9166 43.1343 26.9166 43.9167H21.25Z"
                    fill="currentColor"
                    mask="url(#path-2-inside-1_1224_7175)"
                  />
                </g>
              </svg>
            </span>
            <span
              class="bp3-button-text"
            >
              cv.executionLogs
            </span>
          </button>
        </div>
      </div>
      <div
        aria-hidden="false"
        aria-labelledby="bp3-tab-title_AnalysisTypeTabs_pipeline.verification.analysisTab.metrics"
        class="bp3-tab-panel mainTabPanel"
        id="bp3-tab-panel_AnalysisTypeTabs_pipeline.verification.analysisTab.metrics"
        role="tabpanel"
      >
        <div
          class="Layout--horizontal StyledProps--main"
          style="height: 100%;"
        >
          <div
            class="summary"
          />
          <div
            class="deploymentMetrics"
          />
        </div>
      </div>
    </div>
  </div>
</div>
`;

exports[`Unit tests for ExecutionVerificationView unit tests Ensure no analysis state is rendered when activity id does not exist 1`] = `
<div>
  <div
    class="StyledProps--font StyledProps--main main"
  >
    <div
      class="StyledProps--font StyledProps--main noAnalysis"
    >
      <div
        class="StyledProps--font StyledProps--main NoDataCard--noDataCard StyledProps--flex StyledProps--flex-align-center-center"
      >
        <div
          class="Layout--vertical Layout--layout-spacing-medium StyledProps--main"
          style="align-items: center; margin-top: -48px; width: 470px;"
        >
          <span
            class="bp3-icon bp3-icon-warning-sign StyledProps--main StyledProps--color StyledProps--color-grey600"
            icon="warning-sign"
          >
            <svg
              data-icon="warning-sign"
              height="48"
              viewBox="0 0 20 20"
              width="48"
            >
              <desc>
                warning-sign
              </desc>
              <path
                d="M19.86 17.52l.01-.01-9-16-.01.01C10.69 1.21 10.37 1 10 1s-.69.21-.86.52l-.01-.01-9 16 .01.01c-.08.14-.14.3-.14.48 0 .55.45 1 1 1h18c.55 0 1-.45 1-1 0-.18-.06-.34-.14-.48zM11 17H9v-2h2v2zm0-3H9V6h2v8z"
                fill-rule="evenodd"
              />
            </svg>
          </span>
          <p
            class="StyledProps--font StyledProps--main NoDataCard--message StyledProps--font-align-center StyledProps--color StyledProps--color-grey600"
          >
            pipeline.verification.logs.noAnalysis
          </p>
          <div
            class="NoDataCard--buttonContainer"
          />
        </div>
      </div>
    </div>
  </div>
</div>
`;

exports[`Unit tests for ExecutionVerificationView unit tests Ensure tabs are rendered 1`] = `
<div>
  <div
    class="StyledProps--font StyledProps--main main"
  >
    <div
      class="bp3-tabs Tabs--main Tabs--horizontal"
    >
      <div
        class="bp3-tab-list"
        role="tablist"
      >
        <div
          class="bp3-tab-indicator-wrapper"
          style="height: 0px; transform: translateX(0px) translateY(0px); width: 0px;"
        >
          <div
            class="bp3-tab-indicator"
          />
        </div>
        <div
          aria-controls="bp3-tab-panel_AnalysisTypeTabs_pipeline.verification.analysisTab.metrics"
          aria-disabled="false"
          aria-expanded="true"
          aria-selected="true"
          class="bp3-tab"
          data-tab-id="pipeline.verification.analysisTab.metrics"
          id="bp3-tab-title_AnalysisTypeTabs_pipeline.verification.analysisTab.metrics"
          role="tab"
          tabindex="0"
        >
          pipeline.verification.analysisTab.metrics
        </div>
        <div
          aria-controls="bp3-tab-panel_AnalysisTypeTabs_pipeline.verification.analysisTab.logs"
          aria-disabled="false"
          aria-expanded="false"
          aria-selected="false"
          class="bp3-tab"
          data-tab-id="pipeline.verification.analysisTab.logs"
          id="bp3-tab-title_AnalysisTypeTabs_pipeline.verification.analysisTab.logs"
          role="tab"
          tabindex="0"
        >
          pipeline.verification.analysisTab.logs
        </div>
        <span
          style="flex-grow: 1;"
        />
        <div
          class="Layout--horizontal StyledProps--main"
        >
          <button
            class="bp3-button Button--button StyledProps--font StyledProps--main Button--withLeftIcon Button--variation Button--variation-link"
            type="button"
          >
            <span
              class="bp3-icon StyledProps--main StyledProps--padding-right-xsmall StyledProps--color StyledProps--color-black"
              data-icon="api-docs"
            >
              <svg
                fill="currentColor"
                height="20"
                viewBox="0 0 24 24"
                width="20"
                xmlns="http://www.w3.org/2000/svg"
              >
                <path
                  clip-rule="evenodd"
                  d="M4.5 3.415a.5.5 0 01.5-.5h11a.5.5 0 01.4.2l3 4a.5.5 0 01.1.3v14a.5.5 0 01-.5.5h-2.13a.5.5 0 010-1h1.63V7.58l-2.75-3.666H5.5v10.532a.5.5 0 01-1 0V3.415z"
                  fill="#fff"
                  fill-rule="evenodd"
                />
                <path
                  clip-rule="evenodd"
                  d="M8.5 9.915a.5.5 0 01.5-.5h6a.5.5 0 010 1H9a.5.5 0 01-.5-.5zm0 3a.5.5 0 01.5-.5h6a.5.5 0 010 1H9a.5.5 0 01-.5-.5z"
                  fill="#fff"
                  fill-rule="evenodd"
                  opacity="0.5"
                />
                <path
                  d="M5.006 21.587h-1.15l1.493-4.424h1.423l1.493 4.424h-1.15l-1.038-3.31h-.035l-1.036 3.31zm-.154-1.741h2.402v.812H4.852v-.813zM9.07 21.587v-4.424h1.827c.331 0 .617.064.858.194.242.128.428.308.56.538.13.229.196.495.196.8 0 .305-.067.572-.201.8a1.347 1.347 0 01-.568.53 1.913 1.913 0 01-.877.188H9.737v-.843h.93a.87.87 0 00.403-.084.578.578 0 00.248-.235.728.728 0 00.085-.357.708.708 0 00-.085-.354.566.566 0 00-.248-.233.896.896 0 00-.404-.082h-.527v3.562h-1.07zM14.435 17.163v4.424h-1.069v-4.424h1.07z"
                  fill="#fff"
                />
              </svg>
            </span>
            <span
              class="bp3-button-text"
            >
              cv.externalAPICalls
            </span>
          </button>
          <button
            class="bp3-button Button--button StyledProps--font StyledProps--main Button--withLeftIcon Button--variation Button--variation-link"
            type="button"
          >
            <span
              class="bp3-icon StyledProps--main StyledProps--padding-right-xsmall"
              data-icon="audit-trail"
            >
              <svg
                fill="none"
                height="20"
                viewBox="0 0 68 68"
                width="20"
                xmlns="http://www.w3.org/2000/svg"
              >
                <path
                  d="M14.1667 8.5H45.3334L53.8334 19.8333V59.5H14.1667V8.5Z"
                  stroke="#383946"
                  stroke-linecap="round"
                  stroke-linejoin="round"
                  stroke-width="2.83333"
                />
                <g
                  opacity="0.3"
                >
                  <mask
                    fill="white"
                    id="path-2-inside-1_1224_7175"
                  >
                    <path
                      clip-rule="evenodd"
                      d="M25.5 25.5C24.7176 25.5 24.0833 26.1343 24.0833 26.9167C24.0833 27.6991 24.7176 28.3333 25.5 28.3333H42.5C43.2824 28.3333 43.9166 27.6991 43.9166 26.9167C43.9166 26.1343 43.2824 25.5 42.5 25.5H25.5ZM24.0833 35.4167C24.0833 34.6343 24.7176 34 25.5 34H42.5C43.2824 34 43.9166 34.6343 43.9166 35.4167C43.9166 36.1991 43.2824 36.8333 42.5 36.8333H25.5C24.7176 36.8333 24.0833 36.1991 24.0833 35.4167ZM24.0833 43.9167C24.0833 43.1343 24.7176 42.5 25.5 42.5H42.5C43.2824 42.5 43.9166 43.1343 43.9166 43.9167C43.9166 44.6991 43.2824 45.3333 42.5 45.3333H25.5C24.7176 45.3333 24.0833 44.6991 24.0833 43.9167Z"
                      fill-rule="evenodd"
                    />
                  </mask>
                  <path
                    d="M26.9166 26.9167C26.9166 27.6991 26.2824 28.3333 25.5 28.3333V22.6667C23.1528 22.6667 21.25 24.5695 21.25 26.9167H26.9166ZM25.5 25.5C26.2824 25.5 26.9166 26.1343 26.9166 26.9167H21.25C21.25 29.2639 23.1528 31.1667 25.5 31.1667V25.5ZM42.5 25.5H25.5V31.1667H42.5V25.5ZM41.0833 26.9167C41.0833 26.1343 41.7176 25.5 42.5 25.5V31.1667C44.8472 31.1667 46.75 29.2639 46.75 26.9167H41.0833ZM42.5 28.3333C41.7176 28.3333 41.0833 27.6991 41.0833 26.9167H46.75C46.75 24.5695 44.8472 22.6667 42.5 22.6667V28.3333ZM25.5 28.3333H42.5V22.6667H25.5V28.3333ZM25.5 31.1667C23.1528 31.1667 21.25 33.0695 21.25 35.4167H26.9166C26.9166 36.1991 26.2824 36.8333 25.5 36.8333V31.1667ZM42.5 31.1667H25.5V36.8333H42.5V31.1667ZM46.75 35.4167C46.75 33.0695 44.8472 31.1667 42.5 31.1667V36.8333C41.7176 36.8333 41.0833 36.1991 41.0833 35.4167H46.75ZM42.5 39.6667C44.8472 39.6667 46.75 37.7639 46.75 35.4167H41.0833C41.0833 34.6343 41.7176 34 42.5 34V39.6667ZM25.5 39.6667H42.5V34H25.5V39.6667ZM21.25 35.4167C21.25 37.7639 23.1528 39.6667 25.5 39.6667V34C26.2824 34 26.9166 34.6343 26.9166 35.4167H21.25ZM25.5 39.6667C23.1528 39.6667 21.25 41.5695 21.25 43.9167H26.9166C26.9166 44.6991 26.2824 45.3333 25.5 45.3333V39.6667ZM42.5 39.6667H25.5V45.3333H42.5V39.6667ZM46.75 43.9167C46.75 41.5695 44.8472 39.6667 42.5 39.6667V45.3333C41.7176 45.3333 41.0833 44.6991 41.0833 43.9167H46.75ZM42.5 48.1667C44.8472 48.1667 46.75 46.2639 46.75 43.9167H41.0833C41.0833 43.1343 41.7176 42.5 42.5 42.5V48.1667ZM25.5 48.1667H42.5V42.5H25.5V48.1667ZM21.25 43.9167C21.25 46.2639 23.1528 48.1667 25.5 48.1667V42.5C26.2824 42.5 26.9166 43.1343 26.9166 43.9167H21.25Z"
                    fill="currentColor"
                    mask="url(#path-2-inside-1_1224_7175)"
                  />
                </g>
              </svg>
            </span>
            <span
              class="bp3-button-text"
            >
              cv.executionLogs
            </span>
          </button>
        </div>
      </div>
      <div
        aria-hidden="false"
        aria-labelledby="bp3-tab-title_AnalysisTypeTabs_pipeline.verification.analysisTab.metrics"
        class="bp3-tab-panel mainTabPanel"
        id="bp3-tab-panel_AnalysisTypeTabs_pipeline.verification.analysisTab.metrics"
        role="tabpanel"
      >
        <div
          class="Layout--horizontal StyledProps--main"
          style="height: 100%;"
        >
          <div
            class="summary"
          />
          <div
            class="deploymentMetrics"
          />
        </div>
      </div>
    </div>
  </div>
</div>
`;
