// Jest Snapshot v1, https://goo.gl/fbAQLP

exports[`Test case for anomalies new alert creation Anomalies alert dialog should open 1`] = `<div />`;
